Archive member included to satisfy reference by file (symbol)

C:\arm-gnu-toolchain-12.2.rel1-mingw-w64-i686-arm-none-eabi\lib\gcc\arm-none-eabi\12.2.1\thumb\v6-m\nofp\libnosys.a(errno.o)
                              newlib_stubs.o (errno)
C:\arm-gnu-toolchain-12.2.rel1-mingw-w64-i686-arm-none-eabi\lib\gcc\arm-none-eabi\12.2.1\thumb\v6-m\nofp\libgcc.a(_divsi3.o)
                              serial.o (__aeabi_idiv)
C:\arm-gnu-toolchain-12.2.rel1-mingw-w64-i686-arm-none-eabi\lib\gcc\arm-none-eabi\12.2.1\thumb\v6-m\nofp\libgcc.a(_dvmd_tls.o)
                              C:\arm-gnu-toolchain-12.2.rel1-mingw-w64-i686-arm-none-eabi\lib\gcc\arm-none-eabi\12.2.1\thumb\v6-m\nofp\libgcc.a(_divsi3.o) (__aeabi_idiv0)
C:\arm-gnu-toolchain-12.2.rel1-mingw-w64-i686-arm-none-eabi\lib\gcc\arm-none-eabi\12.2.1\thumb\v6-m\nofp\libgcc.a(divdf3.o)
                              main.o (__aeabi_ddiv)
C:\arm-gnu-toolchain-12.2.rel1-mingw-w64-i686-arm-none-eabi\lib\gcc\arm-none-eabi\12.2.1\thumb\v6-m\nofp\libgcc.a(muldf3.o)
                              main.o (__aeabi_dmul)
C:\arm-gnu-toolchain-12.2.rel1-mingw-w64-i686-arm-none-eabi\lib\gcc\arm-none-eabi\12.2.1\thumb\v6-m\nofp\libgcc.a(floatsidf.o)
                              main.o (__aeabi_i2d)
C:\arm-gnu-toolchain-12.2.rel1-mingw-w64-i686-arm-none-eabi\lib\gcc\arm-none-eabi\12.2.1\thumb\v6-m\nofp\libgcc.a(extendsfdf2.o)
                              main.o (__aeabi_f2d)
C:\arm-gnu-toolchain-12.2.rel1-mingw-w64-i686-arm-none-eabi\lib\gcc\arm-none-eabi\12.2.1\thumb\v6-m\nofp\libgcc.a(truncdfsf2.o)
                              main.o (__aeabi_d2f)
C:\arm-gnu-toolchain-12.2.rel1-mingw-w64-i686-arm-none-eabi\lib\gcc\arm-none-eabi\12.2.1\thumb\v6-m\nofp\libgcc.a(_udivsi3.o)
                              C:\arm-gnu-toolchain-12.2.rel1-mingw-w64-i686-arm-none-eabi\lib\gcc\arm-none-eabi\12.2.1\thumb\v6-m\nofp\libgcc.a(divdf3.o) (__aeabi_uidivmod)
C:\arm-gnu-toolchain-12.2.rel1-mingw-w64-i686-arm-none-eabi\lib\gcc\arm-none-eabi\12.2.1\thumb\v6-m\nofp\libgcc.a(_clzsi2.o)
                              C:\arm-gnu-toolchain-12.2.rel1-mingw-w64-i686-arm-none-eabi\lib\gcc\arm-none-eabi\12.2.1\thumb\v6-m\nofp\libgcc.a(divdf3.o) (__clzsi2)
C:\arm-gnu-toolchain-12.2.rel1-mingw-w64-i686-arm-none-eabi\lib\gcc\arm-none-eabi\12.2.1\thumb\v6-m\nofp\libc_nano.a(libc_a-nano-vfprintf_float.o)
                              (_printf_float)
C:\arm-gnu-toolchain-12.2.rel1-mingw-w64-i686-arm-none-eabi\lib\gcc\arm-none-eabi\12.2.1\thumb\v6-m\nofp\libc_nano.a(libc_a-nano-vfprintf_i.o)
                              C:\arm-gnu-toolchain-12.2.rel1-mingw-w64-i686-arm-none-eabi\lib\gcc\arm-none-eabi\12.2.1\thumb\v6-m\nofp\libc_nano.a(libc_a-nano-vfprintf_float.o) (_printf_common)
C:\arm-gnu-toolchain-12.2.rel1-mingw-w64-i686-arm-none-eabi\lib\gcc\arm-none-eabi\12.2.1\thumb\v6-m\nofp\libc_nano.a(libc_a-fflush.o)
                              main.o (fflush)
C:\arm-gnu-toolchain-12.2.rel1-mingw-w64-i686-arm-none-eabi\lib\gcc\arm-none-eabi\12.2.1\thumb\v6-m\nofp\libc_nano.a(libc_a-findfp.o)
                              C:\arm-gnu-toolchain-12.2.rel1-mingw-w64-i686-arm-none-eabi\lib\gcc\arm-none-eabi\12.2.1\thumb\v6-m\nofp\libc_nano.a(libc_a-fflush.o) (__sglue)
C:\arm-gnu-toolchain-12.2.rel1-mingw-w64-i686-arm-none-eabi\lib\gcc\arm-none-eabi\12.2.1\thumb\v6-m\nofp\libc_nano.a(libc_a-fwalk.o)
                              C:\arm-gnu-toolchain-12.2.rel1-mingw-w64-i686-arm-none-eabi\lib\gcc\arm-none-eabi\12.2.1\thumb\v6-m\nofp\libc_nano.a(libc_a-fflush.o) (_fwalk_sglue)
C:\arm-gnu-toolchain-12.2.rel1-mingw-w64-i686-arm-none-eabi\lib\gcc\arm-none-eabi\12.2.1\thumb\v6-m\nofp\libc_nano.a(libc_a-printf.o)
                              main.o (printf)
C:\arm-gnu-toolchain-12.2.rel1-mingw-w64-i686-arm-none-eabi\lib\gcc\arm-none-eabi\12.2.1\thumb\v6-m\nofp\libc_nano.a(libc_a-puts.o)
                              main.o (puts)
C:\arm-gnu-toolchain-12.2.rel1-mingw-w64-i686-arm-none-eabi\lib\gcc\arm-none-eabi\12.2.1\thumb\v6-m\nofp\libc_nano.a(libc_a-stdio.o)
                              C:\arm-gnu-toolchain-12.2.rel1-mingw-w64-i686-arm-none-eabi\lib\gcc\arm-none-eabi\12.2.1\thumb\v6-m\nofp\libc_nano.a(libc_a-findfp.o) (__sread)
C:\arm-gnu-toolchain-12.2.rel1-mingw-w64-i686-arm-none-eabi\lib\gcc\arm-none-eabi\12.2.1\thumb\v6-m\nofp\libc_nano.a(libc_a-wbuf.o)
                              C:\arm-gnu-toolchain-12.2.rel1-mingw-w64-i686-arm-none-eabi\lib\gcc\arm-none-eabi\12.2.1\thumb\v6-m\nofp\libc_nano.a(libc_a-puts.o) (__swbuf_r)
C:\arm-gnu-toolchain-12.2.rel1-mingw-w64-i686-arm-none-eabi\lib\gcc\arm-none-eabi\12.2.1\thumb\v6-m\nofp\libc_nano.a(libc_a-wsetup.o)
                              C:\arm-gnu-toolchain-12.2.rel1-mingw-w64-i686-arm-none-eabi\lib\gcc\arm-none-eabi\12.2.1\thumb\v6-m\nofp\libc_nano.a(libc_a-puts.o) (__swsetup_r)
C:\arm-gnu-toolchain-12.2.rel1-mingw-w64-i686-arm-none-eabi\lib\gcc\arm-none-eabi\12.2.1\thumb\v6-m\nofp\libc_nano.a(libc_a-memset.o)
[...]
Memory Configuration

Name             Origin             Length             Attributes
flash            0x08000000         0x00010000
ram              0x20000000         0x00002000
*default*        0x00000000         0xffffffff

Linker script and memory map

LOAD main.o
LOAD startup.o
LOAD serial.o
LOAD adc.o
LOAD newlib_stubs.o
LOAD C:\arm-gnu-toolchain-12.2.rel1-mingw-w64-i686-arm-none-eabi\lib\gcc\arm-none-eabi\12.2.1\thumb\v6-m\nofp\libnosys.a
LOAD C:\arm-gnu-toolchain-12.2.rel1-mingw-w64-i686-arm-none-eabi\lib\gcc\arm-none-eabi\12.2.1\thumb\v6-m\nofp\libgcc.a
START GROUP
LOAD C:\arm-gnu-toolchain-12.2.rel1-mingw-w64-i686-arm-none-eabi\lib\gcc\arm-none-eabi\12.2.1\thumb\v6-m\nofp\libgcc.a
LOAD C:\arm-gnu-toolchain-12.2.rel1-mingw-w64-i686-arm-none-eabi\lib\gcc\arm-none-eabi\12.2.1\thumb\v6-m\nofp\libc_nano.a
LOAD C:\arm-gnu-toolchain-12.2.rel1-mingw-w64-i686-arm-none-eabi\lib\gcc\arm-none-eabi\12.2.1\thumb\v6-m\nofp\libm.a
END GROUP

.text           0x08000000     0x69e8
 *(.vectors)
 .vectors       0x08000000       0xb8 startup.o
                0x08000000                Vectors
 *(.after_vectors*)
 .after_vectors
                0x080000b8       0x28 startup.o
                0x080000b8                ResetInit
 *(.text*)
 .text          0x080000e0      0x168 main.o
                0x080000e0                wait_1ms
                0x08000118                delayms
                0x0800013a                Configure_Pins
                0x0800018c                main
 .text          0x08000248      0x1a8 startup.o
                0x080002c0                initClock
                0x080003c8                EXTI2_3_Handler
                0x080003c8                TIM21_Handler
                0x080003c8                SysTick_Handler
                0x080003c8                I2C1_Handler
                0x080003c8                PendSV_Handler
                0x080003c8                NMI_Handler
                0x080003c8                WWDG_Handler
                0x080003c8                RTC_Handler
                0x080003c8                EXTI4_15_Handler
                0x080003c8                TIM2_Handler
                0x080003c8                DMA_CH4_5_6_7_Handler
                0x080003c8                Default_Handler
                0x080003c8                LPUART1_Handler
                0x080003c8                FLASH_Handler
                0x080003c8                EXTI0_1_Handler
                0x080003c8                DMA_CH1_Handler
                0x080003c8                SPI2_Handler
                0x080003c8                DMA_CH2_3_Handler
                0x080003c8                I2C2_Handler
                0x080003c8                SVC_Handler
                0x080003c8                LPTIM1_Handler
                0x080003c8                USART2_Handler
                0x080003c8                SPI1_Handler
                0x080003c8                RCC_Handler
                0x080003c8                PVD_Handler
                0x080003c8                TIM6_Handler
                0x080003c8                TIM22_Handler
                0x080003c8                ADC_COMP_Handler
                0x080003dc                Hard_Fault_Handler
 .text          0x080003f0      0x5b4 serial.o
                0x080003f0                ReadCom
                0x08000464                WriteCom
                0x08000504                initUART
                0x08000654                USART1_Handler
                0x08000680                usart_rx
                0x080006b0                usart_tx
                0x08000718                PutBuf
                0x0800077a                GetBuf
                0x080007d0                GetBufCount
                0x080007e4                eputs
                0x08000820                eputc
                0x0800083e                egetc
                0x08000858                egets
                0x080008e4                egetc_echo
                0x0800090a                egets_echo
 .text          0x080009a4      0x10c adc.o
                0x080009a4                initADC
                0x08000a44                readADC
 .text          0x08000ab0      0x29c newlib_stubs.o
                0x08000ab0                _exit
                0x08000aba                _close
                0x08000ace                _execve
                0x08000af0                _fork
                0x08000b08                _fstat
                0x08000b24                _getpid
                0x08000b30                _kill
                0x08000b50                _link
                0x08000b70                _lseek
                0x08000b86                _stat
                0x08000ba2                _times
                0x08000bb6                _unlink
                0x08000bd4                _wait
                0x08000bf4                _isatty
                0x08000c1c                _sbrk
                0x08000c80                _read
                0x08000cf8                _write
 .text          0x08000d4c        0x0 C:\arm-gnu-toolchain-12.2.rel1-mingw-w64-i686-arm-none-eabi\lib\gcc\arm-none-eabi\12.2.1\thumb\v6-m\nofp\libnosys.a(errno.o)
 .text          0x08000d4c      0x1d4 C:\arm-gnu-toolchain-12.2.rel1-mingw-w64-i686-arm-none-eabi\lib\gcc\arm-none-eabi\12.2.1\thumb\v6-m\nofp\libgcc.a(_divsi3.o)
                0x08000d4c                __divsi3
                0x08000d4c                __aeabi_idiv
                0x08000f18                __aeabi_idivmod
 .text          0x08000f20        0x4 C:\arm-gnu-toolchain-12.2.rel1-mingw-w64-i686-arm-none-eabi\lib\gcc\arm-none-eabi\12.2.1\thumb\v6-m\nofp\libgcc.a(_dvmd_tls.o)
                0x08000f20                __aeabi_idiv0
                0x08000f20                __aeabi_ldiv0
 .text          0x08000f24        0x0 C:\arm-gnu-toolchain-12.2.rel1-mingw-w64-i686-arm-none-eabi\lib\gcc\arm-none-eabi\12.2.1\thumb\v6-m\nofp\libgcc.a(divdf3.o)
 .text.__aeabi_ddiv
                0x08000f24      0x638 C:\arm-gnu-toolchain-12.2.rel1-mingw-w64-i686-arm-none-eabi\lib\gcc\arm-none-eabi\12.2.1\thumb\v6-m\nofp\libgcc.a(divdf3.o)
                0x08000f24                __aeabi_ddiv
 .text          0x0800155c        0x0 C:\arm-gnu-toolchain-12.2.rel1-mingw-w64-i686-arm-none-eabi\lib\gcc\arm-none-eabi\12.2.1\thumb\v6-m\nofp\libgcc.a(muldf3.o)
 .text.__aeabi_dmul
                0x0800155c      0x588 C:\arm-gnu-toolchain-12.2.rel1-mingw-w64-i686-arm-none-eabi\lib\gcc\arm-none-eabi\12.2.1\thumb\v6-m\nofp\libgcc.a(muldf3.o)
                0x0800155c                __aeabi_dmul
 .text          0x08001ae4        0x0 C:\arm-gnu-toolchain-12.2.rel1-mingw-w64-i686-arm-none-eabi\lib\gcc\arm-none-eabi\12.2.1\thumb\v6-m\nofp\libgcc.a(floatsidf.o)
 .text.__aeabi_i2d
                0x08001ae4       0x60 C:\arm-gnu-toolchain-12.2.rel1-mingw-w64-i686-arm-none-eabi\lib\gcc\arm-none-eabi\12.2.1\thumb\v6-m\nofp\libgcc.a(floatsidf.o)
                0x08001ae4                __aeabi_i2d
 .text          0x08001b44        0x0 C:\arm-gnu-toolchain-12.2.rel1-mingw-w64-i686-arm-none-eabi\lib\gcc\arm-none-eabi\12.2.1\thumb\v6-m\nofp\libgcc.a(extendsfdf2.o)
 .text.__aeabi_f2d
                0x08001b44       0x90 C:\arm-gnu-toolchain-12.2.rel1-mingw-w64-i686-arm-none-eabi\lib\gcc\arm-none-eabi\12.2.1\thumb\v6-m\nofp\libgcc.a(extendsfdf2.o)
                0x08001b44                __aeabi_f2d
 .text          0x08001bd4        0x0 C:\arm-gnu-toolchain-12.2.rel1-mingw-w64-i686-arm-none-eabi\lib\gcc\arm-none-eabi\12.2.1\thumb\v6-m\nofp\libgcc.a(truncdfsf2.o)
 .text.__aeabi_d2f
                0x08001bd4      0x118 C:\arm-gnu-toolchain-12.2.rel1-mingw-w64-i686-arm-none-eabi\lib\gcc\arm-none-eabi\12.2.1\thumb\v6-m\nofp\libgcc.a(truncdfsf2.o)
                0x08001bd4                __aeabi_d2f
 .text          0x08001cec      0x114 C:\arm-gnu-toolchain-12.2.rel1-mingw-w64-i686-arm-none-eabi\lib\gcc\arm-none-eabi\12.2.1\thumb\v6-m\nofp\libgcc.a(_udivsi3.o)
                0x08001cec                __aeabi_uidiv
                0x08001cec                __udivsi3
                0x08001df8                __aeabi_uidivmod
 .text          0x08001e00       0x3c C:\arm-gnu-toolchain-12.2.rel1-mingw-w64-i686-arm-none-eabi\lib\gcc\arm-none-eabi\12.2.1\thumb\v6-m\nofp\libgcc.a(_clzsi2.o)
                0x08001e00                __clzsi2
 .text          0x08001e3c        0x0 C:\arm-gnu-toolchain-12.2.rel1-mingw-w64-i686-arm-none-eabi\lib\gcc\arm-none-eabi\12.2.1\thumb\v6-m\nofp\libc_nano.a(libc_a-nano-vfprintf_float.o)
 .text.__cvt    0x08001e3c       0xd4 C:\arm-gnu-toolchain-12.2.rel1-mingw-w64-i686-arm-none-eabi\lib\gcc\arm-none-eabi\12.2.1\thumb\v6-m\nofp\libc_nano.a(libc_a-nano-vfprintf_float.o)
                0x08001e3c                __cvt
 .text.__exponent
                0x08001f10       0x80 C:\arm-gnu-toolchain-12.2.rel1-mingw-w64-i686-arm-none-eabi\lib\gcc\arm-none-eabi\12.2.1\thumb\v6-m\nofp\libc_nano.a(libc_a-nano-vfprintf_float.o)
                0x08001f10                __exponent
 .text._printf_float
                0x08001f90      0x474 C:\arm-gnu-toolchain-12.2.rel1-mingw-w64-i686-arm-none-eabi\lib\gcc\arm-none-eabi\12.2.1\thumb\v6-m\nofp\libc_nano.a(libc_a-nano-vfprintf_float.o)
                0x08001f90                _printf_float
 .text          0x08002404        0x0 C:\arm-gnu-toolchain-12.2.rel1-mingw-w64-i686-arm-none-eabi\lib\gcc\arm-none-eabi\12.2.1\thumb\v6-m\nofp\libc_nano.a(libc_a-nano-vfprintf_i.o)
 .text._printf_common
                0x08002404       0xde C:\arm-gnu-toolchain-12.2.rel1-mingw-w64-i686-arm-none-eabi\lib\gcc\arm-none-eabi\12.2.1\thumb\v6-m\nofp\libc_nano.a(libc_a-nano-vfprintf_i.o)
                0x08002404                _printf_common
 *fill*         0x080024e2        0x2 
 .text._printf_i
                0x080024e4      0x234 C:\arm-gnu-toolchain-12.2.rel1-mingw-w64-i686-arm-none-eabi\lib\gcc\arm-none-eabi\12.2.1\thumb\v6-m\nofp\libc_nano.a(libc_a-nano-vfprintf_i.o)
                0x080024e4                _printf_i
 .text          0x08002718        0x0 C:\arm-gnu-toolchain-12.2.rel1-mingw-w64-i686-arm-none-eabi\lib\gcc\arm-none-eabi\12.2.1\thumb\v6-m\nofp\libc_nano.a(libc_a-fflush.o)
 .text.__sflush_r
                0x08002718      0x11c C:\arm-gnu-toolchain-12.2.rel1-mingw-w64-i686-arm-none-eabi\lib\gcc\arm-none-eabi\12.2.1\thumb\v6-m\nofp\libc_nano.a(libc_a-fflush.o)
                0x08002718                __sflush_r
 .text._fflush_r
                0x08002834       0x56 C:\arm-gnu-toolchain-12.2.rel1-mingw-w64-i686-arm-none-eabi\lib\gcc\arm-none-eabi\12.2.1\thumb\v6-m\nofp\libc_nano.a(libc_a-fflush.o)
                0x08002834                _fflush_r
 *fill*         0x0800288a        0x2 
 .text.fflush   0x0800288c       0x30 C:\arm-gnu-toolchain-12.2.rel1-mingw-w64-i686-arm-none-eabi\lib\gcc\arm-none-eabi\12.2.1\thumb\v6-m\nofp\libc_nano.a(libc_a-fflush.o)
                0x0800288c                fflush
 .text          0x080028bc        0x0 C:\arm-gnu-toolchain-12.2.rel1-mingw-w64-i686-arm-none-eabi\lib\gcc\arm-none-eabi\12.2.1\thumb\v6-m\nofp\libc_nano.a(libc_a-findfp.o)
 .text.std      0x080028bc       0x6c C:\arm-gnu-toolchain-12.2.rel1-mingw-w64-i686-arm-none-eabi\lib\gcc\arm-none-eabi\12.2.1\thumb\v6-m\nofp\libc_nano.a(libc_a-findfp.o)
 .text.stdio_exit_handler
                0x08002928       0x1c C:\arm-gnu-toolchain-12.2.rel1-mingw-w64-i686-arm-none-eabi\lib\gcc\arm-none-eabi\12.2.1\thumb\v6-m\nofp\libc_nano.a(libc_a-findfp.o)
 .text.cleanup_stdio
                0x08002944       0x3c C:\arm-gnu-toolchain-12.2.rel1-mingw-w64-i686-arm-none-eabi\lib\gcc\arm-none-eabi\12.2.1\thumb\v6-m\nofp\libc_nano.a(libc_a-findfp.o)
 .text.__fp_lock
                0x08002980       0x18 C:\arm-gnu-toolchain-12.2.rel1-mingw-w64-i686-arm-none-eabi\lib\gcc\arm-none-eabi\12.2.1\thumb\v6-m\nofp\libc_nano.a(libc_a-findfp.o)
 .text.__fp_unlock
                0x08002998       0x18 C:\arm-gnu-toolchain-12.2.rel1-mingw-w64-i686-arm-none-eabi\lib\gcc\arm-none-eabi\12.2.1\thumb\v6-m\nofp\libc_nano.a(libc_a-findfp.o)
 .text.global_stdio_init.part.0
                0x080029b0       0x3c C:\arm-gnu-toolchain-12.2.rel1-mingw-w64-i686-arm-none-eabi\lib\gcc\arm-none-eabi\12.2.1\thumb\v6-m\nofp\libc_nano.a(libc_a-findfp.o)
 .text.__sfp_lock_acquire
                0x080029ec       0x10 C:\arm-gnu-toolchain-12.2.rel1-mingw-w64-i686-arm-none-eabi\lib\gcc\arm-none-eabi\12.2.1\thumb\v6-m\nofp\libc_nano.a(libc_a-findfp.o)
                0x080029ec                __sfp_lock_acquire
 .text.__sfp_lock_release
                0x080029fc       0x10 C:\arm-gnu-toolchain-12.2.rel1-mingw-w64-i686-arm-none-eabi\lib\gcc\arm-none-eabi\12.2.1\thumb\v6-m\nofp\libc_nano.a(libc_a-findfp.o)
                0x080029fc                __sfp_lock_release
 .text.__sfp    0x08002a0c       0xa8 C:\arm-gnu-toolchain-12.2.rel1-mingw-w64-i686-arm-none-eabi\lib\gcc\arm-none-eabi\12.2.1\thumb\v6-m\nofp\libc_nano.a(libc_a-findfp.o)
                0x08002a0c                __sfp
 .text.__sinit  0x08002ab4       0x30 C:\arm-gnu-toolchain-12.2.rel1-mingw-w64-i686-arm-none-eabi\lib\gcc\arm-none-eabi\12.2.1\thumb\v6-m\nofp\libc_nano.a(libc_a-findfp.o)
                0x08002ab4                __sinit
 .text.__fp_lock_all
                0x08002ae4       0x1c C:\arm-gnu-toolchain-12.2.rel1-mingw-w64-i686-arm-none-eabi\lib\gcc\arm-none-eabi\12.2.1\thumb\v6-m\nofp\libc_nano.a(libc_a-findfp.o)
                0x08002ae4                __fp_lock_all
 .text.__fp_unlock_all
                0x08002b00       0x1c C:\arm-gnu-toolchain-12.2.rel1-mingw-w64-i686-arm-none-eabi\lib\gcc\arm-none-eabi\12.2.1\thumb\v6-m\nofp\libc_nano.a(libc_a-findfp.o)
                0x08002b00                __fp_unlock_all
 .text          0x08002b1c        0x0 C:\arm-gnu-toolchain-12.2.rel1-mingw-w64-i686-arm-none-eabi\lib\gcc\arm-none-eabi\12.2.1\thumb\v6-m\nofp\libc_nano.a(libc_a-fwalk.o)
 .text._fwalk_sglue
                0x08002b1c       0x38 C:\arm-gnu-toolchain-12.2.rel1-mingw-w64-i686-arm-none-eabi\lib\gcc\arm-none-eabi\12.2.1\thumb\v6-m\nofp\libc_nano.a(libc_a-fwalk.o)
                0x08002b1c                _fwalk_sglue
 .text          0x08002b54        0x0 C:\arm-gnu-toolchain-12.2.rel1-mingw-w64-i686-arm-none-eabi\lib\gcc\arm-none-eabi\12.2.1\thumb\v6-m\nofp\libc_nano.a(libc_a-printf.o)
 .text._printf_r
                0x08002b54       0x18 C:\arm-gnu-toolchain-12.2.rel1-mingw-w64-i686-arm-none-eabi\lib\gcc\arm-none-eabi\12.2.1\thumb\v6-m\nofp\libc_nano.a(libc_a-printf.o)
                0x08002b54                _iprintf_r
                0x08002b54                _printf_r
 .text.printf   0x08002b6c       0x20 C:\arm-gnu-toolchain-12.2.rel1-mingw-w64-i686-arm-none-eabi\lib\gcc\arm-none-eabi\12.2.1\thumb\v6-m\nofp\libc_nano.a(libc_a-printf.o)
                0x08002b6c                iprintf
                0x08002b6c                printf
 .text          0x08002b8c        0x0 C:\arm-gnu-toolchain-12.2.rel1-mingw-w64-i686-arm-none-eabi\lib\gcc\arm-none-eabi\12.2.1\thumb\v6-m\nofp\libc_nano.a(libc_a-puts.o)
 .text._puts_r  0x08002b8c       0xac C:\arm-gnu-toolchain-12.2.rel1-mingw-w64-i686-arm-none-eabi\lib\gcc\arm-none-eabi\12.2.1\thumb\v6-m\nofp\libc_nano.a(libc_a-puts.o)
                0x08002b8c                _puts_r
 .text.puts     0x08002c38       0x14 C:\arm-gnu-toolchain-12.2.rel1-mingw-w64-i686-arm-none-eabi\lib\gcc\arm-none-eabi\12.2.1\thumb\v6-m\nofp\libc_nano.a(libc_a-puts.o)
                0x08002c38                puts
 .text          0x08002c4c        0x0 C:\arm-gnu-toolchain-12.2.rel1-mingw-w64-i686-arm-none-eabi\lib\gcc\arm-none-eabi\12.2.1\thumb\v6-m\nofp\libc_nano.a(libc_a-stdio.o)
 .text.__sread  0x08002c4c       0x28 C:\arm-gnu-toolchain-12.2.rel1-mingw-w64-i686-arm-none-eabi\lib\gcc\arm-none-eabi\12.2.1\thumb\v6-m\nofp\libc_nano.a(libc_a-stdio.o)
                0x08002c4c                __sread
 .text.__seofread
                0x08002c74        0x4 C:\arm-gnu-toolchain-12.2.rel1-mingw-w64-i686-arm-none-eabi\lib\gcc\arm-none-eabi\12.2.1\thumb\v6-m\nofp\libc_nano.a(libc_a-stdio.o)
                0x08002c74                __seofread
 .text.__swrite
                0x08002c78       0x38 C:\arm-gnu-toolchain-12.2.rel1-mingw-w64-i686-arm-none-eabi\lib\gcc\arm-none-eabi\12.2.1\thumb\v6-m\nofp\libc_nano.a(libc_a-stdio.o)
                0x08002c78                __swrite
 .text.__sseek  0x08002cb0       0x2c C:\arm-gnu-toolchain-12.2.rel1-mingw-w64-i686-arm-none-eabi\lib\gcc\arm-none-eabi\12.2.1\thumb\v6-m\nofp\libc_nano.a(libc_a-stdio.o)
                0x08002cb0                __sseek
 .text.__sclose
                0x08002cdc        0xc C:\arm-gnu-toolchain-12.2.rel1-mingw-w64-i686-arm-none-eabi\lib\gcc\arm-none-eabi\12.2.1\thumb\v6-m\nofp\libc_nano.a(libc_a-stdio.o)
                0x08002cdc                __sclose
 .text          0x08002ce8        0x0 C:\arm-gnu-toolchain-12.2.rel1-mingw-w64-i686-arm-none-eabi\lib\gcc\arm-none-eabi\12.2.1\thumb\v6-m\nofp\libc_nano.a(libc_a-wbuf.o)
 .text.__swbuf_r
                0x08002ce8       0x84 C:\arm-gnu-toolchain-12.2.rel1-mingw-w64-i686-arm-none-eabi\lib\gcc\arm-none-eabi\12.2.1\thumb\v6-m\nofp\libc_nano.a(libc_a-wbuf.o)
                0x08002ce8                __swbuf_r
 .text.__swbuf  0x08002d6c       0x14 C:\arm-gnu-toolchain-12.2.rel1-mingw-w64-i686-arm-none-eabi\lib\gcc\arm-none-eabi\12.2.1\thumb\v6-m\nofp\libc_nano.a(libc_a-wbuf.o)
                0x08002d6c                __swbuf
 .text          0x08002d80        0x0 C:\arm-gnu-toolchain-12.2.rel1-mingw-w64-i686-arm-none-eabi\lib\gcc\arm-none-eabi\12.2.1\thumb\v6-m\nofp\libc_nano.a(libc_a-wsetup.o)
 .text.__swsetup_r
                0x08002d80       0xbc C:\arm-gnu-toolchain-12.2.rel1-mingw-w64-i686-arm-none-eabi\lib\gcc\arm-none-eabi\12.2.1\thumb\v6-m\nofp\libc_nano.a(libc_a-wsetup.o)
                0x08002d80                __swsetup_r
 .text          0x08002e3c        0x0 C:\arm-gnu-toolchain-12.2.rel1-mingw-w64-i686-arm-none-eabi\lib\gcc\arm-none-eabi\12.2.1\thumb\v6-m\nofp\libc_nano.a(libc_a-memset.o)
 .text.memset   0x08002e3c       0x10 C:\arm-gnu-toolchain-12.2.rel1-mingw-w64-i686-arm-none-eabi\lib\gcc\arm-none-eabi\12.2.1\thumb\v6-m\nofp\libc_nano.a(libc_a-memset.o)
                0x08002e3c                memset
 .text          0x08002e4c        0x0 C:\arm-gnu-toolchain-12.2.rel1-mingw-w64-i686-arm-none-eabi\lib\gcc\arm-none-eabi\12.2.1\thumb\v6-m\nofp\libc_nano.a(libc_a-localeconv.o)
 .text.__localeconv_l
                0x08002e4c        0x4 C:\arm-gnu-toolchain-12.2.rel1-mingw-w64-i686-arm-none-eabi\lib\gcc\arm-none-eabi\12.2.1\thumb\v6-m\nofp\libc_nano.a(libc_a-localeconv.o)
                0x08002e4c                __localeconv_l
 .text._localeconv_r
                0x08002e50        0x8 C:\arm-gnu-toolchain-12.2.rel1-mingw-w64-i686-arm-none-eabi\lib\gcc\arm-none-eabi\12.2.1\thumb\v6-m\nofp\libc_nano.a(libc_a-localeconv.o)
                0x08002e50                _localeconv_r
 .text.localeconv
                0x08002e58        0x8 C:\arm-gnu-toolchain-12.2.rel1-mingw-w64-i686-arm-none-eabi\lib\gcc\arm-none-eabi\12.2.1\thumb\v6-m\nofp\libc_nano.a(libc_a-localeconv.o)
                0x08002e58                localeconv
 .text          0x08002e60        0x0 C:\arm-gnu-toolchain-12.2.rel1-mingw-w64-i686-arm-none-eabi\lib\gcc\arm-none-eabi\12.2.1\thumb\v6-m\nofp\libc_nano.a(libc_a-closer.o)
 .text._close_r
                0x08002e60       0x24 C:\arm-gnu-toolchain-12.2.rel1-mingw-w64-i686-arm-none-eabi\lib\gcc\arm-none-eabi\12.2.1\thumb\v6-m\nofp\libc_nano.a(libc_a-closer.o)
                0x08002e60                _close_r
 .text          0x08002e84        0x0 C:\arm-gnu-toolchain-12.2.rel1-mingw-w64-i686-arm-none-eabi\lib\gcc\arm-none-eabi\12.2.1\thumb\v6-m\nofp\libc_nano.a(libc_a-impure.o)
 .text          0x08002e84        0x0 C:\arm-gnu-toolchain-12.2.rel1-mingw-w64-i686-arm-none-eabi\lib\gcc\arm-none-eabi\12.2.1\thumb\v6-m\nofp\libc_nano.a(libc_a-lseekr.o)
 .text._lseek_r
                0x08002e84       0x28 C:\arm-gnu-toolchain-12.2.rel1-mingw-w64-i686-arm-none-eabi\lib\gcc\arm-none-eabi\12.2.1\thumb\v6-m\nofp\libc_nano.a(libc_a-lseekr.o)
                0x08002e84                _lseek_r
 .text          0x08002eac        0x0 C:\arm-gnu-toolchain-12.2.rel1-mingw-w64-i686-arm-none-eabi\lib\gcc\arm-none-eabi\12.2.1\thumb\v6-m\nofp\libc_nano.a(libc_a-readr.o)
 .text._read_r  0x08002eac       0x28 C:\arm-gnu-toolchain-12.2.rel1-mingw-w64-i686-arm-none-eabi\lib\gcc\arm-none-eabi\12.2.1\thumb\v6-m\nofp\libc_nano.a(libc_a-readr.o)
                0x08002eac                _read_r
 .text          0x08002ed4        0x0 C:\arm-gnu-toolchain-12.2.rel1-mingw-w64-i686-arm-none-eabi\lib\gcc\arm-none-eabi\12.2.1\thumb\v6-m\nofp\libc_nano.a(libc_a-writer.o)
 .text._write_r
                0x08002ed4       0x28 C:\arm-gnu-toolchain-12.2.rel1-mingw-w64-i686-arm-none-eabi\lib\gcc\arm-none-eabi\12.2.1\thumb\v6-m\nofp\libc_nano.a(libc_a-writer.o)
                0x08002ed4                _write_r
 .text          0x08002efc        0x0 C:\arm-gnu-toolchain-12.2.rel1-mingw-w64-i686-arm-none-eabi\lib\gcc\arm-none-eabi\12.2.1\thumb\v6-m\nofp\libc_nano.a(libc_a-lock.o)
 .text.__retarget_lock_init
                0x08002efc        0x2 C:\arm-gnu-toolchain-12.2.rel1-mingw-w64-i686-arm-none-eabi\lib\gcc\arm-none-eabi\12.2.1\thumb\v6-m\nofp\libc_nano.a(libc_a-lock.o)
                0x08002efc                __retarget_lock_init
 .text.__retarget_lock_init_recursive
                0x08002efe        0x2 C:\arm-gnu-toolchain-12.2.rel1-mingw-w64-i686-arm-none-eabi\lib\gcc\arm-none-eabi\12.2.1\thumb\v6-m\nofp\libc_nano.a(libc_a-lock.o)
                0x08002efe                __retarget_lock_init_recursive
 .text.__retarget_lock_close
                0x08002f00        0x2 C:\arm-gnu-toolchain-12.2.rel1-mingw-w64-i686-arm-none-eabi\lib\gcc\arm-none-eabi\12.2.1\thumb\v6-m\nofp\libc_nano.a(libc_a-lock.o)
                0x08002f00                __retarget_lock_close
 .text.__retarget_lock_close_recursive
                0x08002f02        0x2 C:\arm-gnu-toolchain-12.2.rel1-mingw-w64-i686-arm-none-eabi\lib\gcc\arm-none-eabi\12.2.1\thumb\v6-m\nofp\libc_nano.a(libc_a-lock.o)
                0x08002f02                __retarget_lock_close_recursive
 .text.__retarget_lock_acquire
                0x08002f04        0x2 C:\arm-gnu-toolchain-12.2.rel1-mingw-w64-i686-arm-none-eabi\lib\gcc\arm-none-eabi\12.2.1\thumb\v6-m\nofp\libc_nano.a(libc_a-lock.o)
                0x08002f04                __retarget_lock_acquire
 .text.__retarget_lock_acquire_recursive
                0x08002f06        0x2 C:\arm-gnu-toolchain-12.2.rel1-mingw-w64-i686-arm-none-eabi\lib\gcc\arm-none-eabi\12.2.1\thumb\v6-m\nofp\libc_nano.a(libc_a-lock.o)
                0x08002f06                __retarget_lock_acquire_recursive
 .text.__retarget_lock_try_acquire
                0x08002f08        0x4 C:\arm-gnu-toolchain-12.2.rel1-mingw-w64-i686-arm-none-eabi\lib\gcc\arm-none-eabi\12.2.1\thumb\v6-m\nofp\libc_nano.a(libc_a-lock.o)
                0x08002f08                __retarget_lock_try_acquire
 .text.__retarget_lock_try_acquire_recursive
                0x08002f0c        0x4 C:\arm-gnu-toolchain-12.2.rel1-mingw-w64-i686-arm-none-eabi\lib\gcc\arm-none-eabi\12.2.1\thumb\v6-m\nofp\libc_nano.a(libc_a-lock.o)
                0x08002f0c                __retarget_lock_try_acquire_recursive
 .text.__retarget_lock_release
                0x08002f10        0x2 C:\arm-gnu-toolchain-12.2.rel1-mingw-w64-i686-arm-none-eabi\lib\gcc\arm-none-eabi\12.2.1\thumb\v6-m\nofp\libc_nano.a(libc_a-lock.o)
                0x08002f10                __retarget_lock_release
 .text.__retarget_lock_release_recursive
                0x08002f12        0x2 C:\arm-gnu-toolchain-12.2.rel1-mingw-w64-i686-arm-none-eabi\lib\gcc\arm-none-eabi\12.2.1\thumb\v6-m\nofp\libc_nano.a(libc_a-lock.o)
                0x08002f12                __retarget_lock_release_recursive
 .text          0x08002f14        0x0 C:\arm-gnu-toolchain-12.2.rel1-mingw-w64-i686-arm-none-eabi\lib\gcc\arm-none-eabi\12.2.1\thumb\v6-m\nofp\libc_nano.a(libc_a-memchr-stub.o)
 .text.memchr   0x08002f14       0x16 C:\arm-gnu-toolchain-12.2.rel1-mingw-w64-i686-arm-none-eabi\lib\gcc\arm-none-eabi\12.2.1\thumb\v6-m\nofp\libc_nano.a(libc_a-memchr-stub.o)
                0x08002f14                memchr
 .text          0x08002f2a        0xe C:\arm-gnu-toolchain-12.2.rel1-mingw-w64-i686-arm-none-eabi\lib\gcc\arm-none-eabi\12.2.1\thumb\v6-m\nofp\libc_nano.a(libc_a-strlen.o)
                0x08002f2a                strlen
 .text          0x08002f38        0x0 C:\arm-gnu-toolchain-12.2.rel1-mingw-w64-i686-arm-none-eabi\lib\gcc\arm-none-eabi\12.2.1\thumb\v6-m\nofp\libc_nano.a(libc_a-dtoa.o)
 .text.quorem   0x08002f38      0x11c C:\arm-gnu-toolchain-12.2.rel1-mingw-w64-i686-arm-none-eabi\lib\gcc\arm-none-eabi\12.2.1\thumb\v6-m\nofp\libc_nano.a(libc_a-dtoa.o)
 .text._dtoa_r  0x08003054      0xcac C:\arm-gnu-toolchain-12.2.rel1-mingw-w64-i686-arm-none-eabi\lib\gcc\arm-none-eabi\12.2.1\thumb\v6-m\nofp\libc_nano.a(libc_a-dtoa.o)
                0x08003054                _dtoa_r
 .text          0x08003d00        0x0 C:\arm-gnu-toolchain-12.2.rel1-mingw-w64-i686-arm-none-eabi\lib\gcc\arm-none-eabi\12.2.1\thumb\v6-m\nofp\libc_nano.a(libc_a-freer.o)
 .text._free_r  0x08003d00       0x94 C:\arm-gnu-toolchain-12.2.rel1-mingw-w64-i686-arm-none-eabi\lib\gcc\arm-none-eabi\12.2.1\thumb\v6-m\nofp\libc_nano.a(libc_a-freer.o)
                0x08003d00                _free_r
 .text          0x08003d94        0x0 C:\arm-gnu-toolchain-12.2.rel1-mingw-w64-i686-arm-none-eabi\lib\gcc\arm-none-eabi\12.2.1\thumb\v6-m\nofp\libc_nano.a(libc_a-malloc.o)
 .text.malloc   0x08003d94       0x14 C:\arm-gnu-toolchain-12.2.rel1-mingw-w64-i686-arm-none-eabi\lib\gcc\arm-none-eabi\12.2.1\thumb\v6-m\nofp\libc_nano.a(libc_a-malloc.o)
                0x08003d94                malloc
 .text.free     0x08003da8       0x14 C:\arm-gnu-toolchain-12.2.rel1-mingw-w64-i686-arm-none-eabi\lib\gcc\arm-none-eabi\12.2.1\thumb\v6-m\nofp\libc_nano.a(libc_a-malloc.o)
                0x08003da8                free
 .text          0x08003dbc        0x0 C:\arm-gnu-toolchain-12.2.rel1-mingw-w64-i686-arm-none-eabi\lib\gcc\arm-none-eabi\12.2.1\thumb\v6-m\nofp\libc_nano.a(libc_a-mallocr.o)
 .text.sbrk_aligned
                0x08003dbc       0x44 C:\arm-gnu-toolchain-12.2.rel1-mingw-w64-i686-arm-none-eabi\lib\gcc\arm-none-eabi\12.2.1\thumb\v6-m\nofp\libc_nano.a(libc_a-mallocr.o)
 .text._malloc_r
                0x08003e00       0xf4 C:\arm-gnu-toolchain-12.2.rel1-mingw-w64-i686-arm-none-eabi\lib\gcc\arm-none-eabi\12.2.1\thumb\v6-m\nofp\libc_nano.a(libc_a-mallocr.o)
                0x08003e00                _malloc_r
 .text          0x08003ef4        0x0 C:\arm-gnu-toolchain-12.2.rel1-mingw-w64-i686-arm-none-eabi\lib\gcc\arm-none-eabi\12.2.1\thumb\v6-m\nofp\libc_nano.a(libc_a-mlock.o)
 .text.__malloc_lock
                0x08003ef4       0x10 C:\arm-gnu-toolchain-12.2.rel1-mingw-w64-i686-arm-none-eabi\lib\gcc\arm-none-eabi\12.2.1\thumb\v6-m\nofp\libc_nano.a(libc_a-mlock.o)
                0x08003ef4                __malloc_lock
 .text.__malloc_unlock
                0x08003f04       0x10 C:\arm-gnu-toolchain-12.2.rel1-mingw-w64-i686-arm-none-eabi\lib\gcc\arm-none-eabi\12.2.1\thumb\v6-m\nofp\libc_nano.a(libc_a-mlock.o)
                0x08003f04                __malloc_unlock
 .text          0x08003f14        0x0 C:\arm-gnu-toolchain-12.2.rel1-mingw-w64-i686-arm-none-eabi\lib\gcc\arm-none-eabi\12.2.1\thumb\v6-m\nofp\libc_nano.a(libc_a-mprec.o)
 .text._Balloc  0x08003f14       0x88 C:\arm-gnu-toolchain-12.2.rel1-mingw-w64-i686-arm-none-eabi\lib\gcc\arm-none-eabi\12.2.1\thumb\v6-m\nofp\libc_nano.a(libc_a-mprec.o)
                0x08003f14                _Balloc
 .text._Bfree   0x08003f9c       0x48 C:\arm-gnu-toolchain-12.2.rel1-mingw-w64-i686-arm-none-eabi\lib\gcc\arm-none-eabi\12.2.1\thumb\v6-m\nofp\libc_nano.a(libc_a-mprec.o)
                0x08003f9c                _Bfree
 .text.__multadd
                0x08003fe4       0x88 C:\arm-gnu-toolchain-12.2.rel1-mingw-w64-i686-arm-none-eabi\lib\gcc\arm-none-eabi\12.2.1\thumb\v6-m\nofp\libc_nano.a(libc_a-mprec.o)
                0x08003fe4                __multadd
 .text.__s2b    0x0800406c       0x98 C:\arm-gnu-toolchain-12.2.rel1-mingw-w64-i686-arm-none-eabi\lib\gcc\arm-none-eabi\12.2.1\thumb\v6-m\nofp\libc_nano.a(libc_a-mprec.o)
                0x0800406c                __s2b
 .text.__hi0bits
                0x08004104       0x4c C:\arm-gnu-toolchain-12.2.rel1-mingw-w64-i686-arm-none-eabi\lib\gcc\arm-none-eabi\12.2.1\thumb\v6-m\nofp\libc_nano.a(libc_a-mprec.o)
                0x08004104                __hi0bits
 .text.__lo0bits
                0x08004150       0x5c C:\arm-gnu-toolchain-12.2.rel1-mingw-w64-i686-arm-none-eabi\lib\gcc\arm-none-eabi\12.2.1\thumb\v6-m\nofp\libc_nano.a(libc_a-mprec.o)
                0x08004150                __lo0bits
 .text.__i2b    0x080041ac       0x30 C:\arm-gnu-toolchain-12.2.rel1-mingw-w64-i686-arm-none-eabi\lib\gcc\arm-none-eabi\12.2.1\thumb\v6-m\nofp\libc_nano.a(libc_a-mprec.o)
                0x080041ac                __i2b
 .text.__multiply
                0x080041dc      0x164 C:\arm-gnu-toolchain-12.2.rel1-mingw-w64-i686-arm-none-eabi\lib\gcc\arm-none-eabi\12.2.1\thumb\v6-m\nofp\libc_nano.a(libc_a-mprec.o)
                0x080041dc                __multiply
 .text.__pow5mult
                0x08004340       0xb8 C:\arm-gnu-toolchain-12.2.rel1-mingw-w64-i686-arm-none-eabi\lib\gcc\arm-none-eabi\12.2.1\thumb\v6-m\nofp\libc_nano.a(libc_a-mprec.o)
                0x08004340                __pow5mult
 .text.__lshift
                0x080043f8       0xd8 C:\arm-gnu-toolchain-12.2.rel1-mingw-w64-i686-arm-none-eabi\lib\gcc\arm-none-eabi\12.2.1\thumb\v6-m\nofp\libc_nano.a(libc_a-mprec.o)
                0x080043f8                __lshift
 .text.__mcmp   0x080044d0       0x36 C:\arm-gnu-toolchain-12.2.rel1-mingw-w64-i686-arm-none-eabi\lib\gcc\arm-none-eabi\12.2.1\thumb\v6-m\nofp\libc_nano.a(libc_a-mprec.o)
                0x080044d0                __mcmp
 *fill*         0x08004506        0x2 
 .text.__mdiff  0x08004508      0x134 C:\arm-gnu-toolchain-12.2.rel1-mingw-w64-i686-arm-none-eabi\lib\gcc\arm-none-eabi\12.2.1\thumb\v6-m\nofp\libc_nano.a(libc_a-mprec.o)
                0x08004508                __mdiff
 .text.__ulp    0x0800463c       0x40 C:\arm-gnu-toolchain-12.2.rel1-mingw-w64-i686-arm-none-eabi\lib\gcc\arm-none-eabi\12.2.1\thumb\v6-m\nofp\libc_nano.a(libc_a-mprec.o)
                0x0800463c                __ulp
 .text.__b2d    0x0800467c       0x98 C:\arm-gnu-toolchain-12.2.rel1-mingw-w64-i686-arm-none-eabi\lib\gcc\arm-none-eabi\12.2.1\thumb\v6-m\nofp\libc_nano.a(libc_a-mprec.o)
                0x0800467c                __b2d
 .text.__d2b    0x08004714       0xc0 C:\arm-gnu-toolchain-12.2.rel1-mingw-w64-i686-arm-none-eabi\lib\gcc\arm-none-eabi\12.2.1\thumb\v6-m\nofp\libc_nano.a(libc_a-mprec.o)
                0x08004714                __d2b
 .text.__ratio  0x080047d4       0x54 C:\arm-gnu-toolchain-12.2.rel1-mingw-w64-i686-arm-none-eabi\lib\gcc\arm-none-eabi\12.2.1\thumb\v6-m\nofp\libc_nano.a(libc_a-mprec.o)
                0x080047d4                __ratio
 .text._mprec_log10
                0x08004828       0x34 C:\arm-gnu-toolchain-12.2.rel1-mingw-w64-i686-arm-none-eabi\lib\gcc\arm-none-eabi\12.2.1\thumb\v6-m\nofp\libc_nano.a(libc_a-mprec.o)
                0x08004828                _mprec_log10
 .text.__copybits
                0x0800485c       0x42 C:\arm-gnu-toolchain-12.2.rel1-mingw-w64-i686-arm-none-eabi\lib\gcc\arm-none-eabi\12.2.1\thumb\v6-m\nofp\libc_nano.a(libc_a-mprec.o)
                0x0800485c                __copybits
 .text.__any_on
                0x0800489e       0x46 C:\arm-gnu-toolchain-12.2.rel1-mingw-w64-i686-arm-none-eabi\lib\gcc\arm-none-eabi\12.2.1\thumb\v6-m\nofp\libc_nano.a(libc_a-mprec.o)
                0x0800489e                __any_on
 .text          0x080048e4        0x0 C:\arm-gnu-toolchain-12.2.rel1-mingw-w64-i686-arm-none-eabi\lib\gcc\arm-none-eabi\12.2.1\thumb\v6-m\nofp\libc_nano.a(libc_a-nano-vfprintf.o)
 .text.__sfputc_r
                0x080048e4       0x2a C:\arm-gnu-toolchain-12.2.rel1-mingw-w64-i686-arm-none-eabi\lib\gcc\arm-none-eabi\12.2.1\thumb\v6-m\nofp\libc_nano.a(libc_a-nano-vfprintf.o)
 .text.__sfputs_r
                0x0800490e       0x24 C:\arm-gnu-toolchain-12.2.rel1-mingw-w64-i686-arm-none-eabi\lib\gcc\arm-none-eabi\12.2.1\thumb\v6-m\nofp\libc_nano.a(libc_a-nano-vfprintf.o)
                0x0800490e                __sfputs_r
 .text.__sprint_r
                0x08004932       0x20 C:\arm-gnu-toolchain-12.2.rel1-mingw-w64-i686-arm-none-eabi\lib\gcc\arm-none-eabi\12.2.1\thumb\v6-m\nofp\libc_nano.a(libc_a-nano-vfprintf.o)
                0x08004932                __sprint_r
 *fill*         0x08004952        0x2 
 .text._vfprintf_r
                0x08004954      0x238 C:\arm-gnu-toolchain-12.2.rel1-mingw-w64-i686-arm-none-eabi\lib\gcc\arm-none-eabi\12.2.1\thumb\v6-m\nofp\libc_nano.a(libc_a-nano-vfprintf.o)
                0x08004954                _vfprintf_r
                0x08004954                _vfiprintf_r
 .text.vfprintf
                0x08004b8c       0x18 C:\arm-gnu-toolchain-12.2.rel1-mingw-w64-i686-arm-none-eabi\lib\gcc\arm-none-eabi\12.2.1\thumb\v6-m\nofp\libc_nano.a(libc_a-nano-vfprintf.o)
                0x08004b8c                vfprintf
                0x08004b8c                vfiprintf
 .text          0x08004ba4        0x0 C:\arm-gnu-toolchain-12.2.rel1-mingw-w64-i686-arm-none-eabi\lib\gcc\arm-none-eabi\12.2.1\thumb\v6-m\nofp\libc_nano.a(libc_a-fvwrite.o)
 .text.__sfvwrite_r
                0x08004ba4      0x2bc C:\arm-gnu-toolchain-12.2.rel1-mingw-w64-i686-arm-none-eabi\lib\gcc\arm-none-eabi\12.2.1\thumb\v6-m\nofp\libc_nano.a(libc_a-fvwrite.o)
                0x08004ba4                __sfvwrite_r
 .text          0x08004e60        0x0 C:\arm-gnu-toolchain-12.2.rel1-mingw-w64-i686-arm-none-eabi\lib\gcc\arm-none-eabi\12.2.1\thumb\v6-m\nofp\libc_nano.a(libc_a-makebuf.o)
 .text.__swhatbuf_r
                0x08004e60       0x54 C:\arm-gnu-toolchain-12.2.rel1-mingw-w64-i686-arm-none-eabi\lib\gcc\arm-none-eabi\12.2.1\thumb\v6-m\nofp\libc_nano.a(libc_a-makebuf.o)
                0x08004e60                __swhatbuf_r
 .text.__smakebuf_r
                0x08004eb4       0x82 C:\arm-gnu-toolchain-12.2.rel1-mingw-w64-i686-arm-none-eabi\lib\gcc\arm-none-eabi\12.2.1\thumb\v6-m\nofp\libc_nano.a(libc_a-makebuf.o)
                0x08004eb4                __smakebuf_r
 .text          0x08004f36        0x0 C:\arm-gnu-toolchain-12.2.rel1-mingw-w64-i686-arm-none-eabi\lib\gcc\arm-none-eabi\12.2.1\thumb\v6-m\nofp\libc_nano.a(libc_a-memmove.o)
 .text.memmove  0x08004f36       0x26 C:\arm-gnu-toolchain-12.2.rel1-mingw-w64-i686-arm-none-eabi\lib\gcc\arm-none-eabi\12.2.1\thumb\v6-m\nofp\libc_nano.a(libc_a-memmove.o)
                0x08004f36                memmove
 .text          0x08004f5c        0x0 C:\arm-gnu-toolchain-12.2.rel1-mingw-w64-i686-arm-none-eabi\lib\gcc\arm-none-eabi\12.2.1\thumb\v6-m\nofp\libc_nano.a(libc_a-locale.o)
 .text._setlocale_r
                0x08004f5c       0x40 C:\arm-gnu-toolchain-12.2.rel1-mingw-w64-i686-arm-none-eabi\lib\gcc\arm-none-eabi\12.2.1\thumb\v6-m\nofp\libc_nano.a(libc_a-locale.o)
                0x08004f5c                _setlocale_r
 .text.__locale_mb_cur_max
                0x08004f9c       0x10 C:\arm-gnu-toolchain-12.2.rel1-mingw-w64-i686-arm-none-eabi\lib\gcc\arm-none-eabi\12.2.1\thumb\v6-m\nofp\libc_nano.a(libc_a-locale.o)
                0x08004f9c                __locale_mb_cur_max
 .text.setlocale
                0x08004fac       0x14 C:\arm-gnu-toolchain-12.2.rel1-mingw-w64-i686-arm-none-eabi\lib\gcc\arm-none-eabi\12.2.1\thumb\v6-m\nofp\libc_nano.a(libc_a-locale.o)
                0x08004fac                setlocale
 .text          0x08004fc0        0x0 C:\arm-gnu-toolchain-12.2.rel1-mingw-w64-i686-arm-none-eabi\lib\gcc\arm-none-eabi\12.2.1\thumb\v6-m\nofp\libc_nano.a(libc_a-fstatr.o)
 .text._fstat_r
                0x08004fc0       0x24 C:\arm-gnu-toolchain-12.2.rel1-mingw-w64-i686-arm-none-eabi\lib\gcc\arm-none-eabi\12.2.1\thumb\v6-m\nofp\libc_nano.a(libc_a-fstatr.o)
                0x08004fc0                _fstat_r
 .text          0x08004fe4        0x0 C:\arm-gnu-toolchain-12.2.rel1-mingw-w64-i686-arm-none-eabi\lib\gcc\arm-none-eabi\12.2.1\thumb\v6-m\nofp\libc_nano.a(libc_a-isattyr.o)
 .text._isatty_r
                0x08004fe4       0x24 C:\arm-gnu-toolchain-12.2.rel1-mingw-w64-i686-arm-none-eabi\lib\gcc\arm-none-eabi\12.2.1\thumb\v6-m\nofp\libc_nano.a(libc_a-isattyr.o)
                0x08004fe4                _isatty_r
 .text          0x08005008        0x0 C:\arm-gnu-toolchain-12.2.rel1-mingw-w64-i686-arm-none-eabi\lib\gcc\arm-none-eabi\12.2.1\thumb\v6-m\nofp\libc_nano.a(libc_a-sbrkr.o)
 .text._sbrk_r  0x08005008       0x24 C:\arm-gnu-toolchain-12.2.rel1-mingw-w64-i686-arm-none-eabi\lib\gcc\arm-none-eabi\12.2.1\thumb\v6-m\nofp\libc_nano.a(libc_a-sbrkr.o)
                0x08005008                _sbrk_r
 .text          0x0800502c       0x14 C:\arm-gnu-toolchain-12.2.rel1-mingw-w64-i686-arm-none-eabi\lib\gcc\arm-none-eabi\12.2.1\thumb\v6-m\nofp\libc_nano.a(libc_a-strcmp.o)
                0x0800502c                strcmp
 .text          0x08005040        0x0 C:\arm-gnu-toolchain-12.2.rel1-mingw-w64-i686-arm-none-eabi\lib\gcc\arm-none-eabi\12.2.1\thumb\v6-m\nofp\libc_nano.a(libc_a-memcpy-stub.o)
 .text.memcpy   0x08005040       0x12 C:\arm-gnu-toolchain-12.2.rel1-mingw-w64-i686-arm-none-eabi\lib\gcc\arm-none-eabi\12.2.1\thumb\v6-m\nofp\libc_nano.a(libc_a-memcpy-stub.o)
                0x08005040                memcpy
 .text          0x08005052        0x0 C:\arm-gnu-toolchain-12.2.rel1-mingw-w64-i686-arm-none-eabi\lib\gcc\arm-none-eabi\12.2.1\thumb\v6-m\nofp\libc_nano.a(libc_a-assert.o)
 *fill*         0x08005052        0x2 
 .text.__assert_func
                0x08005054       0x3c C:\arm-gnu-toolchain-12.2.rel1-mingw-w64-i686-arm-none-eabi\lib\gcc\arm-none-eabi\12.2.1\thumb\v6-m\nofp\libc_nano.a(libc_a-assert.o)
                0x08005054                __assert_func
 .text.__assert
                0x08005090        0xa C:\arm-gnu-toolchain-12.2.rel1-mingw-w64-i686-arm-none-eabi\lib\gcc\arm-none-eabi\12.2.1\thumb\v6-m\nofp\libc_nano.a(libc_a-assert.o)
                0x08005090                __assert
 .text          0x0800509a        0x0 C:\arm-gnu-toolchain-12.2.rel1-mingw-w64-i686-arm-none-eabi\lib\gcc\arm-none-eabi\12.2.1\thumb\v6-m\nofp\libc_nano.a(libc_a-callocr.o)
 .text._calloc_r
                0x0800509a       0x5a C:\arm-gnu-toolchain-12.2.rel1-mingw-w64-i686-arm-none-eabi\lib\gcc\arm-none-eabi\12.2.1\thumb\v6-m\nofp\libc_nano.a(libc_a-callocr.o)
                0x0800509a                _calloc_r
 .text          0x080050f4        0x0 C:\arm-gnu-toolchain-12.2.rel1-mingw-w64-i686-arm-none-eabi\lib\gcc\arm-none-eabi\12.2.1\thumb\v6-m\nofp\libc_nano.a(libc_a-mbtowc_r.o)
 .text._mbtowc_r
                0x080050f4       0x14 C:\arm-gnu-toolchain-12.2.rel1-mingw-w64-i686-arm-none-eabi\lib\gcc\arm-none-eabi\12.2.1\thumb\v6-m\nofp\libc_nano.a(libc_a-mbtowc_r.o)
                0x080050f4                _mbtowc_r
 .text.__ascii_mbtowc
                0x08005108       0x24 C:\arm-gnu-toolchain-12.2.rel1-mingw-w64-i686-arm-none-eabi\lib\gcc\arm-none-eabi\12.2.1\thumb\v6-m\nofp\libc_nano.a(libc_a-mbtowc_r.o)
                0x08005108                __ascii_mbtowc
 .text          0x0800512c        0x0 C:\arm-gnu-toolchain-12.2.rel1-mingw-w64-i686-arm-none-eabi\lib\gcc\arm-none-eabi\12.2.1\thumb\v6-m\nofp\libc_nano.a(libc_a-reallocr.o)
 .text._realloc_r
                0x0800512c       0x5e C:\arm-gnu-toolchain-12.2.rel1-mingw-w64-i686-arm-none-eabi\lib\gcc\arm-none-eabi\12.2.1\thumb\v6-m\nofp\libc_nano.a(libc_a-reallocr.o)
                0x0800512c                _realloc_r
 .text          0x0800518a        0x0 C:\arm-gnu-toolchain-12.2.rel1-mingw-w64-i686-arm-none-eabi\lib\gcc\arm-none-eabi\12.2.1\thumb\v6-m\nofp\libc_nano.a(libc_a-wctomb_r.o)
 *fill*         0x0800518a        0x2 
 .text._wctomb_r
                0x0800518c       0x10 C:\arm-gnu-toolchain-12.2.rel1-mingw-w64-i686-arm-none-eabi\lib\gcc\arm-none-eabi\12.2.1\thumb\v6-m\nofp\libc_nano.a(libc_a-wctomb_r.o)
                0x0800518c                _wctomb_r
 .text.__ascii_wctomb
                0x0800519c       0x1a C:\arm-gnu-toolchain-12.2.rel1-mingw-w64-i686-arm-none-eabi\lib\gcc\arm-none-eabi\12.2.1\thumb\v6-m\nofp\libc_nano.a(libc_a-wctomb_r.o)
                0x0800519c                __ascii_wctomb
 .text          0x080051b6        0x0 C:\arm-gnu-toolchain-12.2.rel1-mingw-w64-i686-arm-none-eabi\lib\gcc\arm-none-eabi\12.2.1\thumb\v6-m\nofp\libc_nano.a(libc_a-ctype_.o)
 .text          0x080051b6        0x0 C:\arm-gnu-toolchain-12.2.rel1-mingw-w64-i686-arm-none-eabi\lib\gcc\arm-none-eabi\12.2.1\thumb\v6-m\nofp\libc_nano.a(libc_a-fprintf.o)
 .text._fprintf_r
                0x080051b6       0x16 C:\arm-gnu-toolchain-12.2.rel1-mingw-w64-i686-arm-none-eabi\lib\gcc\arm-none-eabi\12.2.1\thumb\v6-m\nofp\libc_nano.a(libc_a-fprintf.o)
                0x080051b6                _fiprintf_r
                0x080051b6                _fprintf_r
 .text.fprintf  0x080051cc       0x20 C:\arm-gnu-toolchain-12.2.rel1-mingw-w64-i686-arm-none-eabi\lib\gcc\arm-none-eabi\12.2.1\thumb\v6-m\nofp\libc_nano.a(libc_a-fprintf.o)
                0x080051cc                fiprintf
                0x080051cc                fprintf
 .text          0x080051ec        0x0 C:\arm-gnu-toolchain-12.2.rel1-mingw-w64-i686-arm-none-eabi\lib\gcc\arm-none-eabi\12.2.1\thumb\v6-m\nofp\libc_nano.a(libc_a-abort.o)
 .text.abort    0x080051ec        0xe C:\arm-gnu-toolchain-12.2.rel1-mingw-w64-i686-arm-none-eabi\lib\gcc\arm-none-eabi\12.2.1\thumb\v6-m\nofp\libc_nano.a(libc_a-abort.o)
                0x080051ec                abort
 .text          0x080051fa        0x0 C:\arm-gnu-toolchain-12.2.rel1-mingw-w64-i686-arm-none-eabi\lib\gcc\arm-none-eabi\12.2.1\thumb\v6-m\nofp\libc_nano.a(libc_a-msizer.o)
 .text._malloc_usable_size_r
                0x080051fa       0x10 C:\arm-gnu-toolchain-12.2.rel1-mingw-w64-i686-arm-none-eabi\lib\gcc\arm-none-eabi\12.2.1\thumb\v6-m\nofp\libc_nano.a(libc_a-msizer.o)
                0x080051fa                _malloc_usable_size_r
 .text          0x0800520a        0x0 C:\arm-gnu-toolchain-12.2.rel1-mingw-w64-i686-arm-none-eabi\lib\gcc\arm-none-eabi\12.2.1\thumb\v6-m\nofp\libc_nano.a(libc_a-signal.o)
 .text._init_signal_r
                0x0800520a       0x2a C:\arm-gnu-toolchain-12.2.rel1-mingw-w64-i686-arm-none-eabi\lib\gcc\arm-none-eabi\12.2.1\thumb\v6-m\nofp\libc_nano.a(libc_a-signal.o)
                0x0800520a                _init_signal_r
 .text._signal_r
                0x08005234       0x32 C:\arm-gnu-toolchain-12.2.rel1-mingw-w64-i686-arm-none-eabi\lib\gcc\arm-none-eabi\12.2.1\thumb\v6-m\nofp\libc_nano.a(libc_a-signal.o)
                0x08005234                _signal_r
 .text._raise_r
                0x08005266       0x52 C:\arm-gnu-toolchain-12.2.rel1-mingw-w64-i686-arm-none-eabi\lib\gcc\arm-none-eabi\12.2.1\thumb\v6-m\nofp\libc_nano.a(libc_a-signal.o)
                0x08005266                _raise_r
 .text.__sigtramp_r
                0x080052b8       0x46 C:\arm-gnu-toolchain-12.2.rel1-mingw-w64-i686-arm-none-eabi\lib\gcc\arm-none-eabi\12.2.1\thumb\v6-m\nofp\libc_nano.a(libc_a-signal.o)
                0x080052b8                __sigtramp_r
 *fill*         0x080052fe        0x2 
 .text.raise    0x08005300       0x14 C:\arm-gnu-toolchain-12.2.rel1-mingw-w64-i686-arm-none-eabi\lib\gcc\arm-none-eabi\12.2.1\thumb\v6-m\nofp\libc_nano.a(libc_a-signal.o)
                0x08005300                raise
 .text.signal   0x08005314       0x14 C:\arm-gnu-toolchain-12.2.rel1-mingw-w64-i686-arm-none-eabi\lib\gcc\arm-none-eabi\12.2.1\thumb\v6-m\nofp\libc_nano.a(libc_a-signal.o)
                0x08005314                signal
 .text._init_signal
                0x08005328       0x10 C:\arm-gnu-toolchain-12.2.rel1-mingw-w64-i686-arm-none-eabi\lib\gcc\arm-none-eabi\12.2.1\thumb\v6-m\nofp\libc_nano.a(libc_a-signal.o)
                0x08005328                _init_signal
 .text.__sigtramp
                0x08005338       0x14 C:\arm-gnu-toolchain-12.2.rel1-mingw-w64-i686-arm-none-eabi\lib\gcc\arm-none-eabi\12.2.1\thumb\v6-m\nofp\libc_nano.a(libc_a-signal.o)
                0x08005338                __sigtramp
 .text          0x0800534c        0x0 C:\arm-gnu-toolchain-12.2.rel1-mingw-w64-i686-arm-none-eabi\lib\gcc\arm-none-eabi\12.2.1\thumb\v6-m\nofp\libc_nano.a(libc_a-signalr.o)
 .text._kill_r  0x0800534c       0x24 C:\arm-gnu-toolchain-12.2.rel1-mingw-w64-i686-arm-none-eabi\lib\gcc\arm-none-eabi\12.2.1\thumb\v6-m\nofp\libc_nano.a(libc_a-signalr.o)
                0x0800534c                _kill_r
 .text._getpid_r
                0x08005370        0x8 C:\arm-gnu-toolchain-12.2.rel1-mingw-w64-i686-arm-none-eabi\lib\gcc\arm-none-eabi\12.2.1\thumb\v6-m\nofp\libc_nano.a(libc_a-signalr.o)
                0x08005370                _getpid_r
 .text          0x08005378       0x14 C:\arm-gnu-toolchain-12.2.rel1-mingw-w64-i686-arm-none-eabi\lib\gcc\arm-none-eabi\12.2.1\thumb\v6-m\nofp\libgcc.a(_thumb1_case_uqi.o)
                0x08005378                __gnu_thumb1_case_uqi
 .text          0x0800538c       0x14 C:\arm-gnu-toolchain-12.2.rel1-mingw-w64-i686-arm-none-eabi\lib\gcc\arm-none-eabi\12.2.1\thumb\v6-m\nofp\libgcc.a(_thumb1_case_shi.o)
                0x0800538c                __gnu_thumb1_case_shi
 .text          0x080053a0       0x7c C:\arm-gnu-toolchain-12.2.rel1-mingw-w64-i686-arm-none-eabi\lib\gcc\arm-none-eabi\12.2.1\thumb\v6-m\nofp\libgcc.a(_arm_cmpdf2.o)
                0x080053a0                __aeabi_cdrcmple
                0x080053b0                __aeabi_cdcmple
                0x080053b0                __aeabi_cdcmpeq
                0x080053c0                __aeabi_dcmpeq
                0x080053cc                __aeabi_dcmplt
                0x080053e0                __aeabi_dcmple
                0x080053f4                __aeabi_dcmpgt
                0x08005408                __aeabi_dcmpge
 .text          0x0800541c        0x0 C:\arm-gnu-toolchain-12.2.rel1-mingw-w64-i686-arm-none-eabi\lib\gcc\arm-none-eabi\12.2.1\thumb\v6-m\nofp\libgcc.a(adddf3.o)
 .text.__aeabi_dadd
                0x0800541c      0x6bc C:\arm-gnu-toolchain-12.2.rel1-mingw-w64-i686-arm-none-eabi\lib\gcc\arm-none-eabi\12.2.1\thumb\v6-m\nofp\libgcc.a(adddf3.o)
                0x0800541c                __aeabi_dadd
 .text          0x08005ad8        0x0 C:\arm-gnu-toolchain-12.2.rel1-mingw-w64-i686-arm-none-eabi\lib\gcc\arm-none-eabi\12.2.1\thumb\v6-m\nofp\libgcc.a(eqdf2.o)
 .text.__eqdf2  0x08005ad8       0x88 C:\arm-gnu-toolchain-12.2.rel1-mingw-w64-i686-arm-none-eabi\lib\gcc\arm-none-eabi\12.2.1\thumb\v6-m\nofp\libgcc.a(eqdf2.o)
                0x08005ad8                __nedf2
                0x08005ad8                __eqdf2
 .text          0x08005b60        0x0 C:\arm-gnu-toolchain-12.2.rel1-mingw-w64-i686-arm-none-eabi\lib\gcc\arm-none-eabi\12.2.1\thumb\v6-m\nofp\libgcc.a(gedf2.o)
 .text.__gedf2  0x08005b60       0xe8 C:\arm-gnu-toolchain-12.2.rel1-mingw-w64-i686-arm-none-eabi\lib\gcc\arm-none-eabi\12.2.1\thumb\v6-m\nofp\libgcc.a(gedf2.o)
                0x08005b60                __gedf2
                0x08005b60                __gtdf2
 .text          0x08005c48        0x0 C:\arm-gnu-toolchain-12.2.rel1-mingw-w64-i686-arm-none-eabi\lib\gcc\arm-none-eabi\12.2.1\thumb\v6-m\nofp\libgcc.a(ledf2.o)
 .text.__ledf2  0x08005c48       0xe4 C:\arm-gnu-toolchain-12.2.rel1-mingw-w64-i686-arm-none-eabi\lib\gcc\arm-none-eabi\12.2.1\thumb\v6-m\nofp\libgcc.a(ledf2.o)
                0x08005c48                __ledf2
                0x08005c48                __ltdf2
 .text          0x08005d2c        0x0 C:\arm-gnu-toolchain-12.2.rel1-mingw-w64-i686-arm-none-eabi\lib\gcc\arm-none-eabi\12.2.1\thumb\v6-m\nofp\libgcc.a(subdf3.o)
 .text.__aeabi_dsub
                0x08005d2c      0x704 C:\arm-gnu-toolchain-12.2.rel1-mingw-w64-i686-arm-none-eabi\lib\gcc\arm-none-eabi\12.2.1\thumb\v6-m\nofp\libgcc.a(subdf3.o)
                0x08005d2c                __aeabi_dsub
 .text          0x08006430        0x0 C:\arm-gnu-toolchain-12.2.rel1-mingw-w64-i686-arm-none-eabi\lib\gcc\arm-none-eabi\12.2.1\thumb\v6-m\nofp\libgcc.a(unorddf2.o)
 .text.__aeabi_dcmpun
                0x08006430       0x44 C:\arm-gnu-toolchain-12.2.rel1-mingw-w64-i686-arm-none-eabi\lib\gcc\arm-none-eabi\12.2.1\thumb\v6-m\nofp\libgcc.a(unorddf2.o)
                0x08006430                __aeabi_dcmpun
 .text          0x08006474        0x0 C:\arm-gnu-toolchain-12.2.rel1-mingw-w64-i686-arm-none-eabi\lib\gcc\arm-none-eabi\12.2.1\thumb\v6-m\nofp\libgcc.a(fixdfsi.o)
 .text.__aeabi_d2iz
                0x08006474       0x78 C:\arm-gnu-toolchain-12.2.rel1-mingw-w64-i686-arm-none-eabi\lib\gcc\arm-none-eabi\12.2.1\thumb\v6-m\nofp\libgcc.a(fixdfsi.o)
                0x08006474                __aeabi_d2iz
 .text          0x080064ec        0x0 C:\arm-gnu-toolchain-12.2.rel1-mingw-w64-i686-arm-none-eabi\lib\gcc\arm-none-eabi\12.2.1\thumb\v6-m\nofp\libgcc.a(floatunsidf.o)
 .text.__aeabi_ui2d
                0x080064ec       0x4c C:\arm-gnu-toolchain-12.2.rel1-mingw-w64-i686-arm-none-eabi\lib\gcc\arm-none-eabi\12.2.1\thumb\v6-m\nofp\libgcc.a(floatunsidf.o)
                0x080064ec                __aeabi_ui2d
 *(.rodata*)
 .rodata        0x08006538       0x55 main.o
 *fill*         0x0800658d        0x3 
 .rodata        0x08006590       0x7c startup.o
 .rodata.__aeabi_ddiv
                0x0800660c       0x40 C:\arm-gnu-toolchain-12.2.rel1-mingw-w64-i686-arm-none-eabi\lib\gcc\arm-none-eabi\12.2.1\thumb\v6-m\nofp\libgcc.a(divdf3.o)
 .rodata._printf_float.str1.1
                0x0800664c       0x12 C:\arm-gnu-toolchain-12.2.rel1-mingw-w64-i686-arm-none-eabi\lib\gcc\arm-none-eabi\12.2.1\thumb\v6-m\nofp\libc_nano.a(libc_a-nano-vfprintf_float.o)
 .rodata._printf_i.str1.1
                0x0800665e       0x22 C:\arm-gnu-toolchain-12.2.rel1-mingw-w64-i686-arm-none-eabi\lib\gcc\arm-none-eabi\12.2.1\thumb\v6-m\nofp\libc_nano.a(libc_a-nano-vfprintf_i.o)
 .rodata._dtoa_r.str1.1
                0x08006680       0x8e C:\arm-gnu-toolchain-12.2.rel1-mingw-w64-i686-arm-none-eabi\lib\gcc\arm-none-eabi\12.2.1\thumb\v6-m\nofp\libc_nano.a(libc_a-dtoa.o)
                                 0x90 (size before relaxing)
 .rodata._Balloc.str1.1
                0x0800670e       0x5a C:\arm-gnu-toolchain-12.2.rel1-mingw-w64-i686-arm-none-eabi\lib\gcc\arm-none-eabi\12.2.1\thumb\v6-m\nofp\libc_nano.a(libc_a-mprec.o)
                                 0x71 (size before relaxing)
 .rodata.__multadd.str1.1
                0x08006768       0x11 C:\arm-gnu-toolchain-12.2.rel1-mingw-w64-i686-arm-none-eabi\lib\gcc\arm-none-eabi\12.2.1\thumb\v6-m\nofp\libc_nano.a(libc_a-mprec.o)
 .rodata.p05.0  0x08006768        0xc C:\arm-gnu-toolchain-12.2.rel1-mingw-w64-i686-arm-none-eabi\lib\gcc\arm-none-eabi\12.2.1\thumb\v6-m\nofp\libc_nano.a(libc_a-mprec.o)
 *fill*         0x08006774        0x4 
 .rodata.__mprec_tinytens
                0x08006778       0x28 C:\arm-gnu-toolchain-12.2.rel1-mingw-w64-i686-arm-none-eabi\lib\gcc\arm-none-eabi\12.2.1\thumb\v6-m\nofp\libc_nano.a(libc_a-mprec.o)
                0x08006778                __mprec_tinytens
 .rodata.__mprec_bigtens
                0x080067a0       0x28 C:\arm-gnu-toolchain-12.2.rel1-mingw-w64-i686-arm-none-eabi\lib\gcc\arm-none-eabi\12.2.1\thumb\v6-m\nofp\libc_nano.a(libc_a-mprec.o)
                0x080067a0                __mprec_bigtens
 .rodata.__mprec_tens
                0x080067c8       0xc8 C:\arm-gnu-toolchain-12.2.rel1-mingw-w64-i686-arm-none-eabi\lib\gcc\arm-none-eabi\12.2.1\thumb\v6-m\nofp\libc_nano.a(libc_a-mprec.o)
                0x080067c8                __mprec_tens
 .rodata._vfprintf_r.str1.1
                0x08006890       0x11 C:\arm-gnu-toolchain-12.2.rel1-mingw-w64-i686-arm-none-eabi\lib\gcc\arm-none-eabi\12.2.1\thumb\v6-m\nofp\libc_nano.a(libc_a-nano-vfprintf.o)
 .rodata._setlocale_r.str1.1
                0x080068a1        0x8 C:\arm-gnu-toolchain-12.2.rel1-mingw-w64-i686-arm-none-eabi\lib\gcc\arm-none-eabi\12.2.1\thumb\v6-m\nofp\libc_nano.a(libc_a-locale.o)
                                  0x9 (size before relaxing)
 .rodata.str1.1
                0x080068a9        0x2 C:\arm-gnu-toolchain-12.2.rel1-mingw-w64-i686-arm-none-eabi\lib\gcc\arm-none-eabi\12.2.1\thumb\v6-m\nofp\libc_nano.a(libc_a-locale.o)
 .rodata.__assert_func.str1.1
                0x080068ab       0x3c C:\arm-gnu-toolchain-12.2.rel1-mingw-w64-i686-arm-none-eabi\lib\gcc\arm-none-eabi\12.2.1\thumb\v6-m\nofp\libc_nano.a(libc_a-assert.o)
                                 0x3d (size before relaxing)
 .rodata._ctype_
                0x080068e7      0x101 C:\arm-gnu-toolchain-12.2.rel1-mingw-w64-i686-arm-none-eabi\lib\gcc\arm-none-eabi\12.2.1\thumb\v6-m\nofp\libc_nano.a(libc_a-ctype_.o)
                0x080068e7                _ctype_
                0x080069e8                . = ALIGN (0x4)
                0x080069e8                PROVIDE (__init_array_start = .)
 *(SORT_BY_NAME(.init_array.*))
 *(.init_array)
                0x080069e8                PROVIDE (__init_array_end = .)
                0x080069e8                . = ALIGN (0x4)
                0x080069e8                _etext = .

.glue_7         0x080069e8        0x0
 .glue_7        0x080069e8        0x0 linker stubs

.glue_7t        0x080069e8        0x0
 .glue_7t       0x080069e8        0x0 linker stubs

.vfp11_veneer   0x080069e8        0x0
 .vfp11_veneer  0x080069e8        0x0 linker stubs

.v4_bx          0x080069e8        0x0
 .v4_bx         0x080069e8        0x0 linker stubs

.iplt           0x080069e8        0x0
 .iplt          0x080069e8        0x0 main.o

.rel.dyn        0x080069e8        0x0
 .rel.iplt      0x080069e8        0x0 main.o

.data           0x20000000      0x1cc load address 0x080069e8
                0x20000000                . = ALIGN (0x4)
                0x20000000                _data = .
 *(.data*)
 .data          0x20000000        0x0 main.o
 .data          0x20000000        0x0 startup.o
 .data          0x20000000        0x0 serial.o
 .data          0x20000000        0x0 adc.o
 .data          0x20000000        0x4 newlib_stubs.o
                0x20000000                environ
 .data          0x20000004        0x0 C:\arm-gnu-toolchain-12.2.rel1-mingw-w64-i686-arm-none-eabi\lib\gcc\arm-none-eabi\12.2.1\thumb\v6-m\nofp\libnosys.a(errno.o)
 .data          0x20000004        0x0 C:\arm-gnu-toolchain-12.2.rel1-mingw-w64-i686-arm-none-eabi\lib\gcc\arm-none-eabi\12.2.1\thumb\v6-m\nofp\libgcc.a(_divsi3.o)
 .data          0x20000004        0x0 C:\arm-gnu-toolchain-12.2.rel1-mingw-w64-i686-arm-none-eabi\lib\gcc\arm-none-eabi\12.2.1\thumb\v6-m\nofp\libgcc.a(_dvmd_tls.o)
 .data          0x20000004        0x0 C:\arm-gnu-toolchain-12.2.rel1-mingw-w64-i686-arm-none-eabi\lib\gcc\arm-none-eabi\12.2.1\thumb\v6-m\nofp\libgcc.a(divdf3.o)
 .data          0x20000004        0x0 C:\arm-gnu-toolchain-12.2.rel1-mingw-w64-i686-arm-none-eabi\lib\gcc\arm-none-eabi\12.2.1\thumb\v6-m\nofp\libgcc.a(muldf3.o)
 .data          0x20000004        0x0 C:\arm-gnu-toolchain-12.2.rel1-mingw-w64-i686-arm-none-eabi\lib\gcc\arm-none-eabi\12.2.1\thumb\v6-m\nofp\libgcc.a(floatsidf.o)
 .data          0x20000004        0x0 C:\arm-gnu-toolchain-12.2.rel1-mingw-w64-i686-arm-none-eabi\lib\gcc\arm-none-eabi\12.2.1\thumb\v6-m\nofp\libgcc.a(extendsfdf2.o)
 .data          0x20000004        0x0 C:\arm-gnu-toolchain-12.2.rel1-mingw-w64-i686-arm-none-eabi\lib\gcc\arm-none-eabi\12.2.1\thumb\v6-m\nofp\libgcc.a(truncdfsf2.o)
 .data          0x20000004        0x0 C:\arm-gnu-toolchain-12.2.rel1-mingw-w64-i686-arm-none-eabi\lib\gcc\arm-none-eabi\12.2.1\thumb\v6-m\nofp\libgcc.a(_udivsi3.o)
 .data          0x20000004        0x0 C:\arm-gnu-toolchain-12.2.rel1-mingw-w64-i686-arm-none-eabi\lib\gcc\arm-none-eabi\12.2.1\thumb\v6-m\nofp\libgcc.a(_clzsi2.o)
 .data          0x20000004        0x0 C:\arm-gnu-toolchain-12.2.rel1-mingw-w64-i686-arm-none-eabi\lib\gcc\arm-none-eabi\12.2.1\thumb\v6-m\nofp\libc_nano.a(libc_a-nano-vfprintf_float.o)
 .data          0x20000004        0x0 C:\arm-gnu-toolchain-12.2.rel1-mingw-w64-i686-arm-none-eabi\lib\gcc\arm-none-eabi\12.2.1\thumb\v6-m\nofp\libc_nano.a(libc_a-nano-vfprintf_i.o)
 .data          0x20000004        0x0 C:\arm-gnu-toolchain-12.2.rel1-mingw-w64-i686-arm-none-eabi\lib\gcc\arm-none-eabi\12.2.1\thumb\v6-m\nofp\libc_nano.a(libc_a-fflush.o)
 .data          0x20000004        0x0 C:\arm-gnu-toolchain-12.2.rel1-mingw-w64-i686-arm-none-eabi\lib\gcc\arm-none-eabi\12.2.1\thumb\v6-m\nofp\libc_nano.a(libc_a-findfp.o)
 .data.__sglue  0x20000004        0xc C:\arm-gnu-toolchain-12.2.rel1-mingw-w64-i686-arm-none-eabi\lib\gcc\arm-none-eabi\12.2.1\thumb\v6-m\nofp\libc_nano.a(libc_a-findfp.o)
                0x20000004                __sglue
 .data          0x20000010        0x0 C:\arm-gnu-toolchain-12.2.rel1-mingw-w64-i686-arm-none-eabi\lib\gcc\arm-none-eabi\12.2.1\thumb\v6-m\nofp\libc_nano.a(libc_a-fwalk.o)
 .data          0x20000010        0x0 C:\arm-gnu-toolchain-12.2.rel1-mingw-w64-i686-arm-none-eabi\lib\gcc\arm-none-eabi\12.2.1\thumb\v6-m\nofp\libc_nano.a(libc_a-printf.o)
 .data          0x20000010        0x0 C:\arm-gnu-toolchain-12.2.rel1-mingw-w64-i686-arm-none-eabi\lib\gcc\arm-none-eabi\12.2.1\thumb\v6-m\nofp\libc_nano.a(libc_a-puts.o)
 .data          0x20000010        0x0 C:\arm-gnu-toolchain-12.2.rel1-mingw-w64-i686-arm-none-eabi\lib\gcc\arm-none-eabi\12.2.1\thumb\v6-m\nofp\libc_nano.a(libc_a-stdio.o)
 .data          0x20000010        0x0 C:\arm-gnu-toolchain-12.2.rel1-mingw-w64-i686-arm-none-eabi\lib\gcc\arm-none-eabi\12.2.1\thumb\v6-m\nofp\libc_nano.a(libc_a-wbuf.o)
 .data          0x20000010        0x0 C:\arm-gnu-toolchain-12.2.rel1-mingw-w64-i686-arm-none-eabi\lib\gcc\arm-none-eabi\12.2.1\thumb\v6-m\nofp\libc_nano.a(libc_a-wsetup.o)
 .data          0x20000010        0x0 C:\arm-gnu-toolchain-12.2.rel1-mingw-w64-i686-arm-none-eabi\lib\gcc\arm-none-eabi\12.2.1\thumb\v6-m\nofp\libc_nano.a(libc_a-memset.o)
 .data          0x20000010        0x0 C:\arm-gnu-toolchain-12.2.rel1-mingw-w64-i686-arm-none-eabi\lib\gcc\arm-none-eabi\12.2.1\thumb\v6-m\nofp\libc_nano.a(libc_a-localeconv.o)
 .data          0x20000010        0x0 C:\arm-gnu-toolchain-12.2.rel1-mingw-w64-i686-arm-none-eabi\lib\gcc\arm-none-eabi\12.2.1\thumb\v6-m\nofp\libc_nano.a(libc_a-closer.o)
 .data          0x20000010        0x0 C:\arm-gnu-toolchain-12.2.rel1-mingw-w64-i686-arm-none-eabi\lib\gcc\arm-none-eabi\12.2.1\thumb\v6-m\nofp\libc_nano.a(libc_a-impure.o)
 .data._impure_ptr
                0x20000010        0x4 C:\arm-gnu-toolchain-12.2.rel1-mingw-w64-i686-arm-none-eabi\lib\gcc\arm-none-eabi\12.2.1\thumb\v6-m\nofp\libc_nano.a(libc_a-impure.o)
                0x20000010                _impure_ptr
 .data._impure_data
                0x20000014       0x4c C:\arm-gnu-toolchain-12.2.rel1-mingw-w64-i686-arm-none-eabi\lib\gcc\arm-none-eabi\12.2.1\thumb\v6-m\nofp\libc_nano.a(libc_a-impure.o)
                0x20000014                _impure_data
 .data          0x20000060        0x0 C:\arm-gnu-toolchain-12.2.rel1-mingw-w64-i686-arm-none-eabi\lib\gcc\arm-none-eabi\12.2.1\thumb\v6-m\nofp\libc_nano.a(libc_a-lseekr.o)
 .data          0x20000060        0x0 C:\arm-gnu-toolchain-12.2.rel1-mingw-w64-i686-arm-none-eabi\lib\gcc\arm-none-eabi\12.2.1\thumb\v6-m\nofp\libc_nano.a(libc_a-readr.o)
 .data          0x20000060        0x0 C:\arm-gnu-toolchain-12.2.rel1-mingw-w64-i686-arm-none-eabi\lib\gcc\arm-none-eabi\12.2.1\thumb\v6-m\nofp\libc_nano.a(libc_a-writer.o)
 .data          0x20000060        0x0 C:\arm-gnu-toolchain-12.2.rel1-mingw-w64-i686-arm-none-eabi\lib\gcc\arm-none-eabi\12.2.1\thumb\v6-m\nofp\libc_nano.a(libc_a-lock.o)
 .data          0x20000060        0x0 C:\arm-gnu-toolchain-12.2.rel1-mingw-w64-i686-arm-none-eabi\lib\gcc\arm-none-eabi\12.2.1\thumb\v6-m\nofp\libc_nano.a(libc_a-memchr-stub.o)
 .data          0x20000060        0x0 C:\arm-gnu-toolchain-12.2.rel1-mingw-w64-i686-arm-none-eabi\lib\gcc\arm-none-eabi\12.2.1\thumb\v6-m\nofp\libc_nano.a(libc_a-strlen.o)
 .data          0x20000060        0x0 C:\arm-gnu-toolchain-12.2.rel1-mingw-w64-i686-arm-none-eabi\lib\gcc\arm-none-eabi\12.2.1\thumb\v6-m\nofp\libc_nano.a(libc_a-dtoa.o)
 .data          0x20000060        0x0 C:\arm-gnu-toolchain-12.2.rel1-mingw-w64-i686-arm-none-eabi\lib\gcc\arm-none-eabi\12.2.1\thumb\v6-m\nofp\libc_nano.a(libc_a-freer.o)
 .data          0x20000060        0x0 C:\arm-gnu-toolchain-12.2.rel1-mingw-w64-i686-arm-none-eabi\lib\gcc\arm-none-eabi\12.2.1\thumb\v6-m\nofp\libc_nano.a(libc_a-malloc.o)
 .data          0x20000060        0x0 C:\arm-gnu-toolchain-12.2.rel1-mingw-w64-i686-arm-none-eabi\lib\gcc\arm-none-eabi\12.2.1\thumb\v6-m\nofp\libc_nano.a(libc_a-mallocr.o)
 .data          0x20000060        0x0 C:\arm-gnu-toolchain-12.2.rel1-mingw-w64-i686-arm-none-eabi\lib\gcc\arm-none-eabi\12.2.1\thumb\v6-m\nofp\libc_nano.a(libc_a-mlock.o)
 .data          0x20000060        0x0 C:\arm-gnu-toolchain-12.2.rel1-mingw-w64-i686-arm-none-eabi\lib\gcc\arm-none-eabi\12.2.1\thumb\v6-m\nofp\libc_nano.a(libc_a-mprec.o)
 .data          0x20000060        0x0 C:\arm-gnu-toolchain-12.2.rel1-mingw-w64-i686-arm-none-eabi\lib\gcc\arm-none-eabi\12.2.1\thumb\v6-m\nofp\libc_nano.a(libc_a-nano-vfprintf.o)
 .data          0x20000060        0x0 C:\arm-gnu-toolchain-12.2.rel1-mingw-w64-i686-arm-none-eabi\lib\gcc\arm-none-eabi\12.2.1\thumb\v6-m\nofp\libc_nano.a(libc_a-fvwrite.o)
 .data          0x20000060        0x0 C:\arm-gnu-toolchain-12.2.rel1-mingw-w64-i686-arm-none-eabi\lib\gcc\arm-none-eabi\12.2.1\thumb\v6-m\nofp\libc_nano.a(libc_a-makebuf.o)
 .data          0x20000060        0x0 C:\arm-gnu-toolchain-12.2.rel1-mingw-w64-i686-arm-none-eabi\lib\gcc\arm-none-eabi\12.2.1\thumb\v6-m\nofp\libc_nano.a(libc_a-memmove.o)
 .data          0x20000060        0x0 C:\arm-gnu-toolchain-12.2.rel1-mingw-w64-i686-arm-none-eabi\lib\gcc\arm-none-eabi\12.2.1\thumb\v6-m\nofp\libc_nano.a(libc_a-locale.o)
 .data.__global_locale
                0x20000060      0x16c C:\arm-gnu-toolchain-12.2.rel1-mingw-w64-i686-arm-none-eabi\lib\gcc\arm-none-eabi\12.2.1\thumb\v6-m\nofp\libc_nano.a(libc_a-locale.o)
                0x20000060                __global_locale
 .data          0x200001cc        0x0 C:\arm-gnu-toolchain-12.2.rel1-mingw-w64-i686-arm-none-eabi\lib\gcc\arm-none-eabi\12.2.1\thumb\v6-m\nofp\libc_nano.a(libc_a-fstatr.o)
 .data          0x200001cc        0x0 C:\arm-gnu-toolchain-12.2.rel1-mingw-w64-i686-arm-none-eabi\lib\gcc\arm-none-eabi\12.2.1\thumb\v6-m\nofp\libc_nano.a(libc_a-isattyr.o)
 .data          0x200001cc        0x0 C:\arm-gnu-toolchain-12.2.rel1-mingw-w64-i686-arm-none-eabi\lib\gcc\arm-none-eabi\12.2.1\thumb\v6-m\nofp\libc_nano.a(libc_a-sbrkr.o)
 .data          0x200001cc        0x0 C:\arm-gnu-toolchain-12.2.rel1-mingw-w64-i686-arm-none-eabi\lib\gcc\arm-none-eabi\12.2.1\thumb\v6-m\nofp\libc_nano.a(libc_a-strcmp.o)
 .data          0x200001cc        0x0 C:\arm-gnu-toolchain-12.2.rel1-mingw-w64-i686-arm-none-eabi\lib\gcc\arm-none-eabi\12.2.1\thumb\v6-m\nofp\libc_nano.a(libc_a-memcpy-stub.o)
 .data          0x200001cc        0x0 C:\arm-gnu-toolchain-12.2.rel1-mingw-w64-i686-arm-none-eabi\lib\gcc\arm-none-eabi\12.2.1\thumb\v6-m\nofp\libc_nano.a(libc_a-assert.o)
 .data          0x200001cc        0x0 C:\arm-gnu-toolchain-12.2.rel1-mingw-w64-i686-arm-none-eabi\lib\gcc\arm-none-eabi\12.2.1\thumb\v6-m\nofp\libc_nano.a(libc_a-callocr.o)
 .data          0x200001cc        0x0 C:\arm-gnu-toolchain-12.2.rel1-mingw-w64-i686-arm-none-eabi\lib\gcc\arm-none-eabi\12.2.1\thumb\v6-m\nofp\libc_nano.a(libc_a-mbtowc_r.o)
 .data          0x200001cc        0x0 C:\arm-gnu-toolchain-12.2.rel1-mingw-w64-i686-arm-none-eabi\lib\gcc\arm-none-eabi\12.2.1\thumb\v6-m\nofp\libc_nano.a(libc_a-reallocr.o)
 .data          0x200001cc        0x0 C:\arm-gnu-toolchain-12.2.rel1-mingw-w64-i686-arm-none-eabi\lib\gcc\arm-none-eabi\12.2.1\thumb\v6-m\nofp\libc_nano.a(libc_a-wctomb_r.o)
 .data          0x200001cc        0x0 C:\arm-gnu-toolchain-12.2.rel1-mingw-w64-i686-arm-none-eabi\lib\gcc\arm-none-eabi\12.2.1\thumb\v6-m\nofp\libc_nano.a(libc_a-ctype_.o)
 .data          0x200001cc        0x0 C:\arm-gnu-toolchain-12.2.rel1-mingw-w64-i686-arm-none-eabi\lib\gcc\arm-none-eabi\12.2.1\thumb\v6-m\nofp\libc_nano.a(libc_a-fprintf.o)
 .data          0x200001cc        0x0 C:\arm-gnu-toolchain-12.2.rel1-mingw-w64-i686-arm-none-eabi\lib\gcc\arm-none-eabi\12.2.1\thumb\v6-m\nofp\libc_nano.a(libc_a-abort.o)
 .data          0x200001cc        0x0 C:\arm-gnu-toolchain-12.2.rel1-mingw-w64-i686-arm-none-eabi\lib\gcc\arm-none-eabi\12.2.1\thumb\v6-m\nofp\libc_nano.a(libc_a-msizer.o)
 .data          0x200001cc        0x0 C:\arm-gnu-toolchain-12.2.rel1-mingw-w64-i686-arm-none-eabi\lib\gcc\arm-none-eabi\12.2.1\thumb\v6-m\nofp\libc_nano.a(libc_a-signal.o)
 .data          0x200001cc        0x0 C:\arm-gnu-toolchain-12.2.rel1-mingw-w64-i686-arm-none-eabi\lib\gcc\arm-none-eabi\12.2.1\thumb\v6-m\nofp\libc_nano.a(libc_a-signalr.o)
 .data          0x200001cc        0x0 C:\arm-gnu-toolchain-12.2.rel1-mingw-w64-i686-arm-none-eabi\lib\gcc\arm-none-eabi\12.2.1\thumb\v6-m\nofp\libgcc.a(_thumb1_case_uqi.o)
 .data          0x200001cc        0x0 C:\arm-gnu-toolchain-12.2.rel1-mingw-w64-i686-arm-none-eabi\lib\gcc\arm-none-eabi\12.2.1\thumb\v6-m\nofp\libgcc.a(_thumb1_case_shi.o)
 .data          0x200001cc        0x0 C:\arm-gnu-toolchain-12.2.rel1-mingw-w64-i686-arm-none-eabi\lib\gcc\arm-none-eabi\12.2.1\thumb\v6-m\nofp\libgcc.a(_arm_cmpdf2.o)
 .data          0x200001cc        0x0 C:\arm-gnu-toolchain-12.2.rel1-mingw-w64-i686-arm-none-eabi\lib\gcc\arm-none-eabi\12.2.1\thumb\v6-m\nofp\libgcc.a(adddf3.o)
 .data          0x200001cc        0x0 C:\arm-gnu-toolchain-12.2.rel1-mingw-w64-i686-arm-none-eabi\lib\gcc\arm-none-eabi\12.2.1\thumb\v6-m\nofp\libgcc.a(eqdf2.o)
 .data          0x200001cc        0x0 C:\arm-gnu-toolchain-12.2.rel1-mingw-w64-i686-arm-none-eabi\lib\gcc\arm-none-eabi\12.2.1\thumb\v6-m\nofp\libgcc.a(gedf2.o)
 .data          0x200001cc        0x0 C:\arm-gnu-toolchain-12.2.rel1-mingw-w64-i686-arm-none-eabi\lib\gcc\arm-none-eabi\12.2.1\thumb\v6-m\nofp\libgcc.a(ledf2.o)
 .data          0x200001cc        0x0 C:\arm-gnu-toolchain-12.2.rel1-mingw-w64-i686-arm-none-eabi\lib\gcc\arm-none-eabi\12.2.1\thumb\v6-m\nofp\libgcc.a(subdf3.o)
 .data          0x200001cc        0x0 C:\arm-gnu-toolchain-12.2.rel1-mingw-w64-i686-arm-none-eabi\lib\gcc\arm-none-eabi\12.2.1\thumb\v6-m\nofp\libgcc.a(unorddf2.o)
 .data          0x200001cc        0x0 C:\arm-gnu-toolchain-12.2.rel1-mingw-w64-i686-arm-none-eabi\lib\gcc\arm-none-eabi\12.2.1\thumb\v6-m\nofp\libgcc.a(fixdfsi.o)
 .data          0x200001cc        0x0 C:\arm-gnu-toolchain-12.2.rel1-mingw-w64-i686-arm-none-eabi\lib\gcc\arm-none-eabi\12.2.1\thumb\v6-m\nofp\libgcc.a(floatunsidf.o)
                0x200001cc                . = ALIGN (0x4)
                0x200001cc                _edata = .

.igot.plt       0x200001cc        0x0 load address 0x08006bb4
 .igot.plt      0x200001cc        0x0 main.o

.bss            0x200001cc      0x200 load address 0x08006bb4
                0x200001cc                _bss = .
 *(.bss*)
 .bss           0x200001cc        0x0 main.o
 .bss           0x200001cc        0x0 startup.o
 .bss           0x200001cc       0xa4 serial.o
                0x200001cc                ComRXBuffer
                0x20000218                ComTXBuffer
                0x20000264                ComOpen
                0x20000268                ComError
                0x2000026c                ComBusy
 .bss           0x20000270        0x0 adc.o
 .bss           0x20000270        0x8 newlib_stubs.o
                0x20000270                __env
 .bss           0x20000278        0x0 C:\arm-gnu-toolchain-12.2.rel1-mingw-w64-i686-arm-none-eabi\lib\gcc\arm-none-eabi\12.2.1\thumb\v6-m\nofp\libnosys.a(errno.o)
 .bss.errno     0x20000278        0x4 C:\arm-gnu-toolchain-12.2.rel1-mingw-w64-i686-arm-none-eabi\lib\gcc\arm-none-eabi\12.2.1\thumb\v6-m\nofp\libnosys.a(errno.o)
                0x20000278                errno
 .bss           0x2000027c        0x0 C:\arm-gnu-toolchain-12.2.rel1-mingw-w64-i686-arm-none-eabi\lib\gcc\arm-none-eabi\12.2.1\thumb\v6-m\nofp\libgcc.a(_divsi3.o)
 .bss           0x2000027c        0x0 C:\arm-gnu-toolchain-12.2.rel1-mingw-w64-i686-arm-none-eabi\lib\gcc\arm-none-eabi\12.2.1\thumb\v6-m\nofp\libgcc.a(_dvmd_tls.o)
 .bss           0x2000027c        0x0 C:\arm-gnu-toolchain-12.2.rel1-mingw-w64-i686-arm-none-eabi\lib\gcc\arm-none-eabi\12.2.1\thumb\v6-m\nofp\libgcc.a(divdf3.o)
 .bss           0x2000027c        0x0 C:\arm-gnu-toolchain-12.2.rel1-mingw-w64-i686-arm-none-eabi\lib\gcc\arm-none-eabi\12.2.1\thumb\v6-m\nofp\libgcc.a(muldf3.o)
 .bss           0x2000027c        0x0 C:\arm-gnu-toolchain-12.2.rel1-mingw-w64-i686-arm-none-eabi\lib\gcc\arm-none-eabi\12.2.1\thumb\v6-m\nofp\libgcc.a(floatsidf.o)
 .bss           0x2000027c        0x0 C:\arm-gnu-toolchain-12.2.rel1-mingw-w64-i686-arm-none-eabi\lib\gcc\arm-none-eabi\12.2.1\thumb\v6-m\nofp\libgcc.a(extendsfdf2.o)
 .bss           0x2000027c        0x0 C:\arm-gnu-toolchain-12.2.rel1-mingw-w64-i686-arm-none-eabi\lib\gcc\arm-none-eabi\12.2.1\thumb\v6-m\nofp\libgcc.a(truncdfsf2.o)
 .bss           0x2000027c        0x0 C:\arm-gnu-toolchain-12.2.rel1-mingw-w64-i686-arm-none-eabi\lib\gcc\arm-none-eabi\12.2.1\thumb\v6-m\nofp\libgcc.a(_udivsi3.o)
 .bss           0x2000027c        0x0 C:\arm-gnu-toolchain-12.2.rel1-mingw-w64-i686-arm-none-eabi\lib\gcc\arm-none-eabi\12.2.1\thumb\v6-m\nofp\libgcc.a(_clzsi2.o)
 .bss           0x2000027c        0x0 C:\arm-gnu-toolchain-12.2.rel1-mingw-w64-i686-arm-none-eabi\lib\gcc\arm-none-eabi\12.2.1\thumb\v6-m\nofp\libc_nano.a(libc_a-nano-vfprintf_float.o)
 .bss           0x2000027c        0x0 C:\arm-gnu-toolchain-12.2.rel1-mingw-w64-i686-arm-none-eabi\lib\gcc\arm-none-eabi\12.2.1\thumb\v6-m\nofp\libc_nano.a(libc_a-nano-vfprintf_i.o)
 .bss           0x2000027c        0x0 C:\arm-gnu-toolchain-12.2.rel1-mingw-w64-i686-arm-none-eabi\lib\gcc\arm-none-eabi\12.2.1\thumb\v6-m\nofp\libc_nano.a(libc_a-fflush.o)
 .bss           0x2000027c        0x0 C:\arm-gnu-toolchain-12.2.rel1-mingw-w64-i686-arm-none-eabi\lib\gcc\arm-none-eabi\12.2.1\thumb\v6-m\nofp\libc_nano.a(libc_a-findfp.o)
 .bss.__sf      0x2000027c      0x138 C:\arm-gnu-toolchain-12.2.rel1-mingw-w64-i686-arm-none-eabi\lib\gcc\arm-none-eabi\12.2.1\thumb\v6-m\nofp\libc_nano.a(libc_a-findfp.o)
                0x2000027c                __sf
 .bss.__stdio_exit_handler
                0x200003b4        0x4 C:\arm-gnu-toolchain-12.2.rel1-mingw-w64-i686-arm-none-eabi\lib\gcc\arm-none-eabi\12.2.1\thumb\v6-m\nofp\libc_nano.a(libc_a-findfp.o)
                0x200003b4                __stdio_exit_handler
 .bss           0x200003b8        0x0 C:\arm-gnu-toolchain-12.2.rel1-mingw-w64-i686-arm-none-eabi\lib\gcc\arm-none-eabi\12.2.1\thumb\v6-m\nofp\libc_nano.a(libc_a-fwalk.o)
 .bss           0x200003b8        0x0 C:\arm-gnu-toolchain-12.2.rel1-mingw-w64-i686-arm-none-eabi\lib\gcc\arm-none-eabi\12.2.1\thumb\v6-m\nofp\libc_nano.a(libc_a-printf.o)
 .bss           0x200003b8        0x0 C:\arm-gnu-toolchain-12.2.rel1-mingw-w64-i686-arm-none-eabi\lib\gcc\arm-none-eabi\12.2.1\thumb\v6-m\nofp\libc_nano.a(libc_a-puts.o)
 .bss           0x200003b8        0x0 C:\arm-gnu-toolchain-12.2.rel1-mingw-w64-i686-arm-none-eabi\lib\gcc\arm-none-eabi\12.2.1\thumb\v6-m\nofp\libc_nano.a(libc_a-stdio.o)
 .bss           0x200003b8        0x0 C:\arm-gnu-toolchain-12.2.rel1-mingw-w64-i686-arm-none-eabi\lib\gcc\arm-none-eabi\12.2.1\thumb\v6-m\nofp\libc_nano.a(libc_a-wbuf.o)
 .bss           0x200003b8        0x0 C:\arm-gnu-toolchain-12.2.rel1-mingw-w64-i686-arm-none-eabi\lib\gcc\arm-none-eabi\12.2.1\thumb\v6-m\nofp\libc_nano.a(libc_a-wsetup.o)
 .bss           0x200003b8        0x0 C:\arm-gnu-toolchain-12.2.rel1-mingw-w64-i686-arm-none-eabi\lib\gcc\arm-none-eabi\12.2.1\thumb\v6-m\nofp\libc_nano.a(libc_a-memset.o)
 .bss           0x200003b8        0x0 C:\arm-gnu-toolchain-12.2.rel1-mingw-w64-i686-arm-none-eabi\lib\gcc\arm-none-eabi\12.2.1\thumb\v6-m\nofp\libc_nano.a(libc_a-localeconv.o)
 .bss           0x200003b8        0x0 C:\arm-gnu-toolchain-12.2.rel1-mingw-w64-i686-arm-none-eabi\lib\gcc\arm-none-eabi\12.2.1\thumb\v6-m\nofp\libc_nano.a(libc_a-closer.o)
 .bss           0x200003b8        0x0 C:\arm-gnu-toolchain-12.2.rel1-mingw-w64-i686-arm-none-eabi\lib\gcc\arm-none-eabi\12.2.1\thumb\v6-m\nofp\libc_nano.a(libc_a-impure.o)
 .bss           0x200003b8        0x0 C:\arm-gnu-toolchain-12.2.rel1-mingw-w64-i686-arm-none-eabi\lib\gcc\arm-none-eabi\12.2.1\thumb\v6-m\nofp\libc_nano.a(libc_a-lseekr.o)
 .bss           0x200003b8        0x0 C:\arm-gnu-toolchain-12.2.rel1-mingw-w64-i686-arm-none-eabi\lib\gcc\arm-none-eabi\12.2.1\thumb\v6-m\nofp\libc_nano.a(libc_a-readr.o)
 .bss           0x200003b8        0x0 C:\arm-gnu-toolchain-12.2.rel1-mingw-w64-i686-arm-none-eabi\lib\gcc\arm-none-eabi\12.2.1\thumb\v6-m\nofp\libc_nano.a(libc_a-writer.o)
 .bss           0x200003b8        0x0 C:\arm-gnu-toolchain-12.2.rel1-mingw-w64-i686-arm-none-eabi\lib\gcc\arm-none-eabi\12.2.1\thumb\v6-m\nofp\libc_nano.a(libc_a-lock.o)
 .bss.__lock___arc4random_mutex
                0x200003b8        0x1 C:\arm-gnu-toolchain-12.2.rel1-mingw-w64-i686-arm-none-eabi\lib\gcc\arm-none-eabi\12.2.1\thumb\v6-m\nofp\libc_nano.a(libc_a-lock.o)
                0x200003b8                __lock___arc4random_mutex
 .bss.__lock___dd_hash_mutex
                0x200003b9        0x1 C:\arm-gnu-toolchain-12.2.rel1-mingw-w64-i686-arm-none-eabi\lib\gcc\arm-none-eabi\12.2.1\thumb\v6-m\nofp\libc_nano.a(libc_a-lock.o)
                0x200003b9                __lock___dd_hash_mutex
 .bss.__lock___tz_mutex
                0x200003ba        0x1 C:\arm-gnu-toolchain-12.2.rel1-mingw-w64-i686-arm-none-eabi\lib\gcc\arm-none-eabi\12.2.1\thumb\v6-m\nofp\libc_nano.a(libc_a-lock.o)
                0x200003ba                __lock___tz_mutex
 .bss.__lock___env_recursive_mutex
                0x200003bb        0x1 C:\arm-gnu-toolchain-12.2.rel1-mingw-w64-i686-arm-none-eabi\lib\gcc\arm-none-eabi\12.2.1\thumb\v6-m\nofp\libc_nano.a(libc_a-lock.o)
                0x200003bb                __lock___env_recursive_mutex
 .bss.__lock___malloc_recursive_mutex
                0x200003bc        0x1 C:\arm-gnu-toolchain-12.2.rel1-mingw-w64-i686-arm-none-eabi\lib\gcc\arm-none-eabi\12.2.1\thumb\v6-m\nofp\libc_nano.a(libc_a-lock.o)
                0x200003bc                __lock___malloc_recursive_mutex
 .bss.__lock___at_quick_exit_mutex
                0x200003bd        0x1 C:\arm-gnu-toolchain-12.2.rel1-mingw-w64-i686-arm-none-eabi\lib\gcc\arm-none-eabi\12.2.1\thumb\v6-m\nofp\libc_nano.a(libc_a-lock.o)
                0x200003bd                __lock___at_quick_exit_mutex
 .bss.__lock___atexit_recursive_mutex
                0x200003be        0x1 C:\arm-gnu-toolchain-12.2.rel1-mingw-w64-i686-arm-none-eabi\lib\gcc\arm-none-eabi\12.2.1\thumb\v6-m\nofp\libc_nano.a(libc_a-lock.o)
                0x200003be                __lock___atexit_recursive_mutex
 .bss.__lock___sfp_recursive_mutex
                0x200003bf        0x1 C:\arm-gnu-toolchain-12.2.rel1-mingw-w64-i686-arm-none-eabi\lib\gcc\arm-none-eabi\12.2.1\thumb\v6-m\nofp\libc_nano.a(libc_a-lock.o)
                0x200003bf                __lock___sfp_recursive_mutex
 .bss           0x200003c0        0x0 C:\arm-gnu-toolchain-12.2.rel1-mingw-w64-i686-arm-none-eabi\lib\gcc\arm-none-eabi\12.2.1\thumb\v6-m\nofp\libc_nano.a(libc_a-memchr-stub.o)
 .bss           0x200003c0        0x0 C:\arm-gnu-toolchain-12.2.rel1-mingw-w64-i686-arm-none-eabi\lib\gcc\arm-none-eabi\12.2.1\thumb\v6-m\nofp\libc_nano.a(libc_a-strlen.o)
 .bss           0x200003c0        0x0 C:\arm-gnu-toolchain-12.2.rel1-mingw-w64-i686-arm-none-eabi\lib\gcc\arm-none-eabi\12.2.1\thumb\v6-m\nofp\libc_nano.a(libc_a-dtoa.o)
 .bss           0x200003c0        0x0 C:\arm-gnu-toolchain-12.2.rel1-mingw-w64-i686-arm-none-eabi\lib\gcc\arm-none-eabi\12.2.1\thumb\v6-m\nofp\libc_nano.a(libc_a-freer.o)
 .bss           0x200003c0        0x0 C:\arm-gnu-toolchain-12.2.rel1-mingw-w64-i686-arm-none-eabi\lib\gcc\arm-none-eabi\12.2.1\thumb\v6-m\nofp\libc_nano.a(libc_a-malloc.o)
 .bss           0x200003c0        0x0 C:\arm-gnu-toolchain-12.2.rel1-mingw-w64-i686-arm-none-eabi\lib\gcc\arm-none-eabi\12.2.1\thumb\v6-m\nofp\libc_nano.a(libc_a-mallocr.o)
 .bss.__malloc_sbrk_start
                0x200003c0        0x4 C:\arm-gnu-toolchain-12.2.rel1-mingw-w64-i686-arm-none-eabi\lib\gcc\arm-none-eabi\12.2.1\thumb\v6-m\nofp\libc_nano.a(libc_a-mallocr.o)
                0x200003c0                __malloc_sbrk_start
 .bss.__malloc_free_list
                0x200003c4        0x4 C:\arm-gnu-toolchain-12.2.rel1-mingw-w64-i686-arm-none-eabi\lib\gcc\arm-none-eabi\12.2.1\thumb\v6-m\nofp\libc_nano.a(libc_a-mallocr.o)
                0x200003c4                __malloc_free_list
 .bss           0x200003c8        0x0 C:\arm-gnu-toolchain-12.2.rel1-mingw-w64-i686-arm-none-eabi\lib\gcc\arm-none-eabi\12.2.1\thumb\v6-m\nofp\libc_nano.a(libc_a-mlock.o)
 .bss           0x200003c8        0x0 C:\arm-gnu-toolchain-12.2.rel1-mingw-w64-i686-arm-none-eabi\lib\gcc\arm-none-eabi\12.2.1\thumb\v6-m\nofp\libc_nano.a(libc_a-mprec.o)
 .bss           0x200003c8        0x0 C:\arm-gnu-toolchain-12.2.rel1-mingw-w64-i686-arm-none-eabi\lib\gcc\arm-none-eabi\12.2.1\thumb\v6-m\nofp\libc_nano.a(libc_a-nano-vfprintf.o)
 .bss           0x200003c8        0x0 C:\arm-gnu-toolchain-12.2.rel1-mingw-w64-i686-arm-none-eabi\lib\gcc\arm-none-eabi\12.2.1\thumb\v6-m\nofp\libc_nano.a(libc_a-fvwrite.o)
 .bss           0x200003c8        0x0 C:\arm-gnu-toolchain-12.2.rel1-mingw-w64-i686-arm-none-eabi\lib\gcc\arm-none-eabi\12.2.1\thumb\v6-m\nofp\libc_nano.a(libc_a-makebuf.o)
 .bss           0x200003c8        0x0 C:\arm-gnu-toolchain-12.2.rel1-mingw-w64-i686-arm-none-eabi\lib\gcc\arm-none-eabi\12.2.1\thumb\v6-m\nofp\libc_nano.a(libc_a-memmove.o)
 .bss           0x200003c8        0x0 C:\arm-gnu-toolchain-12.2.rel1-mingw-w64-i686-arm-none-eabi\lib\gcc\arm-none-eabi\12.2.1\thumb\v6-m\nofp\libc_nano.a(libc_a-locale.o)
 .bss._PathLocale
                0x200003c8        0x4 C:\arm-gnu-toolchain-12.2.rel1-mingw-w64-i686-arm-none-eabi\lib\gcc\arm-none-eabi\12.2.1\thumb\v6-m\nofp\libc_nano.a(libc_a-locale.o)
                0x200003c8                _PathLocale
 .bss           0x200003cc        0x0 C:\arm-gnu-toolchain-12.2.rel1-mingw-w64-i686-arm-none-eabi\lib\gcc\arm-none-eabi\12.2.1\thumb\v6-m\nofp\libc_nano.a(libc_a-fstatr.o)
 .bss           0x200003cc        0x0 C:\arm-gnu-toolchain-12.2.rel1-mingw-w64-i686-arm-none-eabi\lib\gcc\arm-none-eabi\12.2.1\thumb\v6-m\nofp\libc_nano.a(libc_a-isattyr.o)
 .bss           0x200003cc        0x0 C:\arm-gnu-toolchain-12.2.rel1-mingw-w64-i686-arm-none-eabi\lib\gcc\arm-none-eabi\12.2.1\thumb\v6-m\nofp\libc_nano.a(libc_a-sbrkr.o)
 .bss           0x200003cc        0x0 C:\arm-gnu-toolchain-12.2.rel1-mingw-w64-i686-arm-none-eabi\lib\gcc\arm-none-eabi\12.2.1\thumb\v6-m\nofp\libc_nano.a(libc_a-strcmp.o)
 .bss           0x200003cc        0x0 C:\arm-gnu-toolchain-12.2.rel1-mingw-w64-i686-arm-none-eabi\lib\gcc\arm-none-eabi\12.2.1\thumb\v6-m\nofp\libc_nano.a(libc_a-memcpy-stub.o)
 .bss           0x200003cc        0x0 C:\arm-gnu-toolchain-12.2.rel1-mingw-w64-i686-arm-none-eabi\lib\gcc\arm-none-eabi\12.2.1\thumb\v6-m\nofp\libc_nano.a(libc_a-assert.o)
 .bss           0x200003cc        0x0 C:\arm-gnu-toolchain-12.2.rel1-mingw-w64-i686-arm-none-eabi\lib\gcc\arm-none-eabi\12.2.1\thumb\v6-m\nofp\libc_nano.a(libc_a-callocr.o)
 .bss           0x200003cc        0x0 C:\arm-gnu-toolchain-12.2.rel1-mingw-w64-i686-arm-none-eabi\lib\gcc\arm-none-eabi\12.2.1\thumb\v6-m\nofp\libc_nano.a(libc_a-mbtowc_r.o)
 .bss           0x200003cc        0x0 C:\arm-gnu-toolchain-12.2.rel1-mingw-w64-i686-arm-none-eabi\lib\gcc\arm-none-eabi\12.2.1\thumb\v6-m\nofp\libc_nano.a(libc_a-reallocr.o)
 .bss           0x200003cc        0x0 C:\arm-gnu-toolchain-12.2.rel1-mingw-w64-i686-arm-none-eabi\lib\gcc\arm-none-eabi\12.2.1\thumb\v6-m\nofp\libc_nano.a(libc_a-wctomb_r.o)
 .bss           0x200003cc        0x0 C:\arm-gnu-toolchain-12.2.rel1-mingw-w64-i686-arm-none-eabi\lib\gcc\arm-none-eabi\12.2.1\thumb\v6-m\nofp\libc_nano.a(libc_a-ctype_.o)
 .bss           0x200003cc        0x0 C:\arm-gnu-toolchain-12.2.rel1-mingw-w64-i686-arm-none-eabi\lib\gcc\arm-none-eabi\12.2.1\thumb\v6-m\nofp\libc_nano.a(libc_a-fprintf.o)
 .bss           0x200003cc        0x0 C:\arm-gnu-toolchain-12.2.rel1-mingw-w64-i686-arm-none-eabi\lib\gcc\arm-none-eabi\12.2.1\thumb\v6-m\nofp\libc_nano.a(libc_a-abort.o)
 .bss           0x200003cc        0x0 C:\arm-gnu-toolchain-12.2.rel1-mingw-w64-i686-arm-none-eabi\lib\gcc\arm-none-eabi\12.2.1\thumb\v6-m\nofp\libc_nano.a(libc_a-msizer.o)
 .bss           0x200003cc        0x0 C:\arm-gnu-toolchain-12.2.rel1-mingw-w64-i686-arm-none-eabi\lib\gcc\arm-none-eabi\12.2.1\thumb\v6-m\nofp\libc_nano.a(libc_a-signal.o)
 .bss           0x200003cc        0x0 C:\arm-gnu-toolchain-12.2.rel1-mingw-w64-i686-arm-none-eabi\lib\gcc\arm-none-eabi\12.2.1\thumb\v6-m\nofp\libc_nano.a(libc_a-signalr.o)
 .bss           0x200003cc        0x0 C:\arm-gnu-toolchain-12.2.rel1-mingw-w64-i686-arm-none-eabi\lib\gcc\arm-none-eabi\12.2.1\thumb\v6-m\nofp\libgcc.a(_thumb1_case_uqi.o)
 .bss           0x200003cc        0x0 C:\arm-gnu-toolchain-12.2.rel1-mingw-w64-i686-arm-none-eabi\lib\gcc\arm-none-eabi\12.2.1\thumb\v6-m\nofp\libgcc.a(_thumb1_case_shi.o)
 .bss           0x200003cc        0x0 C:\arm-gnu-toolchain-12.2.rel1-mingw-w64-i686-arm-none-eabi\lib\gcc\arm-none-eabi\12.2.1\thumb\v6-m\nofp\libgcc.a(_arm_cmpdf2.o)
 .bss           0x200003cc        0x0 C:\arm-gnu-toolchain-12.2.rel1-mingw-w64-i686-arm-none-eabi\lib\gcc\arm-none-eabi\12.2.1\thumb\v6-m\nofp\libgcc.a(adddf3.o)
 .bss           0x200003cc        0x0 C:\arm-gnu-toolchain-12.2.rel1-mingw-w64-i686-arm-none-eabi\lib\gcc\arm-none-eabi\12.2.1\thumb\v6-m\nofp\libgcc.a(eqdf2.o)
 .bss           0x200003cc        0x0 C:\arm-gnu-toolchain-12.2.rel1-mingw-w64-i686-arm-none-eabi\lib\gcc\arm-none-eabi\12.2.1\thumb\v6-m\nofp\libgcc.a(gedf2.o)
 .bss           0x200003cc        0x0 C:\arm-gnu-toolchain-12.2.rel1-mingw-w64-i686-arm-none-eabi\lib\gcc\arm-none-eabi\12.2.1\thumb\v6-m\nofp\libgcc.a(ledf2.o)
 .bss           0x200003cc        0x0 C:\arm-gnu-toolchain-12.2.rel1-mingw-w64-i686-arm-none-eabi\lib\gcc\arm-none-eabi\12.2.1\thumb\v6-m\nofp\libgcc.a(subdf3.o)
 .bss           0x200003cc        0x0 C:\arm-gnu-toolchain-12.2.rel1-mingw-w64-i686-arm-none-eabi\lib\gcc\arm-none-eabi\12.2.1\thumb\v6-m\nofp\libgcc.a(unorddf2.o)
 .bss           0x200003cc        0x0 C:\arm-gnu-toolchain-12.2.rel1-mingw-w64-i686-arm-none-eabi\lib\gcc\arm-none-eabi\12.2.1\thumb\v6-m\nofp\libgcc.a(fixdfsi.o)
 .bss           0x200003cc        0x0 C:\arm-gnu-toolchain-12.2.rel1-mingw-w64-i686-arm-none-eabi\lib\gcc\arm-none-eabi\12.2.1\thumb\v6-m\nofp\libgcc.a(floatunsidf.o)
 *(COMMON)
                0x200003cc                . = ALIGN (0x4)
                0x200003cc                _ebss = .
                [!provide]                PROVIDE (end = .)
                0x200003cc                PROVIDE (_HeapStart = .)
                0x20002000                PROVIDE (_StackTop = (ORIGIN (ram) + LENGTH (ram)))
OUTPUT(main.elf elf32-littlearm)
LOAD linker stubs

.debug_info     0x00000000     0x1f66
 .debug_info    0x00000000      0xa5b main.o
 .debug_info    0x00000a5b      0x391 startup.o
 .debug_info    0x00000dec      0x79e serial.o
 .debug_info    0x0000158a      0x2d8 adc.o
 .debug_info    0x00001862      0x704 newlib_stubs.o

.debug_abbrev   0x00000000      0x8b2
 .debug_abbrev  0x00000000      0x222 main.o
 .debug_abbrev  0x00000222      0x1c2 startup.o
 .debug_abbrev  0x000003e4      0x208 serial.o
 .debug_abbrev  0x000005ec      0x113 adc.o
 .debug_abbrev  0x000006ff      0x1b3 newlib_stubs.o

.debug_aranges  0x00000000       0xa8
 .debug_aranges
                0x00000000       0x20 main.o
 .debug_aranges
                0x00000020       0x28 startup.o
 .debug_aranges
                0x00000048       0x20 serial.o
 .debug_aranges
                0x00000068       0x20 adc.o
 .debug_aranges
                0x00000088       0x20 newlib_stubs.o

.debug_line     0x00000000      0xf62
 .debug_line    0x00000000      0x2fd main.o
 .debug_line    0x000002fd      0x2c3 startup.o
 .debug_line    0x000005c0      0x4f4 serial.o
 .debug_line    0x00000ab4      0x1d8 adc.o
 .debug_line    0x00000c8c      0x2d6 newlib_stubs.o

.debug_str      0x00000000      0xa18
 .debug_str     0x00000000      0x53f main.o
                                0x5b6 (size before relaxing)
 .debug_str     0x0000053f      0x104 startup.o
                                0x2fc (size before relaxing)
 .debug_str     0x00000643      0x169 serial.o
                                0x3bb (size before relaxing)
 .debug_str     0x000007ac       0x61 adc.o
                                0x277 (size before relaxing)
 .debug_str     0x0000080d      0x20b newlib_stubs.o
                                0x3ed (size before relaxing)

.comment        0x00000000       0x45
 .comment       0x00000000       0x45 main.o
                                 0x46 (size before relaxing)
 .comment       0x00000045       0x46 startup.o
 .comment       0x00000045       0x46 serial.o
 .comment       0x00000045       0x46 adc.o
 .comment       0x00000045       0x46 newlib_stubs.o

.ARM.attributes
                0x00000000       0x2a
 .ARM.attributes
                0x00000000       0x2c main.o
 .ARM.attributes
                0x0000002c       0x2c startup.o
 .ARM.attributes
                0x00000058       0x2c serial.o
 .ARM.attributes
                0x00000084       0x2c adc.o
 .ARM.attributes
                0x000000b0       0x2c newlib_stubs.o
 .ARM.attributes
                0x000000dc       0x2c C:\arm-gnu-toolchain-12.2.rel1-mingw-w64-i686-arm-none-eabi\lib\gcc\arm-none-eabi\12.2.1\thumb\v6-m\nofp\libnosys.a(errno.o)
 .ARM.attributes
                0x00000108       0x1e C:\arm-gnu-toolchain-12.2.rel1-mingw-w64-i686-arm-none-eabi\lib\gcc\arm-none-eabi\12.2.1\thumb\v6-m\nofp\libgcc.a(_divsi3.o)
 .ARM.attributes
                0x00000126       0x1e C:\arm-gnu-toolchain-12.2.rel1-mingw-w64-i686-arm-none-eabi\lib\gcc\arm-none-eabi\12.2.1\thumb\v6-m\nofp\libgcc.a(_dvmd_tls.o)
 .ARM.attributes
                0x00000144       0x2c C:\arm-gnu-toolchain-12.2.rel1-mingw-w64-i686-arm-none-eabi\lib\gcc\arm-none-eabi\12.2.1\thumb\v6-m\nofp\libgcc.a(divdf3.o)
 .ARM.attributes
                0x00000170       0x2c C:\arm-gnu-toolchain-12.2.rel1-mingw-w64-i686-arm-none-eabi\lib\gcc\arm-none-eabi\12.2.1\thumb\v6-m\nofp\libgcc.a(muldf3.o)
 .ARM.attributes
                0x0000019c       0x2c C:\arm-gnu-toolchain-12.2.rel1-mingw-w64-i686-arm-none-eabi\lib\gcc\arm-none-eabi\12.2.1\thumb\v6-m\nofp\libgcc.a(floatsidf.o)
 .ARM.attributes
                0x000001c8       0x2c C:\arm-gnu-toolchain-12.2.rel1-mingw-w64-i686-arm-none-eabi\lib\gcc\arm-none-eabi\12.2.1\thumb\v6-m\nofp\libgcc.a(extendsfdf2.o)
 .ARM.attributes
                0x000001f4       0x2c C:\arm-gnu-toolchain-12.2.rel1-mingw-w64-i686-arm-none-eabi\lib\gcc\arm-none-eabi\12.2.1\thumb\v6-m\nofp\libgcc.a(truncdfsf2.o)
 .ARM.attributes
                0x00000220       0x1e C:\arm-gnu-toolchain-12.2.rel1-mingw-w64-i686-arm-none-eabi\lib\gcc\arm-none-eabi\12.2.1\thumb\v6-m\nofp\libgcc.a(_udivsi3.o)
 .ARM.attributes
                0x0000023e       0x1e C:\arm-gnu-toolchain-12.2.rel1-mingw-w64-i686-arm-none-eabi\lib\gcc\arm-none-eabi\12.2.1\thumb\v6-m\nofp\libgcc.a(_clzsi2.o)
 .ARM.attributes
                0x0000025c       0x2c C:\arm-gnu-toolchain-12.2.rel1-mingw-w64-i686-arm-none-eabi\lib\gcc\arm-none-eabi\12.2.1\thumb\v6-m\nofp\libc_nano.a(libc_a-nano-vfprintf_float.o)
 .ARM.attributes
                0x00000288       0x2c C:\arm-gnu-toolchain-12.2.rel1-mingw-w64-i686-arm-none-eabi\lib\gcc\arm-none-eabi\12.2.1\thumb\v6-m\nofp\libc_nano.a(libc_a-nano-vfprintf_i.o)
 .ARM.attributes
                0x000002b4       0x2c C:\arm-gnu-toolchain-12.2.rel1-mingw-w64-i686-arm-none-eabi\lib\gcc\arm-none-eabi\12.2.1\thumb\v6-m\nofp\libc_nano.a(libc_a-fflush.o)
 .ARM.attributes
                0x000002e0       0x2c C:\arm-gnu-toolchain-12.2.rel1-mingw-w64-i686-arm-none-eabi\lib\gcc\arm-none-eabi\12.2.1\thumb\v6-m\nofp\libc_nano.a(libc_a-findfp.o)
 .ARM.attributes
                0x0000030c       0x2c C:\arm-gnu-toolchain-12.2.rel1-mingw-w64-i686-arm-none-eabi\lib\gcc\arm-none-eabi\12.2.1\thumb\v6-m\nofp\libc_nano.a(libc_a-fwalk.o)
 .ARM.attributes
                0x00000338       0x2c C:\arm-gnu-toolchain-12.2.rel1-mingw-w64-i686-arm-none-eabi\lib\gcc\arm-none-eabi\12.2.1\thumb\v6-m\nofp\libc_nano.a(libc_a-printf.o)
 .ARM.attributes
                0x00000364       0x2c C:\arm-gnu-toolchain-12.2.rel1-mingw-w64-i686-arm-none-eabi\lib\gcc\arm-none-eabi\12.2.1\thumb\v6-m\nofp\libc_nano.a(libc_a-puts.o)
 .ARM.attributes
                0x00000390       0x2c C:\arm-gnu-toolchain-12.2.rel1-mingw-w64-i686-arm-none-eabi\lib\gcc\arm-none-eabi\12.2.1\thumb\v6-m\nofp\libc_nano.a(libc_a-stdio.o)
 .ARM.attributes
                0x000003bc       0x2c C:\arm-gnu-toolchain-12.2.rel1-mingw-w64-i686-arm-none-eabi\lib\gcc\arm-none-eabi\12.2.1\thumb\v6-m\nofp\libc_nano.a(libc_a-wbuf.o)
 .ARM.attributes
                0x000003e8       0x2c C:\arm-gnu-toolchain-12.2.rel1-mingw-w64-i686-arm-none-eabi\lib\gcc\arm-none-eabi\12.2.1\thumb\v6-m\nofp\libc_nano.a(libc_a-wsetup.o)
 .ARM.attributes
                0x00000414       0x2c C:\arm-gnu-toolchain-12.2.rel1-mingw-w64-i686-arm-none-eabi\lib\gcc\arm-none-eabi\12.2.1\thumb\v6-m\nofp\libc_nano.a(libc_a-memset.o)
 .ARM.attributes
                0x00000440       0x2c C:\arm-gnu-toolchain-12.2.rel1-mingw-w64-i686-arm-none-eabi\lib\gcc\arm-none-eabi\12.2.1\thumb\v6-m\nofp\libc_nano.a(libc_a-localeconv.o)
 .ARM.attributes
                0x0000046c       0x2c C:\arm-gnu-toolchain-12.2.rel1-mingw-w64-i686-arm-none-eabi\lib\gcc\arm-none-eabi\12.2.1\thumb\v6-m\nofp\libc_nano.a(libc_a-closer.o)
 .ARM.attributes
                0x00000498       0x2c C:\arm-gnu-toolchain-12.2.rel1-mingw-w64-i686-arm-none-eabi\lib\gcc\arm-none-eabi\12.2.1\thumb\v6-m\nofp\libc_nano.a(libc_a-impure.o)
 .ARM.attributes
                0x000004c4       0x2c C:\arm-gnu-toolchain-12.2.rel1-mingw-w64-i686-arm-none-eabi\lib\gcc\arm-none-eabi\12.2.1\thumb\v6-m\nofp\libc_nano.a(libc_a-lseekr.o)
 .ARM.attributes
                0x000004f0       0x2c C:\arm-gnu-toolchain-12.2.rel1-mingw-w64-i686-arm-none-eabi\lib\gcc\arm-none-eabi\12.2.1\thumb\v6-m\nofp\libc_nano.a(libc_a-readr.o)
 .ARM.attributes
                0x0000051c       0x2c C:\arm-gnu-toolchain-12.2.rel1-mingw-w64-i686-arm-none-eabi\lib\gcc\arm-none-eabi\12.2.1\thumb\v6-m\nofp\libc_nano.a(libc_a-writer.o)
 .ARM.attributes
                0x00000548       0x2c C:\arm-gnu-toolchain-12.2.rel1-mingw-w64-i686-arm-none-eabi\lib\gcc\arm-none-eabi\12.2.1\thumb\v6-m\nofp\libc_nano.a(libc_a-lock.o)
 .ARM.attributes
                0x00000574       0x2c C:\arm-gnu-toolchain-12.2.rel1-mingw-w64-i686-arm-none-eabi\lib\gcc\arm-none-eabi\12.2.1\thumb\v6-m\nofp\libc_nano.a(libc_a-memchr-stub.o)
 .ARM.attributes
                0x000005a0       0x1c C:\arm-gnu-toolchain-12.2.rel1-mingw-w64-i686-arm-none-eabi\lib\gcc\arm-none-eabi\12.2.1\thumb\v6-m\nofp\libc_nano.a(libc_a-strlen.o)
 .ARM.attributes
                0x000005bc       0x2c C:\arm-gnu-toolchain-12.2.rel1-mingw-w64-i686-arm-none-eabi\lib\gcc\arm-none-eabi\12.2.1\thumb\v6-m\nofp\libc_nano.a(libc_a-dtoa.o)
 .ARM.attributes
                0x000005e8       0x2c C:\arm-gnu-toolchain-12.2.rel1-mingw-w64-i686-arm-none-eabi\lib\gcc\arm-none-eabi\12.2.1\thumb\v6-m\nofp\libc_nano.a(libc_a-freer.o)
 .ARM.attributes
                0x00000614       0x2c C:\arm-gnu-toolchain-12.2.rel1-mingw-w64-i686-arm-none-eabi\lib\gcc\arm-none-eabi\12.2.1\thumb\v6-m\nofp\libc_nano.a(libc_a-malloc.o)
 .ARM.attributes
                0x00000640       0x2c C:\arm-gnu-toolchain-12.2.rel1-mingw-w64-i686-arm-none-eabi\lib\gcc\arm-none-eabi\12.2.1\thumb\v6-m\nofp\libc_nano.a(libc_a-mallocr.o)
 .ARM.attributes
                0x0000066c       0x2c C:\arm-gnu-toolchain-12.2.rel1-mingw-w64-i686-arm-none-eabi\lib\gcc\arm-none-eabi\12.2.1\thumb\v6-m\nofp\libc_nano.a(libc_a-mlock.o)
 .ARM.attributes
                0x00000698       0x2c C:\arm-gnu-toolchain-12.2.rel1-mingw-w64-i686-arm-none-eabi\lib\gcc\arm-none-eabi\12.2.1\thumb\v6-m\nofp\libc_nano.a(libc_a-mprec.o)
 .ARM.attributes
                0x000006c4       0x2c C:\arm-gnu-toolchain-12.2.rel1-mingw-w64-i686-arm-none-eabi\lib\gcc\arm-none-eabi\12.2.1\thumb\v6-m\nofp\libc_nano.a(libc_a-nano-vfprintf.o)
 .ARM.attributes
                0x000006f0       0x2c C:\arm-gnu-toolchain-12.2.rel1-mingw-w64-i686-arm-none-eabi\lib\gcc\arm-none-eabi\12.2.1\thumb\v6-m\nofp\libc_nano.a(libc_a-fvwrite.o)
 .ARM.attributes
                0x0000071c       0x2c C:\arm-gnu-toolchain-12.2.rel1-mingw-w64-i686-arm-none-eabi\lib\gcc\arm-none-eabi\12.2.1\thumb\v6-m\nofp\libc_nano.a(libc_a-makebuf.o)
 .ARM.attributes
                0x00000748       0x2c C:\arm-gnu-toolchain-12.2.rel1-mingw-w64-i686-arm-none-eabi\lib\gcc\arm-none-eabi\12.2.1\thumb\v6-m\nofp\libc_nano.a(libc_a-memmove.o)
 .ARM.attributes
                0x00000774       0x2c C:\arm-gnu-toolchain-12.2.rel1-mingw-w64-i686-arm-none-eabi\lib\gcc\arm-none-eabi\12.2.1\thumb\v6-m\nofp\libc_nano.a(libc_a-locale.o)
 .ARM.attributes
                0x000007a0       0x2c C:\arm-gnu-toolchain-12.2.rel1-mingw-w64-i686-arm-none-eabi\lib\gcc\arm-none-eabi\12.2.1\thumb\v6-m\nofp\libc_nano.a(libc_a-fstatr.o)
 .ARM.attributes
                0x000007cc       0x2c C:\arm-gnu-toolchain-12.2.rel1-mingw-w64-i686-arm-none-eabi\lib\gcc\arm-none-eabi\12.2.1\thumb\v6-m\nofp\libc_nano.a(libc_a-isattyr.o)
 .ARM.attributes
                0x000007f8       0x2c C:\arm-gnu-toolchain-12.2.rel1-mingw-w64-i686-arm-none-eabi\lib\gcc\arm-none-eabi\12.2.1\thumb\v6-m\nofp\libc_nano.a(libc_a-sbrkr.o)
 .ARM.attributes
                0x00000824       0x1c C:\arm-gnu-toolchain-12.2.rel1-mingw-w64-i686-arm-none-eabi\lib\gcc\arm-none-eabi\12.2.1\thumb\v6-m\nofp\libc_nano.a(libc_a-strcmp.o)
 .ARM.attributes
                0x00000840       0x2c C:\arm-gnu-toolchain-12.2.rel1-mingw-w64-i686-arm-none-eabi\lib\gcc\arm-none-eabi\12.2.1\thumb\v6-m\nofp\libc_nano.a(libc_a-memcpy-stub.o)
 .ARM.attributes
                0x0000086c       0x2c C:\arm-gnu-toolchain-12.2.rel1-mingw-w64-i686-arm-none-eabi\lib\gcc\arm-none-eabi\12.2.1\thumb\v6-m\nofp\libc_nano.a(libc_a-assert.o)
 .ARM.attributes