Archive member included to satisfy reference by file (symbol)

C:\arm-gnu-toolchain-12.2.rel1-mingw-w64-i686-arm-none-eabi\lib\gcc\arm-none-eabi\12.2.1\thumb\v6-m\nofp\libnosys.a(errno.o)
                              newlib_stubs.o (errno)
C:\arm-gnu-toolchain-12.2.rel1-mingw-w64-i686-arm-none-eabi\lib\gcc\arm-none-eabi\12.2.1\thumb\v6-m\nofp\libgcc.a(_divsi3.o)
                              main.o (__aeabi_idiv)
C:\arm-gnu-toolchain-12.2.rel1-mingw-w64-i686-arm-none-eabi\lib\gcc\arm-none-eabi\12.2.1\thumb\v6-m\nofp\libgcc.a(_dvmd_tls.o)
                              C:\arm-gnu-toolchain-12.2.rel1-mingw-w64-i686-arm-none-eabi\lib\gcc\arm-none-eabi\12.2.1\thumb\v6-m\nofp\libgcc.a(_divsi3.o) (__aeabi_idiv0)

Memory Configuration

Name             Origin             Length             Attributes
flash            0x08000000         0x00010000
ram              0x20000000         0x00002000
*default*        0x00000000         0xffffffff

Linker script and memory map

LOAD main.o
LOAD serial.o
LOAD startup.o
LOAD newlib_stubs.o
LOAD C:\arm-gnu-toolchain-12.2.rel1-mingw-w64-i686-arm-none-eabi\lib\gcc\arm-none-eabi\12.2.1\thumb\v6-m\nofp\libnosys.a
LOAD C:\arm-gnu-toolchain-12.2.rel1-mingw-w64-i686-arm-none-eabi\lib\gcc\arm-none-eabi\12.2.1\thumb\v6-m\nofp\libgcc.a
START GROUP
LOAD C:\arm-gnu-toolchain-12.2.rel1-mingw-w64-i686-arm-none-eabi\lib\gcc\arm-none-eabi\12.2.1\thumb\v6-m\nofp\libgcc.a
LOAD C:\arm-gnu-toolchain-12.2.rel1-mingw-w64-i686-arm-none-eabi\lib\gcc\arm-none-eabi\12.2.1\thumb\v6-m\nofp\libc_nano.a
LOAD C:\arm-gnu-toolchain-12.2.rel1-mingw-w64-i686-arm-none-eabi\lib\gcc\arm-none-eabi\12.2.1\thumb\v6-m\nofp\libm.a
END GROUP

.text           0x08000000     0x18dc
 *(.vectors)
 .vectors       0x08000000       0xb8 startup.o
                0x08000000                Vectors
 *(.after_vectors*)
 .after_vectors
                0x080000b8       0x28 startup.o
                0x080000b8                ResetInit
 *(.text*)
 .text          0x080000e0      0xb64 main.o
                0x080000e0                wait_1ms
                0x08000118                delayms
                0x0800013a                TIM2_Handler
                0x08000178                ADC_Config
                0x080001d4                initADC
                0x08000274                readADC
                0x080002e0                Configure_Pins
                0x080003e8                Delay_us
                0x08000448                waitms
                0x08000494                LCD_pulse
                0x080004c4                LCD_byte
                0x08000646                WriteData
                0x0800067a                WriteCommand
                0x080006ae                LCD_4BIT
                0x080006f8                LCDprint
                0x08000774                Hardware_Init
                0x08000954                main
 .text          0x08000c44      0x5b4 serial.o
                0x08000c44                ReadCom
                0x08000cb8                WriteCom
                0x08000d58                initUART
                0x08000ea8                USART1_Handler
                0x08000ed4                usart_rx
                0x08000f04                usart_tx
                0x08000f6c                PutBuf
                0x08000fce                GetBuf
                0x08001024                GetBufCount
                0x08001038                eputs
                0x08001074                eputc
                0x08001092                egetc
                0x080010ac                egets
                0x08001138                egetc_echo
                0x0800115e                egets_echo
 .text          0x080011f8      0x1a8 startup.o
                0x08001270                initClock
                0x08001378                EXTI2_3_Handler
                0x08001378                TIM21_Handler
                0x08001378                SysTick_Handler
                0x08001378                I2C1_Handler
                0x08001378                PendSV_Handler
                0x08001378                NMI_Handler
                0x08001378                WWDG_Handler
                0x08001378                RTC_Handler
                0x08001378                EXTI4_15_Handler
                0x08001378                DMA_CH4_5_6_7_Handler
                0x08001378                Default_Handler
                0x08001378                LPUART1_Handler
                0x08001378                FLASH_Handler
                0x08001378                EXTI0_1_Handler
                0x08001378                DMA_CH1_Handler
                0x08001378                SPI2_Handler
                0x08001378                DMA_CH2_3_Handler
                0x08001378                I2C2_Handler
                0x08001378                SVC_Handler
                0x08001378                LPTIM1_Handler
                0x08001378                USART2_Handler
                0x08001378                SPI1_Handler
                0x08001378                RCC_Handler
                0x08001378                PVD_Handler
                0x08001378                TIM6_Handler
                0x08001378                TIM22_Handler
                0x08001378                ADC_COMP_Handler
                0x0800138c                Hard_Fault_Handler
 .text          0x080013a0      0x29c newlib_stubs.o
                0x080013a0                _exit
                0x080013aa                _close
                0x080013be                _execve
                0x080013e0                _fork
                0x080013f8                _fstat
                0x08001414                _getpid
                0x08001420                _kill
                0x08001440                _link
                0x08001460                _lseek
                0x08001476                _stat
                0x08001492                _times
                0x080014a6                _unlink
                0x080014c4                _wait
                0x080014e4                _isatty
                0x0800150c                _sbrk
                0x08001570                _read
                0x080015e8                _write
 .text          0x0800163c        0x0 C:\arm-gnu-toolchain-12.2.rel1-mingw-w64-i686-arm-none-eabi\lib\gcc\arm-none-eabi\12.2.1\thumb\v6-m\nofp\libnosys.a(errno.o)
 .text          0x0800163c      0x1d4 C:\arm-gnu-toolchain-12.2.rel1-mingw-w64-i686-arm-none-eabi\lib\gcc\arm-none-eabi\12.2.1\thumb\v6-m\nofp\libgcc.a(_divsi3.o)
                0x0800163c                __divsi3
                0x0800163c                __aeabi_idiv
                0x08001808                __aeabi_idivmod
 .text          0x08001810        0x4 C:\arm-gnu-toolchain-12.2.rel1-mingw-w64-i686-arm-none-eabi\lib\gcc\arm-none-eabi\12.2.1\thumb\v6-m\nofp\libgcc.a(_dvmd_tls.o)
                0x08001810                __aeabi_idiv0
                0x08001810                __aeabi_ldiv0
 *(.rodata*)
 .rodata        0x08001814       0x4a main.o
 *fill*         0x0800185e        0x2 
 .rodata        0x08001860       0x7c startup.o
                0x080018dc                . = ALIGN (0x4)
                0x080018dc                PROVIDE (__init_array_start = .)
 *(SORT_BY_NAME(.init_array.*))
 *(.init_array)
                0x080018dc                PROVIDE (__init_array_end = .)
                0x080018dc                . = ALIGN (0x4)
                0x080018dc                _etext = .

.glue_7         0x080018dc        0x0
 .glue_7        0x080018dc        0x0 linker stubs

.glue_7t        0x080018dc        0x0
 .glue_7t       0x080018dc        0x0 linker stubs

.vfp11_veneer   0x080018dc        0x0
 .vfp11_veneer  0x080018dc        0x0 linker stubs

.v4_bx          0x080018dc        0x0
 .v4_bx         0x080018dc        0x0 linker stubs

.iplt           0x080018dc        0x0
 .iplt          0x080018dc        0x0 main.o

.rel.dyn        0x080018dc        0x0
 .rel.iplt      0x080018dc        0x0 main.o

.data           0x20000000        0x8 load address 0x080018dc
                0x20000000                . = ALIGN (0x4)
                0x20000000                _data = .
 *(.data*)
 .data          0x20000000        0x2 main.o
                0x20000000                pwm1
                0x20000001                pwm2
 .data          0x20000002        0x0 serial.o
 .data          0x20000002        0x0 startup.o
 *fill*         0x20000002        0x2 
 .data          0x20000004        0x4 newlib_stubs.o
                0x20000004                environ
 .data          0x20000008        0x0 C:\arm-gnu-toolchain-12.2.rel1-mingw-w64-i686-arm-none-eabi\lib\gcc\arm-none-eabi\12.2.1\thumb\v6-m\nofp\libnosys.a(errno.o)
 .data          0x20000008        0x0 C:\arm-gnu-toolchain-12.2.rel1-mingw-w64-i686-arm-none-eabi\lib\gcc\arm-none-eabi\12.2.1\thumb\v6-m\nofp\libgcc.a(_divsi3.o)
 .data          0x20000008        0x0 C:\arm-gnu-toolchain-12.2.rel1-mingw-w64-i686-arm-none-eabi\lib\gcc\arm-none-eabi\12.2.1\thumb\v6-m\nofp\libgcc.a(_dvmd_tls.o)
                0x20000008                . = ALIGN (0x4)
                0x20000008                _edata = .

.igot.plt       0x20000008        0x0 load address 0x080018e4
 .igot.plt      0x20000008        0x0 main.o

.bss            0x20000008       0xb4 load address 0x080018e4
                0x20000008                _bss = .
 *(.bss*)
 .bss           0x20000008        0x4 main.o
                0x20000008                PWM_Counter
 .bss           0x2000000c       0xa4 serial.o
                0x2000000c                ComRXBuffer
                0x20000058                ComTXBuffer
                0x200000a4                ComOpen
                0x200000a8                ComError
                0x200000ac                ComBusy
 .bss           0x200000b0        0x0 startup.o
 .bss           0x200000b0        0x8 newlib_stubs.o
                0x200000b0                __env
 .bss           0x200000b8        0x0 C:\arm-gnu-toolchain-12.2.rel1-mingw-w64-i686-arm-none-eabi\lib\gcc\arm-none-eabi\12.2.1\thumb\v6-m\nofp\libnosys.a(errno.o)
 .bss.errno     0x200000b8        0x4 C:\arm-gnu-toolchain-12.2.rel1-mingw-w64-i686-arm-none-eabi\lib\gcc\arm-none-eabi\12.2.1\thumb\v6-m\nofp\libnosys.a(errno.o)
                0x200000b8                errno
 .bss           0x200000bc        0x0 C:\arm-gnu-toolchain-12.2.rel1-mingw-w64-i686-arm-none-eabi\lib\gcc\arm-none-eabi\12.2.1\thumb\v6-m\nofp\libgcc.a(_divsi3.o)
 .bss           0x200000bc        0x0 C:\arm-gnu-toolchain-12.2.rel1-mingw-w64-i686-arm-none-eabi\lib\gcc\arm-none-eabi\12.2.1\thumb\v6-m\nofp\libgcc.a(_dvmd_tls.o)
 *(COMMON)
                0x200000bc                . = ALIGN (0x4)
                0x200000bc                _ebss = .
                [!provide]                PROVIDE (end = .)
                0x200000bc                PROVIDE (_HeapStart = .)
                0x20002000                PROVIDE (_StackTop = (ORIGIN (ram) + LENGTH (ram)))
OUTPUT(main.elf elf32-littlearm)
LOAD linker stubs

.debug_info     0x00000000     0x1aef
 .debug_info    0x00000000      0x8bc main.o
 .debug_info    0x000008bc      0x79e serial.o
 .debug_info    0x0000105a      0x391 startup.o
 .debug_info    0x000013eb      0x704 newlib_stubs.o

.debug_abbrev   0x00000000      0x7d1
 .debug_abbrev  0x00000000      0x254 main.o
 .debug_abbrev  0x00000254      0x208 serial.o
 .debug_abbrev  0x0000045c      0x1c2 startup.o
 .debug_abbrev  0x0000061e      0x1b3 newlib_stubs.o

.debug_aranges  0x00000000       0x88
 .debug_aranges
                0x00000000       0x20 main.o
 .debug_aranges
                0x00000020       0x20 serial.o
 .debug_aranges
                0x00000040       0x28 startup.o
 .debug_aranges
                0x00000068       0x20 newlib_stubs.o

.debug_line     0x00000000     0x119c
 .debug_line    0x00000000      0x70f main.o
 .debug_line    0x0000070f      0x4f4 serial.o
 .debug_line    0x00000c03      0x2c3 startup.o
 .debug_line    0x00000ec6      0x2d6 newlib_stubs.o

.debug_str      0x00000000      0x86e
 .debug_str     0x00000000      0x432 main.o
                                0x480 (size before relaxing)
 .debug_str     0x00000432      0x124 serial.o
                                0x3be (size before relaxing)
 .debug_str     0x00000556       0xee startup.o
                                0x2ff (size before relaxing)
 .debug_str     0x00000644      0x22a newlib_stubs.o
                                0x3f0 (size before relaxing)

.comment        0x00000000       0x45
 .comment       0x00000000       0x45 main.o
                                 0x46 (size before relaxing)
 .comment       0x00000045       0x46 serial.o
 .comment       0x00000045       0x46 startup.o
 .comment       0x00000045       0x46 newlib_stubs.o

.ARM.attributes
                0x00000000       0x2c
 .ARM.attributes
                0x00000000       0x2c main.o
 .ARM.attributes
                0x0000002c       0x2c serial.o
 .ARM.attributes
                0x00000058       0x2c startup.o
 .ARM.attributes
                0x00000084       0x2c newlib_stubs.o
 .ARM.attributes
                0x000000b0       0x2c C:\arm-gnu-toolchain-12.2.rel1-mingw-w64-i686-arm-none-eabi\lib\gcc\arm-none-eabi\12.2.1\thumb\v6-m\nofp\libnosys.a(errno.o)
 .ARM.attributes
                0x000000dc       0x1e C:\arm-gnu-toolchain-12.2.rel1-mingw-w64-i686-arm-none-eabi\lib\gcc\arm-none-eabi\12.2.1\thumb\v6-m\nofp\libgcc.a(_divsi3.o)
 .ARM.attributes
                0x000000fa       0x1e C:\arm-gnu-toolchain-12.2.rel1-mingw-w64-i686-arm-none-eabi\lib\gcc\arm-none-eabi\12.2.1\thumb\v6-m\nofp\libgcc.a(_dvmd_tls.o)

.debug_frame    0x00000000      0x6d4
 .debug_frame   0x00000000      0x210 main.o
 .debug_frame   0x00000210      0x1e8 serial.o
 .debug_frame   0x000003f8       0x94 startup.o
 .debug_frame   0x0000048c      0x228 newlib_stubs.o
 .debug_frame   0x000006b4       0x20 C:\arm-gnu-toolchain-12.2.rel1-mingw-w64-i686-arm-none-eabi\lib\gcc\arm-none-eabi\12.2.1\thumb\v6-m\nofp\libgcc.a(_divsi3.o)

.debug_rnglists
                0x00000000       0x1a
 .debug_rnglists
                0x00000000       0x1a startup.o

.debug_line_str
                0x00000000       0xc9
 .debug_line_str
                0x00000000       0xc9 C:\arm-gnu-toolchain-12.2.rel1-mingw-w64-i686-arm-none-eabi\lib\gcc\arm-none-eabi\12.2.1\thumb\v6-m\nofp\libgcc.a(_divsi3.o)
 .debug_line_str
                0x000000c9       0xc9 C:\arm-gnu-toolchain-12.2.rel1-mingw-w64-i686-arm-none-eabi\lib\gcc\arm-none-eabi\12.2.1\thumb\v6-m\nofp\libgcc.a(_dvmd_tls.o)

Cross Reference Table

Symbol                                            File
ADC_COMP_Handler                                  startup.o
ADC_Config                                        main.o
ComBusy                                           serial.o
ComError                                          serial.o
ComOpen                                           serial.o
ComRXBuffer                                       serial.o
ComTXBuffer                                       serial.o
Configure_Pins                                    main.o
DMA_CH1_Handler                                   startup.o
DMA_CH2_3_Handler                                 startup.o
DMA_CH4_5_6_7_Handler                             startup.o
Default_Handler                                   startup.o
Delay_us                                          main.o
EXTI0_1_Handler                                   startup.o
EXTI2_3_Handler                                   startup.o
EXTI4_15_Handler                                  startup.o
FLASH_Handler                                     startup.o
GetBuf                                            serial.o
GetBufCount                                       serial.o
Hard_Fault_Handler                                startup.o
Hardware_Init                                     main.o
I2C1_Handler                                      startup.o
I2C2_Handler                                      startup.o
LCD_4BIT                                          main.o
LCD_byte                                          main.o
LCD_pulse                                         main.o
LCDprint                                          main.o
LPTIM1_Handler                                    startup.o
LPUART1_Handler                                   startup.o
NMI_Handler                                       startup.o
PVD_Handler                                       startup.o
PWM_Counter                                       main.o
PendSV_Handler                                    startup.o
PutBuf                                            serial.o
RCC_Handler                                       startup.o
RTC_Handler                                       startup.o
ReadCom                                           serial.o
ResetInit                                         startup.o
SPI1_Handler                                      startup.o
SPI2_Handler                                      startup.o
SVC_Handler                                       startup.o
SysTick_Handler                                   startup.o
TIM21_Handler                                     startup.o
TIM22_Handler                                     startup.o
TIM2_Handler                                      main.o
TIM6_Handler                                      startup.o
USART1_Handler                                    serial.o
USART2_Handler                                    startup.o
Vectors                                           startup.o
WWDG_Handler                                      startup.o
WriteCom                                          serial.o
WriteCommand                                      main.o
WriteData                                         main.o
_HeapStart                                        newlib_stubs.o
_StackTop                                         newlib_stubs.o
                                                  startup.o
__aeabi_idiv                                      C:\arm-gnu-toolchain-12.2.rel1-mingw-w64-i686-arm-none-eabi\lib\gcc\arm-none-eabi\12.2.1\thumb\v6-m\nofp\libgcc.a(_divsi3.o)
                                                  serial.o
                                                  main.o
__aeabi_idiv0                                     C:\arm-gnu-toolchain-12.2.rel1-mingw-w64-i686-arm-none-eabi\lib\gcc\arm-none-eabi\12.2.1\thumb\v6-m\nofp\libgcc.a(_dvmd_tls.o)
                                                  C:\arm-gnu-toolchain-12.2.rel1-mingw-w64-i686-arm-none-eabi\lib\gcc\arm-none-eabi\12.2.1\thumb\v6-m\nofp\libgcc.a(_divsi3.o)
__aeabi_idivmod                                   C:\arm-gnu-toolchain-12.2.rel1-mingw-w64-i686-arm-none-eabi\lib\gcc\arm-none-eabi\12.2.1\thumb\v6-m\nofp\libgcc.a(_divsi3.o)
__aeabi_ldiv0                                     C:\arm-gnu-toolchain-12.2.rel1-mingw-w64-i686-arm-none-eabi\lib\gcc\arm-none-eabi\12.2.1\thumb\v6-m\nofp\libgcc.a(_dvmd_tls.o)
__divsi3                                          C:\arm-gnu-toolchain-12.2.rel1-mingw-w64-i686-arm-none-eabi\lib\gcc\arm-none-eabi\12.2.1\thumb\v6-m\nofp\libgcc.a(_divsi3.o)
__env                                             newlib_stubs.o
__init_array_end                                  startup.o
__init_array_start                                startup.o
_close                                            newlib_stubs.o
_data                                             startup.o
_ebss                                             startup.o
_edata                                            startup.o
_etext                                            startup.o
_execve                                           newlib_stubs.o
_exit                                             newlib_stubs.o
_fork                                             newlib_stubs.o
_fstat                                            newlib_stubs.o
_getpid                                           newlib_stubs.o
_isatty                                           newlib_stubs.o
_kill                                             newlib_stubs.o
_link                                             newlib_stubs.o
_lseek                                            newlib_stubs.o
_read                                             newlib_stubs.o
_sbrk                                             newlib_stubs.o
_stat                                             newlib_stubs.o
_times                                            newlib_stubs.o
_unlink                                           newlib_stubs.o
_wait                                             newlib_stubs.o
_write                                            newlib_stubs.o
delayms                                           main.o
egetc                                             serial.o
                                                  newlib_stubs.o
egetc_echo                                        serial.o
egets                                             serial.o
egets_echo                                        serial.o
environ                                           newlib_stubs.o
eputc                                             serial.o
                                                  newlib_stubs.o
eputs                                             serial.o
                                                  startup.o
errno                                             C:\arm-gnu-toolchain-12.2.rel1-mingw-w64-i686-arm-none-eabi\lib\gcc\arm-none-eabi\12.2.1\thumb\v6-m\nofp\libnosys.a(errno.o)
                                                  newlib_stubs.o
initADC                                           main.o
initClock                                         startup.o
initUART                                          serial.o
                                                  startup.o
main                                              main.o
                                                  startup.o
pwm1                                              main.o
pwm2                                              main.o
readADC                                           main.o
usart_rx                                          serial.o
usart_tx                                          serial.o
wait_1ms                                          main.o
waitms                                            main.o
