Archive member included to satisfy reference by file (symbol)

C:\elec291_new\arm-gnu-toolchain-12.2.rel1-mingw-w64-i686-arm-none-eabi\arm-gnu-toolchain-12.2.rel1-mingw-w64-i686-arm-none-eabi\lib\gcc\arm-none-eabi\12.2.1\thumb\v6-m\nofp\libnosys.a(errno.o)
                              newlib_stubs.o (errno)
C:\elec291_new\arm-gnu-toolchain-12.2.rel1-mingw-w64-i686-arm-none-eabi\arm-gnu-toolchain-12.2.rel1-mingw-w64-i686-arm-none-eabi\lib\gcc\arm-none-eabi\12.2.1\thumb\v6-m\nofp\libgcc.a(_divsi3.o)
                              main.o (__aeabi_idiv)
C:\elec291_new\arm-gnu-toolchain-12.2.rel1-mingw-w64-i686-arm-none-eabi\arm-gnu-toolchain-12.2.rel1-mingw-w64-i686-arm-none-eabi\lib\gcc\arm-none-eabi\12.2.1\thumb\v6-m\nofp\libgcc.a(_dvmd_tls.o)
                              C:\elec291_new\arm-gnu-toolchain-12.2.rel1-mingw-w64-i686-arm-none-eabi\arm-gnu-toolchain-12.2.rel1-mingw-w64-i686-arm-none-eabi\lib\gcc\arm-none-eabi\12.2.1\thumb\v6-m\nofp\libgcc.a(_divsi3.o) (__aeabi_idiv0)
C:\elec291_new\arm-gnu-toolchain-12.2.rel1-mingw-w64-i686-arm-none-eabi\arm-gnu-toolchain-12.2.rel1-mingw-w64-i686-arm-none-eabi\lib\gcc\arm-none-eabi\12.2.1\thumb\v6-m\nofp\libc_nano.a(libc_a-printf.o)
                              main.o (printf)
C:\elec291_new\arm-gnu-toolchain-12.2.rel1-mingw-w64-i686-arm-none-eabi\arm-gnu-toolchain-12.2.rel1-mingw-w64-i686-arm-none-eabi\lib\gcc\arm-none-eabi\12.2.1\thumb\v6-m\nofp\libc_nano.a(libc_a-impure.o)
                              C:\elec291_new\arm-gnu-toolchain-12.2.rel1-mingw-w64-i686-arm-none-eabi\arm-gnu-toolchain-12.2.rel1-mingw-w64-i686-arm-none-eabi\lib\gcc\arm-none-eabi\12.2.1\thumb\v6-m\nofp\libc_nano.a(libc_a-printf.o) (_impure_ptr)
C:\elec291_new\arm-gnu-toolchain-12.2.rel1-mingw-w64-i686-arm-none-eabi\arm-gnu-toolchain-12.2.rel1-mingw-w64-i686-arm-none-eabi\lib\gcc\arm-none-eabi\12.2.1\thumb\v6-m\nofp\libc_nano.a(libc_a-nano-vfprintf.o)
                              C:\elec291_new\arm-gnu-toolchain-12.2.rel1-mingw-w64-i686-arm-none-eabi\arm-gnu-toolchain-12.2.rel1-mingw-w64-i686-arm-none-eabi\lib\gcc\arm-none-eabi\12.2.1\thumb\v6-m\nofp\libc_nano.a(libc_a-printf.o) (_vfprintf_r)
C:\elec291_new\arm-gnu-toolchain-12.2.rel1-mingw-w64-i686-arm-none-eabi\arm-gnu-toolchain-12.2.rel1-mingw-w64-i686-arm-none-eabi\lib\gcc\arm-none-eabi\12.2.1\thumb\v6-m\nofp\libc_nano.a(libc_a-nano-vfprintf_i.o)
                              C:\elec291_new\arm-gnu-toolchain-12.2.rel1-mingw-w64-i686-arm-none-eabi\arm-gnu-toolchain-12.2.rel1-mingw-w64-i686-arm-none-eabi\lib\gcc\arm-none-eabi\12.2.1\thumb\v6-m\nofp\libc_nano.a(libc_a-nano-vfprintf.o) (_printf_i)
C:\elec291_new\arm-gnu-toolchain-12.2.rel1-mingw-w64-i686-arm-none-eabi\arm-gnu-toolchain-12.2.rel1-mingw-w64-i686-arm-none-eabi\lib\gcc\arm-none-eabi\12.2.1\thumb\v6-m\nofp\libc_nano.a(libc_a-findfp.o)
                              C:\elec291_new\arm-gnu-toolchain-12.2.rel1-mingw-w64-i686-arm-none-eabi\arm-gnu-toolchain-12.2.rel1-mingw-w64-i686-arm-none-eabi\lib\gcc\arm-none-eabi\12.2.1\thumb\v6-m\nofp\libc_nano.a(libc_a-nano-vfprintf.o) (__sinit)
C:\elec291_new\arm-gnu-toolchain-12.2.rel1-mingw-w64-i686-arm-none-eabi\arm-gnu-toolchain-12.2.rel1-mingw-w64-i686-arm-none-eabi\lib\gcc\arm-none-eabi\12.2.1\thumb\v6-m\nofp\libc_nano.a(libc_a-fvwrite.o)
                              C:\elec291_new\arm-gnu-toolchain-12.2.rel1-mingw-w64-i686-arm-none-eabi\arm-gnu-toolchain-12.2.rel1-mingw-w64-i686-arm-none-eabi\lib\gcc\arm-none-eabi\12.2.1\thumb\v6-m\nofp\libc_nano.a(libc_a-nano-vfprintf.o) (__sfvwrite_r)
C:\elec291_new\arm-gnu-toolchain-12.2.rel1-mingw-w64-i686-arm-none-eabi\arm-gnu-toolchain-12.2.rel1-mingw-w64-i686-arm-none-eabi\lib\gcc\arm-none-eabi\12.2.1\thumb\v6-m\nofp\libc_nano.a(libc_a-fwalk.o)
                              C:\elec291_new\arm-gnu-toolchain-12.2.rel1-mingw-w64-i686-arm-none-eabi\arm-gnu-toolchain-12.2.rel1-mingw-w64-i686-arm-none-eabi\lib\gcc\arm-none-eabi\12.2.1\thumb\v6-m\nofp\libc_nano.a(libc_a-findfp.o) (_fwalk_sglue)
C:\elec291_new\arm-gnu-toolchain-12.2.rel1-mingw-w64-i686-arm-none-eabi\arm-gnu-toolchain-12.2.rel1-mingw-w64-i686-arm-none-eabi\lib\gcc\arm-none-eabi\12.2.1\thumb\v6-m\nofp\libc_nano.a(libc_a-stdio.o)
                              C:\elec291_new\arm-gnu-toolchain-12.2.rel1-mingw-w64-i686-arm-none-eabi\arm-gnu-toolchain-12.2.rel1-mingw-w64-i686-arm-none-eabi\lib\gcc\arm-none-eabi\12.2.1\thumb\v6-m\nofp\libc_nano.a(libc_a-findfp.o) (__sread)
C:\elec291_new\arm-gnu-toolchain-12.2.rel1-mingw-w64-i686-arm-none-eabi\arm-gnu-toolchain-12.2.rel1-mingw-w64-i686-arm-none-eabi\lib\gcc\arm-none-eabi\12.2.1\thumb\v6-m\nofp\libc_nano.a(libc_a-wbuf.o)
                              C:\elec291_new\arm-gnu-toolchain-12.2.rel1-mingw-w64-i686-arm-none-eabi\arm-gnu-toolchain-12.2.rel1-mingw-w64-i686-arm-none-eabi\lib\gcc\arm-none-eabi\12.2.1\thumb\v6-m\nofp\libc_nano.a(libc_a-nano-vfprintf.o) (__swbuf_r)
[...]
Memory Configuration

Name             Origin             Length             Attributes
flash            0x08000000         0x00010000
ram              0x20000000         0x00002000
*default*        0x00000000         0xffffffff

Linker script and memory map

LOAD main.o
LOAD serial.o
LOAD startup.o
LOAD newlib_stubs.o
LOAD C:\elec291_new\arm-gnu-toolchain-12.2.rel1-mingw-w64-i686-arm-none-eabi\arm-gnu-toolchain-12.2.rel1-mingw-w64-i686-arm-none-eabi\lib\gcc\arm-none-eabi\12.2.1\thumb\v6-m\nofp\libnosys.a
LOAD C:\elec291_new\arm-gnu-toolchain-12.2.rel1-mingw-w64-i686-arm-none-eabi\arm-gnu-toolchain-12.2.rel1-mingw-w64-i686-arm-none-eabi\lib\gcc\arm-none-eabi\12.2.1\thumb\v6-m\nofp\libgcc.a
START GROUP
LOAD C:\elec291_new\arm-gnu-toolchain-12.2.rel1-mingw-w64-i686-arm-none-eabi\arm-gnu-toolchain-12.2.rel1-mingw-w64-i686-arm-none-eabi\lib\gcc\arm-none-eabi\12.2.1\thumb\v6-m\nofp\libgcc.a
LOAD C:\elec291_new\arm-gnu-toolchain-12.2.rel1-mingw-w64-i686-arm-none-eabi\arm-gnu-toolchain-12.2.rel1-mingw-w64-i686-arm-none-eabi\lib\gcc\arm-none-eabi\12.2.1\thumb\v6-m\nofp\libc_nano.a
LOAD C:\elec291_new\arm-gnu-toolchain-12.2.rel1-mingw-w64-i686-arm-none-eabi\arm-gnu-toolchain-12.2.rel1-mingw-w64-i686-arm-none-eabi\lib\gcc\arm-none-eabi\12.2.1\thumb\v6-m\nofp\libm.a
END GROUP

.text           0x08000000     0x3370
 *(.vectors)
 .vectors       0x08000000       0xb8 startup.o
                0x08000000                Vectors
 *(.after_vectors*)
 .after_vectors
                0x080000b8       0x28 startup.o
                0x080000b8                ResetInit
 *(.text*)
 .text          0x080000e0     0x111c main.o
                0x080000e0                wait_1ms
                0x08000118                delayms
                0x0800013a                TIM2_Handler
                0x08000178                ADC_Config
                0x080001d4                initADC
                0x08000274                readADC
                0x080002e0                Configure_Pins
                0x080003e8                Delay_us
                0x08000448                waitms
                0x08000494                LCD_pulse
                0x080004c4                LCD_byte
                0x08000646                WriteData
                0x0800067a                WriteCommand
                0x080006ae                LCD_4BIT
                0x080006f8                LCDprint
                0x08000774                Hardware_Init
                0x08000964                sendCommandGenerator
                0x08000aa0                main
 .text          0x080011fc      0x5b4 serial.o
                0x080011fc                ReadCom
                0x08001270                WriteCom
                0x08001310                initUART
                0x08001460                USART1_Handler
                0x0800148c                usart_rx
                0x080014bc                usart_tx
                0x08001524                PutBuf
                0x08001586                GetBuf
                0x080015dc                GetBufCount
                0x080015f0                eputs
                0x0800162c                eputc
                0x0800164a                egetc
                0x08001664                egets
                0x080016f0                egetc_echo
                0x08001716                egets_echo
 .text          0x080017b0      0x1a8 startup.o
                0x08001828                initClock
                0x08001930                EXTI2_3_Handler
                0x08001930                TIM21_Handler
                0x08001930                SysTick_Handler
                0x08001930                I2C1_Handler
                0x08001930                PendSV_Handler
                0x08001930                NMI_Handler
                0x08001930                WWDG_Handler
                0x08001930                RTC_Handler
                0x08001930                EXTI4_15_Handler
                0x08001930                DMA_CH4_5_6_7_Handler
                0x08001930                Default_Handler
                0x08001930                LPUART1_Handler
                0x08001930                FLASH_Handler
                0x08001930                EXTI0_1_Handler
                0x08001930                DMA_CH1_Handler
                0x08001930                SPI2_Handler
                0x08001930                DMA_CH2_3_Handler
                0x08001930                I2C2_Handler
                0x08001930                SVC_Handler
                0x08001930                LPTIM1_Handler
                0x08001930                USART2_Handler
                0x08001930                SPI1_Handler
                0x08001930                RCC_Handler
                0x08001930                PVD_Handler
                0x08001930                TIM6_Handler
                0x08001930                TIM22_Handler
                0x08001930                ADC_COMP_Handler
                0x08001944                Hard_Fault_Handler
 .text          0x08001958      0x29c newlib_stubs.o
                0x08001958                _exit
                0x08001962                _close
                0x08001976                _execve
                0x08001998                _fork
                0x080019b0                _fstat
                0x080019cc                _getpid
                0x080019d8                _kill
                0x080019f8                _link
                0x08001a18                _lseek
                0x08001a2e                _stat
                0x08001a4a                _times
                0x08001a5e                _unlink
                0x08001a7c                _wait
                0x08001a9c                _isatty
                0x08001ac4                _sbrk
                0x08001b28                _read
                0x08001ba0                _write
 .text          0x08001bf4        0x0 C:\elec291_new\arm-gnu-toolchain-12.2.rel1-mingw-w64-i686-arm-none-eabi\arm-gnu-toolchain-12.2.rel1-mingw-w64-i686-arm-none-eabi\lib\gcc\arm-none-eabi\12.2.1\thumb\v6-m\nofp\libnosys.a(errno.o)
 .text          0x08001bf4      0x1d4 C:\elec291_new\arm-gnu-toolchain-12.2.rel1-mingw-w64-i686-arm-none-eabi\arm-gnu-toolchain-12.2.rel1-mingw-w64-i686-arm-none-eabi\lib\gcc\arm-none-eabi\12.2.1\thumb\v6-m\nofp\libgcc.a(_divsi3.o)
                0x08001bf4                __divsi3
                0x08001bf4                __aeabi_idiv
                0x08001dc0                __aeabi_idivmod
 .text          0x08001dc8        0x4 C:\elec291_new\arm-gnu-toolchain-12.2.rel1-mingw-w64-i686-arm-none-eabi\arm-gnu-toolchain-12.2.rel1-mingw-w64-i686-arm-none-eabi\lib\gcc\arm-none-eabi\12.2.1\thumb\v6-m\nofp\libgcc.a(_dvmd_tls.o)
                0x08001dc8                __aeabi_idiv0
                0x08001dc8                __aeabi_ldiv0
 .text          0x08001dcc        0x0 C:\elec291_new\arm-gnu-toolchain-12.2.rel1-mingw-w64-i686-arm-none-eabi\arm-gnu-toolchain-12.2.rel1-mingw-w64-i686-arm-none-eabi\lib\gcc\arm-none-eabi\12.2.1\thumb\v6-m\nofp\libc_nano.a(libc_a-printf.o)
 .text._printf_r
                0x08001dcc       0x18 C:\elec291_new\arm-gnu-toolchain-12.2.rel1-mingw-w64-i686-arm-none-eabi\arm-gnu-toolchain-12.2.rel1-mingw-w64-i686-arm-none-eabi\lib\gcc\arm-none-eabi\12.2.1\thumb\v6-m\nofp\libc_nano.a(libc_a-printf.o)
                0x08001dcc                _iprintf_r
                0x08001dcc                _printf_r
 .text.printf   0x08001de4       0x20 C:\elec291_new\arm-gnu-toolchain-12.2.rel1-mingw-w64-i686-arm-none-eabi\arm-gnu-toolchain-12.2.rel1-mingw-w64-i686-arm-none-eabi\lib\gcc\arm-none-eabi\12.2.1\thumb\v6-m\nofp\libc_nano.a(libc_a-printf.o)
                0x08001de4                iprintf
                0x08001de4                printf
 .text          0x08001e04        0x0 C:\elec291_new\arm-gnu-toolchain-12.2.rel1-mingw-w64-i686-arm-none-eabi\arm-gnu-toolchain-12.2.rel1-mingw-w64-i686-arm-none-eabi\lib\gcc\arm-none-eabi\12.2.1\thumb\v6-m\nofp\libc_nano.a(libc_a-impure.o)
 .text          0x08001e04        0x0 C:\elec291_new\arm-gnu-toolchain-12.2.rel1-mingw-w64-i686-arm-none-eabi\arm-gnu-toolchain-12.2.rel1-mingw-w64-i686-arm-none-eabi\lib\gcc\arm-none-eabi\12.2.1\thumb\v6-m\nofp\libc_nano.a(libc_a-nano-vfprintf.o)
 .text.__sfputc_r
                0x08001e04       0x2a C:\elec291_new\arm-gnu-toolchain-12.2.rel1-mingw-w64-i686-arm-none-eabi\arm-gnu-toolchain-12.2.rel1-mingw-w64-i686-arm-none-eabi\lib\gcc\arm-none-eabi\12.2.1\thumb\v6-m\nofp\libc_nano.a(libc_a-nano-vfprintf.o)
 .text.__sfputs_r
                0x08001e2e       0x24 C:\elec291_new\arm-gnu-toolchain-12.2.rel1-mingw-w64-i686-arm-none-eabi\arm-gnu-toolchain-12.2.rel1-mingw-w64-i686-arm-none-eabi\lib\gcc\arm-none-eabi\12.2.1\thumb\v6-m\nofp\libc_nano.a(libc_a-nano-vfprintf.o)
                0x08001e2e                __sfputs_r
 .text.__sprint_r
                0x08001e52       0x20 C:\elec291_new\arm-gnu-toolchain-12.2.rel1-mingw-w64-i686-arm-none-eabi\arm-gnu-toolchain-12.2.rel1-mingw-w64-i686-arm-none-eabi\lib\gcc\arm-none-eabi\12.2.1\thumb\v6-m\nofp\libc_nano.a(libc_a-nano-vfprintf.o)
                0x08001e52                __sprint_r
 *fill*         0x08001e72        0x2 
 .text._vfprintf_r
                0x08001e74      0x238 C:\elec291_new\arm-gnu-toolchain-12.2.rel1-mingw-w64-i686-arm-none-eabi\arm-gnu-toolchain-12.2.rel1-mingw-w64-i686-arm-none-eabi\lib\gcc\arm-none-eabi\12.2.1\thumb\v6-m\nofp\libc_nano.a(libc_a-nano-vfprintf.o)
                0x08001e74                _vfprintf_r
                0x08001e74                _vfiprintf_r
 .text.vfprintf
                0x080020ac       0x18 C:\elec291_new\arm-gnu-toolchain-12.2.rel1-mingw-w64-i686-arm-none-eabi\arm-gnu-toolchain-12.2.rel1-mingw-w64-i686-arm-none-eabi\lib\gcc\arm-none-eabi\12.2.1\thumb\v6-m\nofp\libc_nano.a(libc_a-nano-vfprintf.o)
                0x080020ac                vfprintf
                0x080020ac                vfiprintf
 .text          0x080020c4        0x0 C:\elec291_new\arm-gnu-toolchain-12.2.rel1-mingw-w64-i686-arm-none-eabi\arm-gnu-toolchain-12.2.rel1-mingw-w64-i686-arm-none-eabi\lib\gcc\arm-none-eabi\12.2.1\thumb\v6-m\nofp\libc_nano.a(libc_a-nano-vfprintf_i.o)
 .text._printf_common
                0x080020c4       0xde C:\elec291_new\arm-gnu-toolchain-12.2.rel1-mingw-w64-i686-arm-none-eabi\arm-gnu-toolchain-12.2.rel1-mingw-w64-i686-arm-none-eabi\lib\gcc\arm-none-eabi\12.2.1\thumb\v6-m\nofp\libc_nano.a(libc_a-nano-vfprintf_i.o)
                0x080020c4                _printf_common
 *fill*         0x080021a2        0x2 
 .text._printf_i
                0x080021a4      0x234 C:\elec291_new\arm-gnu-toolchain-12.2.rel1-mingw-w64-i686-arm-none-eabi\arm-gnu-toolchain-12.2.rel1-mingw-w64-i686-arm-none-eabi\lib\gcc\arm-none-eabi\12.2.1\thumb\v6-m\nofp\libc_nano.a(libc_a-nano-vfprintf_i.o)
                0x080021a4                _printf_i
 .text          0x080023d8        0x0 C:\elec291_new\arm-gnu-toolchain-12.2.rel1-mingw-w64-i686-arm-none-eabi\arm-gnu-toolchain-12.2.rel1-mingw-w64-i686-arm-none-eabi\lib\gcc\arm-none-eabi\12.2.1\thumb\v6-m\nofp\libc_nano.a(libc_a-findfp.o)
 .text.std      0x080023d8       0x6c C:\elec291_new\arm-gnu-toolchain-12.2.rel1-mingw-w64-i686-arm-none-eabi\arm-gnu-toolchain-12.2.rel1-mingw-w64-i686-arm-none-eabi\lib\gcc\arm-none-eabi\12.2.1\thumb\v6-m\nofp\libc_nano.a(libc_a-findfp.o)
 .text.stdio_exit_handler
                0x08002444       0x1c C:\elec291_new\arm-gnu-toolchain-12.2.rel1-mingw-w64-i686-arm-none-eabi\arm-gnu-toolchain-12.2.rel1-mingw-w64-i686-arm-none-eabi\lib\gcc\arm-none-eabi\12.2.1\thumb\v6-m\nofp\libc_nano.a(libc_a-findfp.o)
 .text.cleanup_stdio
                0x08002460       0x3c C:\elec291_new\arm-gnu-toolchain-12.2.rel1-mingw-w64-i686-arm-none-eabi\arm-gnu-toolchain-12.2.rel1-mingw-w64-i686-arm-none-eabi\lib\gcc\arm-none-eabi\12.2.1\thumb\v6-m\nofp\libc_nano.a(libc_a-findfp.o)
 .text.__fp_lock
                0x0800249c       0x18 C:\elec291_new\arm-gnu-toolchain-12.2.rel1-mingw-w64-i686-arm-none-eabi\arm-gnu-toolchain-12.2.rel1-mingw-w64-i686-arm-none-eabi\lib\gcc\arm-none-eabi\12.2.1\thumb\v6-m\nofp\libc_nano.a(libc_a-findfp.o)
 .text.__fp_unlock
                0x080024b4       0x18 C:\elec291_new\arm-gnu-toolchain-12.2.rel1-mingw-w64-i686-arm-none-eabi\arm-gnu-toolchain-12.2.rel1-mingw-w64-i686-arm-none-eabi\lib\gcc\arm-none-eabi\12.2.1\thumb\v6-m\nofp\libc_nano.a(libc_a-findfp.o)
 .text.global_stdio_init.part.0
                0x080024cc       0x3c C:\elec291_new\arm-gnu-toolchain-12.2.rel1-mingw-w64-i686-arm-none-eabi\arm-gnu-toolchain-12.2.rel1-mingw-w64-i686-arm-none-eabi\lib\gcc\arm-none-eabi\12.2.1\thumb\v6-m\nofp\libc_nano.a(libc_a-findfp.o)
 .text.__sfp_lock_acquire
                0x08002508       0x10 C:\elec291_new\arm-gnu-toolchain-12.2.rel1-mingw-w64-i686-arm-none-eabi\arm-gnu-toolchain-12.2.rel1-mingw-w64-i686-arm-none-eabi\lib\gcc\arm-none-eabi\12.2.1\thumb\v6-m\nofp\libc_nano.a(libc_a-findfp.o)
                0x08002508                __sfp_lock_acquire
 .text.__sfp_lock_release
                0x08002518       0x10 C:\elec291_new\arm-gnu-toolchain-12.2.rel1-mingw-w64-i686-arm-none-eabi\arm-gnu-toolchain-12.2.rel1-mingw-w64-i686-arm-none-eabi\lib\gcc\arm-none-eabi\12.2.1\thumb\v6-m\nofp\libc_nano.a(libc_a-findfp.o)
                0x08002518                __sfp_lock_release
 .text.__sfp    0x08002528       0xa8 C:\elec291_new\arm-gnu-toolchain-12.2.rel1-mingw-w64-i686-arm-none-eabi\arm-gnu-toolchain-12.2.rel1-mingw-w64-i686-arm-none-eabi\lib\gcc\arm-none-eabi\12.2.1\thumb\v6-m\nofp\libc_nano.a(libc_a-findfp.o)
                0x08002528                __sfp
 .text.__sinit  0x080025d0       0x30 C:\elec291_new\arm-gnu-toolchain-12.2.rel1-mingw-w64-i686-arm-none-eabi\arm-gnu-toolchain-12.2.rel1-mingw-w64-i686-arm-none-eabi\lib\gcc\arm-none-eabi\12.2.1\thumb\v6-m\nofp\libc_nano.a(libc_a-findfp.o)
                0x080025d0                __sinit
 .text.__fp_lock_all
                0x08002600       0x1c C:\elec291_new\arm-gnu-toolchain-12.2.rel1-mingw-w64-i686-arm-none-eabi\arm-gnu-toolchain-12.2.rel1-mingw-w64-i686-arm-none-eabi\lib\gcc\arm-none-eabi\12.2.1\thumb\v6-m\nofp\libc_nano.a(libc_a-findfp.o)
                0x08002600                __fp_lock_all
 .text.__fp_unlock_all
                0x0800261c       0x1c C:\elec291_new\arm-gnu-toolchain-12.2.rel1-mingw-w64-i686-arm-none-eabi\arm-gnu-toolchain-12.2.rel1-mingw-w64-i686-arm-none-eabi\lib\gcc\arm-none-eabi\12.2.1\thumb\v6-m\nofp\libc_nano.a(libc_a-findfp.o)
                0x0800261c                __fp_unlock_all
 .text          0x08002638        0x0 C:\elec291_new\arm-gnu-toolchain-12.2.rel1-mingw-w64-i686-arm-none-eabi\arm-gnu-toolchain-12.2.rel1-mingw-w64-i686-arm-none-eabi\lib\gcc\arm-none-eabi\12.2.1\thumb\v6-m\nofp\libc_nano.a(libc_a-fvwrite.o)
 .text.__sfvwrite_r
                0x08002638      0x2bc C:\elec291_new\arm-gnu-toolchain-12.2.rel1-mingw-w64-i686-arm-none-eabi\arm-gnu-toolchain-12.2.rel1-mingw-w64-i686-arm-none-eabi\lib\gcc\arm-none-eabi\12.2.1\thumb\v6-m\nofp\libc_nano.a(libc_a-fvwrite.o)
                0x08002638                __sfvwrite_r
 .text          0x080028f4        0x0 C:\elec291_new\arm-gnu-toolchain-12.2.rel1-mingw-w64-i686-arm-none-eabi\arm-gnu-toolchain-12.2.rel1-mingw-w64-i686-arm-none-eabi\lib\gcc\arm-none-eabi\12.2.1\thumb\v6-m\nofp\libc_nano.a(libc_a-fwalk.o)
 .text._fwalk_sglue
                0x080028f4       0x38 C:\elec291_new\arm-gnu-toolchain-12.2.rel1-mingw-w64-i686-arm-none-eabi\arm-gnu-toolchain-12.2.rel1-mingw-w64-i686-arm-none-eabi\lib\gcc\arm-none-eabi\12.2.1\thumb\v6-m\nofp\libc_nano.a(libc_a-fwalk.o)
                0x080028f4                _fwalk_sglue
 .text          0x0800292c        0x0 C:\elec291_new\arm-gnu-toolchain-12.2.rel1-mingw-w64-i686-arm-none-eabi\arm-gnu-toolchain-12.2.rel1-mingw-w64-i686-arm-none-eabi\lib\gcc\arm-none-eabi\12.2.1\thumb\v6-m\nofp\libc_nano.a(libc_a-stdio.o)
 .text.__sread  0x0800292c       0x28 C:\elec291_new\arm-gnu-toolchain-12.2.rel1-mingw-w64-i686-arm-none-eabi\arm-gnu-toolchain-12.2.rel1-mingw-w64-i686-arm-none-eabi\lib\gcc\arm-none-eabi\12.2.1\thumb\v6-m\nofp\libc_nano.a(libc_a-stdio.o)
                0x0800292c                __sread
 .text.__seofread
                0x08002954        0x4 C:\elec291_new\arm-gnu-toolchain-12.2.rel1-mingw-w64-i686-arm-none-eabi\arm-gnu-toolchain-12.2.rel1-mingw-w64-i686-arm-none-eabi\lib\gcc\arm-none-eabi\12.2.1\thumb\v6-m\nofp\libc_nano.a(libc_a-stdio.o)
                0x08002954                __seofread
 .text.__swrite
                0x08002958       0x38 C:\elec291_new\arm-gnu-toolchain-12.2.rel1-mingw-w64-i686-arm-none-eabi\arm-gnu-toolchain-12.2.rel1-mingw-w64-i686-arm-none-eabi\lib\gcc\arm-none-eabi\12.2.1\thumb\v6-m\nofp\libc_nano.a(libc_a-stdio.o)
                0x08002958                __swrite
 .text.__sseek  0x08002990       0x2c C:\elec291_new\arm-gnu-toolchain-12.2.rel1-mingw-w64-i686-arm-none-eabi\arm-gnu-toolchain-12.2.rel1-mingw-w64-i686-arm-none-eabi\lib\gcc\arm-none-eabi\12.2.1\thumb\v6-m\nofp\libc_nano.a(libc_a-stdio.o)
                0x08002990                __sseek
 .text.__sclose
                0x080029bc        0xc C:\elec291_new\arm-gnu-toolchain-12.2.rel1-mingw-w64-i686-arm-none-eabi\arm-gnu-toolchain-12.2.rel1-mingw-w64-i686-arm-none-eabi\lib\gcc\arm-none-eabi\12.2.1\thumb\v6-m\nofp\libc_nano.a(libc_a-stdio.o)
                0x080029bc                __sclose
 .text          0x080029c8        0x0 C:\elec291_new\arm-gnu-toolchain-12.2.rel1-mingw-w64-i686-arm-none-eabi\arm-gnu-toolchain-12.2.rel1-mingw-w64-i686-arm-none-eabi\lib\gcc\arm-none-eabi\12.2.1\thumb\v6-m\nofp\libc_nano.a(libc_a-wbuf.o)
 .text.__swbuf_r
                0x080029c8       0x84 C:\elec291_new\arm-gnu-toolchain-12.2.rel1-mingw-w64-i686-arm-none-eabi\arm-gnu-toolchain-12.2.rel1-mingw-w64-i686-arm-none-eabi\lib\gcc\arm-none-eabi\12.2.1\thumb\v6-m\nofp\libc_nano.a(libc_a-wbuf.o)
                0x080029c8                __swbuf_r
 .text.__swbuf  0x08002a4c       0x14 C:\elec291_new\arm-gnu-toolchain-12.2.rel1-mingw-w64-i686-arm-none-eabi\arm-gnu-toolchain-12.2.rel1-mingw-w64-i686-arm-none-eabi\lib\gcc\arm-none-eabi\12.2.1\thumb\v6-m\nofp\libc_nano.a(libc_a-wbuf.o)
                0x08002a4c                __swbuf
 .text          0x08002a60        0x0 C:\elec291_new\arm-gnu-toolchain-12.2.rel1-mingw-w64-i686-arm-none-eabi\arm-gnu-toolchain-12.2.rel1-mingw-w64-i686-arm-none-eabi\lib\gcc\arm-none-eabi\12.2.1\thumb\v6-m\nofp\libc_nano.a(libc_a-wsetup.o)
 .text.__swsetup_r
                0x08002a60       0xbc C:\elec291_new\arm-gnu-toolchain-12.2.rel1-mingw-w64-i686-arm-none-eabi\arm-gnu-toolchain-12.2.rel1-mingw-w64-i686-arm-none-eabi\lib\gcc\arm-none-eabi\12.2.1\thumb\v6-m\nofp\libc_nano.a(libc_a-wsetup.o)
                0x08002a60                __swsetup_r
 .text          0x08002b1c        0x0 C:\elec291_new\arm-gnu-toolchain-12.2.rel1-mingw-w64-i686-arm-none-eabi\arm-gnu-toolchain-12.2.rel1-mingw-w64-i686-arm-none-eabi\lib\gcc\arm-none-eabi\12.2.1\thumb\v6-m\nofp\libc_nano.a(libc_a-memmove.o)
 .text.memmove  0x08002b1c       0x26 C:\elec291_new\arm-gnu-toolchain-12.2.rel1-mingw-w64-i686-arm-none-eabi\arm-gnu-toolchain-12.2.rel1-mingw-w64-i686-arm-none-eabi\lib\gcc\arm-none-eabi\12.2.1\thumb\v6-m\nofp\libc_nano.a(libc_a-memmove.o)
                0x08002b1c                memmove
 .text          0x08002b42        0x0 C:\elec291_new\arm-gnu-toolchain-12.2.rel1-mingw-w64-i686-arm-none-eabi\arm-gnu-toolchain-12.2.rel1-mingw-w64-i686-arm-none-eabi\lib\gcc\arm-none-eabi\12.2.1\thumb\v6-m\nofp\libc_nano.a(libc_a-memset.o)
 .text.memset   0x08002b42       0x10 C:\elec291_new\arm-gnu-toolchain-12.2.rel1-mingw-w64-i686-arm-none-eabi\arm-gnu-toolchain-12.2.rel1-mingw-w64-i686-arm-none-eabi\lib\gcc\arm-none-eabi\12.2.1\thumb\v6-m\nofp\libc_nano.a(libc_a-memset.o)
                0x08002b42                memset
 .text          0x08002b52        0x0 C:\elec291_new\arm-gnu-toolchain-12.2.rel1-mingw-w64-i686-arm-none-eabi\arm-gnu-toolchain-12.2.rel1-mingw-w64-i686-arm-none-eabi\lib\gcc\arm-none-eabi\12.2.1\thumb\v6-m\nofp\libc_nano.a(libc_a-closer.o)
 *fill*         0x08002b52        0x2 
 .text._close_r
                0x08002b54       0x24 C:\elec291_new\arm-gnu-toolchain-12.2.rel1-mingw-w64-i686-arm-none-eabi\arm-gnu-toolchain-12.2.rel1-mingw-w64-i686-arm-none-eabi\lib\gcc\arm-none-eabi\12.2.1\thumb\v6-m\nofp\libc_nano.a(libc_a-closer.o)
                0x08002b54                _close_r
 .text          0x08002b78        0x0 C:\elec291_new\arm-gnu-toolchain-12.2.rel1-mingw-w64-i686-arm-none-eabi\arm-gnu-toolchain-12.2.rel1-mingw-w64-i686-arm-none-eabi\lib\gcc\arm-none-eabi\12.2.1\thumb\v6-m\nofp\libc_nano.a(libc_a-lseekr.o)
 .text._lseek_r
                0x08002b78       0x28 C:\elec291_new\arm-gnu-toolchain-12.2.rel1-mingw-w64-i686-arm-none-eabi\arm-gnu-toolchain-12.2.rel1-mingw-w64-i686-arm-none-eabi\lib\gcc\arm-none-eabi\12.2.1\thumb\v6-m\nofp\libc_nano.a(libc_a-lseekr.o)
                0x08002b78                _lseek_r
 .text          0x08002ba0        0x0 C:\elec291_new\arm-gnu-toolchain-12.2.rel1-mingw-w64-i686-arm-none-eabi\arm-gnu-toolchain-12.2.rel1-mingw-w64-i686-arm-none-eabi\lib\gcc\arm-none-eabi\12.2.1\thumb\v6-m\nofp\libc_nano.a(libc_a-readr.o)
 .text._read_r  0x08002ba0       0x28 C:\elec291_new\arm-gnu-toolchain-12.2.rel1-mingw-w64-i686-arm-none-eabi\arm-gnu-toolchain-12.2.rel1-mingw-w64-i686-arm-none-eabi\lib\gcc\arm-none-eabi\12.2.1\thumb\v6-m\nofp\libc_nano.a(libc_a-readr.o)
                0x08002ba0                _read_r
 .text          0x08002bc8        0x0 C:\elec291_new\arm-gnu-toolchain-12.2.rel1-mingw-w64-i686-arm-none-eabi\arm-gnu-toolchain-12.2.rel1-mingw-w64-i686-arm-none-eabi\lib\gcc\arm-none-eabi\12.2.1\thumb\v6-m\nofp\libc_nano.a(libc_a-writer.o)
 .text._write_r
                0x08002bc8       0x28 C:\elec291_new\arm-gnu-toolchain-12.2.rel1-mingw-w64-i686-arm-none-eabi\arm-gnu-toolchain-12.2.rel1-mingw-w64-i686-arm-none-eabi\lib\gcc\arm-none-eabi\12.2.1\thumb\v6-m\nofp\libc_nano.a(libc_a-writer.o)
                0x08002bc8                _write_r
 .text          0x08002bf0        0x0 C:\elec291_new\arm-gnu-toolchain-12.2.rel1-mingw-w64-i686-arm-none-eabi\arm-gnu-toolchain-12.2.rel1-mingw-w64-i686-arm-none-eabi\lib\gcc\arm-none-eabi\12.2.1\thumb\v6-m\nofp\libc_nano.a(libc_a-lock.o)
 .text.__retarget_lock_init
                0x08002bf0        0x2 C:\elec291_new\arm-gnu-toolchain-12.2.rel1-mingw-w64-i686-arm-none-eabi\arm-gnu-toolchain-12.2.rel1-mingw-w64-i686-arm-none-eabi\lib\gcc\arm-none-eabi\12.2.1\thumb\v6-m\nofp\libc_nano.a(libc_a-lock.o)
                0x08002bf0                __retarget_lock_init
 .text.__retarget_lock_init_recursive
                0x08002bf2        0x2 C:\elec291_new\arm-gnu-toolchain-12.2.rel1-mingw-w64-i686-arm-none-eabi\arm-gnu-toolchain-12.2.rel1-mingw-w64-i686-arm-none-eabi\lib\gcc\arm-none-eabi\12.2.1\thumb\v6-m\nofp\libc_nano.a(libc_a-lock.o)
                0x08002bf2                __retarget_lock_init_recursive
 .text.__retarget_lock_close
                0x08002bf4        0x2 C:\elec291_new\arm-gnu-toolchain-12.2.rel1-mingw-w64-i686-arm-none-eabi\arm-gnu-toolchain-12.2.rel1-mingw-w64-i686-arm-none-eabi\lib\gcc\arm-none-eabi\12.2.1\thumb\v6-m\nofp\libc_nano.a(libc_a-lock.o)
                0x08002bf4                __retarget_lock_close
 .text.__retarget_lock_close_recursive
                0x08002bf6        0x2 C:\elec291_new\arm-gnu-toolchain-12.2.rel1-mingw-w64-i686-arm-none-eabi\arm-gnu-toolchain-12.2.rel1-mingw-w64-i686-arm-none-eabi\lib\gcc\arm-none-eabi\12.2.1\thumb\v6-m\nofp\libc_nano.a(libc_a-lock.o)
                0x08002bf6                __retarget_lock_close_recursive
 .text.__retarget_lock_acquire
                0x08002bf8        0x2 C:\elec291_new\arm-gnu-toolchain-12.2.rel1-mingw-w64-i686-arm-none-eabi\arm-gnu-toolchain-12.2.rel1-mingw-w64-i686-arm-none-eabi\lib\gcc\arm-none-eabi\12.2.1\thumb\v6-m\nofp\libc_nano.a(libc_a-lock.o)
                0x08002bf8                __retarget_lock_acquire
 .text.__retarget_lock_acquire_recursive
                0x08002bfa        0x2 C:\elec291_new\arm-gnu-toolchain-12.2.rel1-mingw-w64-i686-arm-none-eabi\arm-gnu-toolchain-12.2.rel1-mingw-w64-i686-arm-none-eabi\lib\gcc\arm-none-eabi\12.2.1\thumb\v6-m\nofp\libc_nano.a(libc_a-lock.o)
                0x08002bfa                __retarget_lock_acquire_recursive
 .text.__retarget_lock_try_acquire
                0x08002bfc        0x4 C:\elec291_new\arm-gnu-toolchain-12.2.rel1-mingw-w64-i686-arm-none-eabi\arm-gnu-toolchain-12.2.rel1-mingw-w64-i686-arm-none-eabi\lib\gcc\arm-none-eabi\12.2.1\thumb\v6-m\nofp\libc_nano.a(libc_a-lock.o)
                0x08002bfc                __retarget_lock_try_acquire
 .text.__retarget_lock_try_acquire_recursive
                0x08002c00        0x4 C:\elec291_new\arm-gnu-toolchain-12.2.rel1-mingw-w64-i686-arm-none-eabi\arm-gnu-toolchain-12.2.rel1-mingw-w64-i686-arm-none-eabi\lib\gcc\arm-none-eabi\12.2.1\thumb\v6-m\nofp\libc_nano.a(libc_a-lock.o)
                0x08002c00                __retarget_lock_try_acquire_recursive
 .text.__retarget_lock_release
                0x08002c04        0x2 C:\elec291_new\arm-gnu-toolchain-12.2.rel1-mingw-w64-i686-arm-none-eabi\arm-gnu-toolchain-12.2.rel1-mingw-w64-i686-arm-none-eabi\lib\gcc\arm-none-eabi\12.2.1\thumb\v6-m\nofp\libc_nano.a(libc_a-lock.o)
                0x08002c04                __retarget_lock_release
 .text.__retarget_lock_release_recursive
                0x08002c06        0x2 C:\elec291_new\arm-gnu-toolchain-12.2.rel1-mingw-w64-i686-arm-none-eabi\arm-gnu-toolchain-12.2.rel1-mingw-w64-i686-arm-none-eabi\lib\gcc\arm-none-eabi\12.2.1\thumb\v6-m\nofp\libc_nano.a(libc_a-lock.o)
                0x08002c06                __retarget_lock_release_recursive
 .text          0x08002c08        0x0 C:\elec291_new\arm-gnu-toolchain-12.2.rel1-mingw-w64-i686-arm-none-eabi\arm-gnu-toolchain-12.2.rel1-mingw-w64-i686-arm-none-eabi\lib\gcc\arm-none-eabi\12.2.1\thumb\v6-m\nofp\libc_nano.a(libc_a-memchr-stub.o)
 .text.memchr   0x08002c08       0x16 C:\elec291_new\arm-gnu-toolchain-12.2.rel1-mingw-w64-i686-arm-none-eabi\arm-gnu-toolchain-12.2.rel1-mingw-w64-i686-arm-none-eabi\lib\gcc\arm-none-eabi\12.2.1\thumb\v6-m\nofp\libc_nano.a(libc_a-memchr-stub.o)
                0x08002c08                memchr
 .text          0x08002c1e        0x0 C:\elec291_new\arm-gnu-toolchain-12.2.rel1-mingw-w64-i686-arm-none-eabi\arm-gnu-toolchain-12.2.rel1-mingw-w64-i686-arm-none-eabi\lib\gcc\arm-none-eabi\12.2.1\thumb\v6-m\nofp\libc_nano.a(libc_a-memcpy-stub.o)
 .text.memcpy   0x08002c1e       0x12 C:\elec291_new\arm-gnu-toolchain-12.2.rel1-mingw-w64-i686-arm-none-eabi\arm-gnu-toolchain-12.2.rel1-mingw-w64-i686-arm-none-eabi\lib\gcc\arm-none-eabi\12.2.1\thumb\v6-m\nofp\libc_nano.a(libc_a-memcpy-stub.o)
                0x08002c1e                memcpy
 .text          0x08002c30        0x0 C:\elec291_new\arm-gnu-toolchain-12.2.rel1-mingw-w64-i686-arm-none-eabi\arm-gnu-toolchain-12.2.rel1-mingw-w64-i686-arm-none-eabi\lib\gcc\arm-none-eabi\12.2.1\thumb\v6-m\nofp\libc_nano.a(libc_a-freer.o)
 .text._free_r  0x08002c30       0x94 C:\elec291_new\arm-gnu-toolchain-12.2.rel1-mingw-w64-i686-arm-none-eabi\arm-gnu-toolchain-12.2.rel1-mingw-w64-i686-arm-none-eabi\lib\gcc\arm-none-eabi\12.2.1\thumb\v6-m\nofp\libc_nano.a(libc_a-freer.o)
                0x08002c30                _free_r
 .text          0x08002cc4        0x0 C:\elec291_new\arm-gnu-toolchain-12.2.rel1-mingw-w64-i686-arm-none-eabi\arm-gnu-toolchain-12.2.rel1-mingw-w64-i686-arm-none-eabi\lib\gcc\arm-none-eabi\12.2.1\thumb\v6-m\nofp\libc_nano.a(libc_a-mallocr.o)
 .text.sbrk_aligned
                0x08002cc4       0x44 C:\elec291_new\arm-gnu-toolchain-12.2.rel1-mingw-w64-i686-arm-none-eabi\arm-gnu-toolchain-12.2.rel1-mingw-w64-i686-arm-none-eabi\lib\gcc\arm-none-eabi\12.2.1\thumb\v6-m\nofp\libc_nano.a(libc_a-mallocr.o)
 .text._malloc_r
                0x08002d08       0xf4 C:\elec291_new\arm-gnu-toolchain-12.2.rel1-mingw-w64-i686-arm-none-eabi\arm-gnu-toolchain-12.2.rel1-mingw-w64-i686-arm-none-eabi\lib\gcc\arm-none-eabi\12.2.1\thumb\v6-m\nofp\libc_nano.a(libc_a-mallocr.o)
                0x08002d08                _malloc_r
 .text          0x08002dfc        0x0 C:\elec291_new\arm-gnu-toolchain-12.2.rel1-mingw-w64-i686-arm-none-eabi\arm-gnu-toolchain-12.2.rel1-mingw-w64-i686-arm-none-eabi\lib\gcc\arm-none-eabi\12.2.1\thumb\v6-m\nofp\libc_nano.a(libc_a-mlock.o)
 .text.__malloc_lock
                0x08002dfc       0x10 C:\elec291_new\arm-gnu-toolchain-12.2.rel1-mingw-w64-i686-arm-none-eabi\arm-gnu-toolchain-12.2.rel1-mingw-w64-i686-arm-none-eabi\lib\gcc\arm-none-eabi\12.2.1\thumb\v6-m\nofp\libc_nano.a(libc_a-mlock.o)
                0x08002dfc                __malloc_lock
 .text.__malloc_unlock
                0x08002e0c       0x10 C:\elec291_new\arm-gnu-toolchain-12.2.rel1-mingw-w64-i686-arm-none-eabi\arm-gnu-toolchain-12.2.rel1-mingw-w64-i686-arm-none-eabi\lib\gcc\arm-none-eabi\12.2.1\thumb\v6-m\nofp\libc_nano.a(libc_a-mlock.o)
                0x08002e0c                __malloc_unlock
 .text          0x08002e1c        0x0 C:\elec291_new\arm-gnu-toolchain-12.2.rel1-mingw-w64-i686-arm-none-eabi\arm-gnu-toolchain-12.2.rel1-mingw-w64-i686-arm-none-eabi\lib\gcc\arm-none-eabi\12.2.1\thumb\v6-m\nofp\libc_nano.a(libc_a-reallocr.o)
 .text._realloc_r
                0x08002e1c       0x5e C:\elec291_new\arm-gnu-toolchain-12.2.rel1-mingw-w64-i686-arm-none-eabi\arm-gnu-toolchain-12.2.rel1-mingw-w64-i686-arm-none-eabi\lib\gcc\arm-none-eabi\12.2.1\thumb\v6-m\nofp\libc_nano.a(libc_a-reallocr.o)
                0x08002e1c                _realloc_r
 .text          0x08002e7a        0x0 C:\elec291_new\arm-gnu-toolchain-12.2.rel1-mingw-w64-i686-arm-none-eabi\arm-gnu-toolchain-12.2.rel1-mingw-w64-i686-arm-none-eabi\lib\gcc\arm-none-eabi\12.2.1\thumb\v6-m\nofp\libc_nano.a(libc_a-fflush.o)
 .text.__sflush_r
                0x08002e7a      0x11c C:\elec291_new\arm-gnu-toolchain-12.2.rel1-mingw-w64-i686-arm-none-eabi\arm-gnu-toolchain-12.2.rel1-mingw-w64-i686-arm-none-eabi\lib\gcc\arm-none-eabi\12.2.1\thumb\v6-m\nofp\libc_nano.a(libc_a-fflush.o)
                0x08002e7a                __sflush_r
 .text._fflush_r
                0x08002f96       0x56 C:\elec291_new\arm-gnu-toolchain-12.2.rel1-mingw-w64-i686-arm-none-eabi\arm-gnu-toolchain-12.2.rel1-mingw-w64-i686-arm-none-eabi\lib\gcc\arm-none-eabi\12.2.1\thumb\v6-m\nofp\libc_nano.a(libc_a-fflush.o)
                0x08002f96                _fflush_r
 .text.fflush   0x08002fec       0x30 C:\elec291_new\arm-gnu-toolchain-12.2.rel1-mingw-w64-i686-arm-none-eabi\arm-gnu-toolchain-12.2.rel1-mingw-w64-i686-arm-none-eabi\lib\gcc\arm-none-eabi\12.2.1\thumb\v6-m\nofp\libc_nano.a(libc_a-fflush.o)
                0x08002fec                fflush
 .text          0x0800301c        0x0 C:\elec291_new\arm-gnu-toolchain-12.2.rel1-mingw-w64-i686-arm-none-eabi\arm-gnu-toolchain-12.2.rel1-mingw-w64-i686-arm-none-eabi\lib\gcc\arm-none-eabi\12.2.1\thumb\v6-m\nofp\libc_nano.a(libc_a-makebuf.o)
 .text.__swhatbuf_r
                0x0800301c       0x54 C:\elec291_new\arm-gnu-toolchain-12.2.rel1-mingw-w64-i686-arm-none-eabi\arm-gnu-toolchain-12.2.rel1-mingw-w64-i686-arm-none-eabi\lib\gcc\arm-none-eabi\12.2.1\thumb\v6-m\nofp\libc_nano.a(libc_a-makebuf.o)
                0x0800301c                __swhatbuf_r
 .text.__smakebuf_r
                0x08003070       0x82 C:\elec291_new\arm-gnu-toolchain-12.2.rel1-mingw-w64-i686-arm-none-eabi\arm-gnu-toolchain-12.2.rel1-mingw-w64-i686-arm-none-eabi\lib\gcc\arm-none-eabi\12.2.1\thumb\v6-m\nofp\libc_nano.a(libc_a-makebuf.o)
                0x08003070                __smakebuf_r
 .text          0x080030f2        0x0 C:\elec291_new\arm-gnu-toolchain-12.2.rel1-mingw-w64-i686-arm-none-eabi\arm-gnu-toolchain-12.2.rel1-mingw-w64-i686-arm-none-eabi\lib\gcc\arm-none-eabi\12.2.1\thumb\v6-m\nofp\libc_nano.a(libc_a-fstatr.o)
 *fill*         0x080030f2        0x2 
 .text._fstat_r
                0x080030f4       0x24 C:\elec291_new\arm-gnu-toolchain-12.2.rel1-mingw-w64-i686-arm-none-eabi\arm-gnu-toolchain-12.2.rel1-mingw-w64-i686-arm-none-eabi\lib\gcc\arm-none-eabi\12.2.1\thumb\v6-m\nofp\libc_nano.a(libc_a-fstatr.o)
                0x080030f4                _fstat_r
 .text          0x08003118        0x0 C:\elec291_new\arm-gnu-toolchain-12.2.rel1-mingw-w64-i686-arm-none-eabi\arm-gnu-toolchain-12.2.rel1-mingw-w64-i686-arm-none-eabi\lib\gcc\arm-none-eabi\12.2.1\thumb\v6-m\nofp\libc_nano.a(libc_a-isattyr.o)
 .text._isatty_r
                0x08003118       0x24 C:\elec291_new\arm-gnu-toolchain-12.2.rel1-mingw-w64-i686-arm-none-eabi\arm-gnu-toolchain-12.2.rel1-mingw-w64-i686-arm-none-eabi\lib\gcc\arm-none-eabi\12.2.1\thumb\v6-m\nofp\libc_nano.a(libc_a-isattyr.o)
                0x08003118                _isatty_r
 .text          0x0800313c        0x0 C:\elec291_new\arm-gnu-toolchain-12.2.rel1-mingw-w64-i686-arm-none-eabi\arm-gnu-toolchain-12.2.rel1-mingw-w64-i686-arm-none-eabi\lib\gcc\arm-none-eabi\12.2.1\thumb\v6-m\nofp\libc_nano.a(libc_a-sbrkr.o)
 .text._sbrk_r  0x0800313c       0x24 C:\elec291_new\arm-gnu-toolchain-12.2.rel1-mingw-w64-i686-arm-none-eabi\arm-gnu-toolchain-12.2.rel1-mingw-w64-i686-arm-none-eabi\lib\gcc\arm-none-eabi\12.2.1\thumb\v6-m\nofp\libc_nano.a(libc_a-sbrkr.o)
                0x0800313c                _sbrk_r
 .text          0x08003160        0x0 C:\elec291_new\arm-gnu-toolchain-12.2.rel1-mingw-w64-i686-arm-none-eabi\arm-gnu-toolchain-12.2.rel1-mingw-w64-i686-arm-none-eabi\lib\gcc\arm-none-eabi\12.2.1\thumb\v6-m\nofp\libc_nano.a(libc_a-msizer.o)
 .text._malloc_usable_size_r
                0x08003160       0x10 C:\elec291_new\arm-gnu-toolchain-12.2.rel1-mingw-w64-i686-arm-none-eabi\arm-gnu-toolchain-12.2.rel1-mingw-w64-i686-arm-none-eabi\lib\gcc\arm-none-eabi\12.2.1\thumb\v6-m\nofp\libc_nano.a(libc_a-msizer.o)
                0x08003160                _malloc_usable_size_r
 .text          0x08003170       0x14 C:\elec291_new\arm-gnu-toolchain-12.2.rel1-mingw-w64-i686-arm-none-eabi\arm-gnu-toolchain-12.2.rel1-mingw-w64-i686-arm-none-eabi\lib\gcc\arm-none-eabi\12.2.1\thumb\v6-m\nofp\libgcc.a(_thumb1_case_shi.o)
                0x08003170                __gnu_thumb1_case_shi
 .text          0x08003184      0x114 C:\elec291_new\arm-gnu-toolchain-12.2.rel1-mingw-w64-i686-arm-none-eabi\arm-gnu-toolchain-12.2.rel1-mingw-w64-i686-arm-none-eabi\lib\gcc\arm-none-eabi\12.2.1\thumb\v6-m\nofp\libgcc.a(_udivsi3.o)
                0x08003184                __aeabi_uidiv
                0x08003184                __udivsi3
                0x08003290                __aeabi_uidivmod
 *(.rodata*)
 .rodata        0x08003298       0x27 main.o
 *fill*         0x080032bf        0x1 
 .rodata        0x080032c0       0x7c startup.o
 .rodata._vfprintf_r.str1.1
                0x0800333c       0x11 C:\elec291_new\arm-gnu-toolchain-12.2.rel1-mingw-w64-i686-arm-none-eabi\arm-gnu-toolchain-12.2.rel1-mingw-w64-i686-arm-none-eabi\lib\gcc\arm-none-eabi\12.2.1\thumb\v6-m\nofp\libc_nano.a(libc_a-nano-vfprintf.o)
 .rodata._printf_i.str1.1
                0x0800334d       0x22 C:\elec291_new\arm-gnu-toolchain-12.2.rel1-mingw-w64-i686-arm-none-eabi\arm-gnu-toolchain-12.2.rel1-mingw-w64-i686-arm-none-eabi\lib\gcc\arm-none-eabi\12.2.1\thumb\v6-m\nofp\libc_nano.a(libc_a-nano-vfprintf_i.o)
                0x08003370                . = ALIGN (0x4)
 *fill*         0x0800336f        0x1 
                0x08003370                PROVIDE (__init_array_start = .)
 *(SORT_BY_NAME(.init_array.*))
 *(.init_array)
                0x08003370                PROVIDE (__init_array_end = .)
                0x08003370                . = ALIGN (0x4)
                0x08003370                _etext = .

.glue_7         0x08003370        0x0
 .glue_7        0x08003370        0x0 linker stubs

.glue_7t        0x08003370        0x0
 .glue_7t       0x08003370        0x0 linker stubs

.vfp11_veneer   0x08003370        0x0
 .vfp11_veneer  0x08003370        0x0 linker stubs

.v4_bx          0x08003370        0x0
 .v4_bx         0x08003370        0x0 linker stubs

.iplt           0x08003370        0x0
 .iplt          0x08003370        0x0 main.o

.rel.dyn        0x08003370        0x0
 .rel.iplt      0x08003370        0x0 main.o

.data           0x20000000       0x64 load address 0x08003370
                0x20000000                . = ALIGN (0x4)
                0x20000000                _data = .
 *(.data*)
 .data          0x20000000        0x2 main.o
                0x20000000                pwm1
                0x20000001                pwm2
 .data          0x20000002        0x0 serial.o
 .data          0x20000002        0x0 startup.o
 *fill*         0x20000002        0x2 
 .data          0x20000004        0x4 newlib_stubs.o
                0x20000004                environ
 .data          0x20000008        0x0 C:\elec291_new\arm-gnu-toolchain-12.2.rel1-mingw-w64-i686-arm-none-eabi\arm-gnu-toolchain-12.2.rel1-mingw-w64-i686-arm-none-eabi\lib\gcc\arm-none-eabi\12.2.1\thumb\v6-m\nofp\libnosys.a(errno.o)
 .data          0x20000008        0x0 C:\elec291_new\arm-gnu-toolchain-12.2.rel1-mingw-w64-i686-arm-none-eabi\arm-gnu-toolchain-12.2.rel1-mingw-w64-i686-arm-none-eabi\lib\gcc\arm-none-eabi\12.2.1\thumb\v6-m\nofp\libgcc.a(_divsi3.o)
 .data          0x20000008        0x0 C:\elec291_new\arm-gnu-toolchain-12.2.rel1-mingw-w64-i686-arm-none-eabi\arm-gnu-toolchain-12.2.rel1-mingw-w64-i686-arm-none-eabi\lib\gcc\arm-none-eabi\12.2.1\thumb\v6-m\nofp\libgcc.a(_dvmd_tls.o)
 .data          0x20000008        0x0 C:\elec291_new\arm-gnu-toolchain-12.2.rel1-mingw-w64-i686-arm-none-eabi\arm-gnu-toolchain-12.2.rel1-mingw-w64-i686-arm-none-eabi\lib\gcc\arm-none-eabi\12.2.1\thumb\v6-m\nofp\libc_nano.a(libc_a-printf.o)
 .data          0x20000008        0x0 C:\elec291_new\arm-gnu-toolchain-12.2.rel1-mingw-w64-i686-arm-none-eabi\arm-gnu-toolchain-12.2.rel1-mingw-w64-i686-arm-none-eabi\lib\gcc\arm-none-eabi\12.2.1\thumb\v6-m\nofp\libc_nano.a(libc_a-impure.o)
 .data._impure_ptr
                0x20000008        0x4 C:\elec291_new\arm-gnu-toolchain-12.2.rel1-mingw-w64-i686-arm-none-eabi\arm-gnu-toolchain-12.2.rel1-mingw-w64-i686-arm-none-eabi\lib\gcc\arm-none-eabi\12.2.1\thumb\v6-m\nofp\libc_nano.a(libc_a-impure.o)
                0x20000008                _impure_ptr
 .data._impure_data
                0x2000000c       0x4c C:\elec291_new\arm-gnu-toolchain-12.2.rel1-mingw-w64-i686-arm-none-eabi\arm-gnu-toolchain-12.2.rel1-mingw-w64-i686-arm-none-eabi\lib\gcc\arm-none-eabi\12.2.1\thumb\v6-m\nofp\libc_nano.a(libc_a-impure.o)
                0x2000000c                _impure_data
 .data          0x20000058        0x0 C:\elec291_new\arm-gnu-toolchain-12.2.rel1-mingw-w64-i686-arm-none-eabi\arm-gnu-toolchain-12.2.rel1-mingw-w64-i686-arm-none-eabi\lib\gcc\arm-none-eabi\12.2.1\thumb\v6-m\nofp\libc_nano.a(libc_a-nano-vfprintf.o)
 .data          0x20000058        0x0 C:\elec291_new\arm-gnu-toolchain-12.2.rel1-mingw-w64-i686-arm-none-eabi\arm-gnu-toolchain-12.2.rel1-mingw-w64-i686-arm-none-eabi\lib\gcc\arm-none-eabi\12.2.1\thumb\v6-m\nofp\libc_nano.a(libc_a-nano-vfprintf_i.o)
 .data          0x20000058        0x0 C:\elec291_new\arm-gnu-toolchain-12.2.rel1-mingw-w64-i686-arm-none-eabi\arm-gnu-toolchain-12.2.rel1-mingw-w64-i686-arm-none-eabi\lib\gcc\arm-none-eabi\12.2.1\thumb\v6-m\nofp\libc_nano.a(libc_a-findfp.o)
 .data.__sglue  0x20000058        0xc C:\elec291_new\arm-gnu-toolchain-12.2.rel1-mingw-w64-i686-arm-none-eabi\arm-gnu-toolchain-12.2.rel1-mingw-w64-i686-arm-none-eabi\lib\gcc\arm-none-eabi\12.2.1\thumb\v6-m\nofp\libc_nano.a(libc_a-findfp.o)
                0x20000058                __sglue
 .data          0x20000064        0x0 C:\elec291_new\arm-gnu-toolchain-12.2.rel1-mingw-w64-i686-arm-none-eabi\arm-gnu-toolchain-12.2.rel1-mingw-w64-i686-arm-none-eabi\lib\gcc\arm-none-eabi\12.2.1\thumb\v6-m\nofp\libc_nano.a(libc_a-fvwrite.o)
 .data          0x20000064        0x0 C:\elec291_new\arm-gnu-toolchain-12.2.rel1-mingw-w64-i686-arm-none-eabi\arm-gnu-toolchain-12.2.rel1-mingw-w64-i686-arm-none-eabi\lib\gcc\arm-none-eabi\12.2.1\thumb\v6-m\nofp\libc_nano.a(libc_a-fwalk.o)
 .data          0x20000064        0x0 C:\elec291_new\arm-gnu-toolchain-12.2.rel1-mingw-w64-i686-arm-none-eabi\arm-gnu-toolchain-12.2.rel1-mingw-w64-i686-arm-none-eabi\lib\gcc\arm-none-eabi\12.2.1\thumb\v6-m\nofp\libc_nano.a(libc_a-stdio.o)
 .data          0x20000064        0x0 C:\elec291_new\arm-gnu-toolchain-12.2.rel1-mingw-w64-i686-arm-none-eabi\arm-gnu-toolchain-12.2.rel1-mingw-w64-i686-arm-none-eabi\lib\gcc\arm-none-eabi\12.2.1\thumb\v6-m\nofp\libc_nano.a(libc_a-wbuf.o)
 .data          0x20000064        0x0 C:\elec291_new\arm-gnu-toolchain-12.2.rel1-mingw-w64-i686-arm-none-eabi\arm-gnu-toolchain-12.2.rel1-mingw-w64-i686-arm-none-eabi\lib\gcc\arm-none-eabi\12.2.1\thumb\v6-m\nofp\libc_nano.a(libc_a-wsetup.o)
 .data          0x20000064        0x0 C:\elec291_new\arm-gnu-toolchain-12.2.rel1-mingw-w64-i686-arm-none-eabi\arm-gnu-toolchain-12.2.rel1-mingw-w64-i686-arm-none-eabi\lib\gcc\arm-none-eabi\12.2.1\thumb\v6-m\nofp\libc_nano.a(libc_a-memmove.o)
 .data          0x20000064        0x0 C:\elec291_new\arm-gnu-toolchain-12.2.rel1-mingw-w64-i686-arm-none-eabi\arm-gnu-toolchain-12.2.rel1-mingw-w64-i686-arm-none-eabi\lib\gcc\arm-none-eabi\12.2.1\thumb\v6-m\nofp\libc_nano.a(libc_a-memset.o)
 .data          0x20000064        0x0 C:\elec291_new\arm-gnu-toolchain-12.2.rel1-mingw-w64-i686-arm-none-eabi\arm-gnu-toolchain-12.2.rel1-mingw-w64-i686-arm-none-eabi\lib\gcc\arm-none-eabi\12.2.1\thumb\v6-m\nofp\libc_nano.a(libc_a-closer.o)
 .data          0x20000064        0x0 C:\elec291_new\arm-gnu-toolchain-12.2.rel1-mingw-w64-i686-arm-none-eabi\arm-gnu-toolchain-12.2.rel1-mingw-w64-i686-arm-none-eabi\lib\gcc\arm-none-eabi\12.2.1\thumb\v6-m\nofp\libc_nano.a(libc_a-lseekr.o)
 .data          0x20000064        0x0 C:\elec291_new\arm-gnu-toolchain-12.2.rel1-mingw-w64-i686-arm-none-eabi\arm-gnu-toolchain-12.2.rel1-mingw-w64-i686-arm-none-eabi\lib\gcc\arm-none-eabi\12.2.1\thumb\v6-m\nofp\libc_nano.a(libc_a-readr.o)
 .data          0x20000064        0x0 C:\elec291_new\arm-gnu-toolchain-12.2.rel1-mingw-w64-i686-arm-none-eabi\arm-gnu-toolchain-12.2.rel1-mingw-w64-i686-arm-none-eabi\lib\gcc\arm-none-eabi\12.2.1\thumb\v6-m\nofp\libc_nano.a(libc_a-writer.o)
 .data          0x20000064        0x0 C:\elec291_new\arm-gnu-toolchain-12.2.rel1-mingw-w64-i686-arm-none-eabi\arm-gnu-toolchain-12.2.rel1-mingw-w64-i686-arm-none-eabi\lib\gcc\arm-none-eabi\12.2.1\thumb\v6-m\nofp\libc_nano.a(libc_a-lock.o)
 .data          0x20000064        0x0 C:\elec291_new\arm-gnu-toolchain-12.2.rel1-mingw-w64-i686-arm-none-eabi\arm-gnu-toolchain-12.2.rel1-mingw-w64-i686-arm-none-eabi\lib\gcc\arm-none-eabi\12.2.1\thumb\v6-m\nofp\libc_nano.a(libc_a-memchr-stub.o)
 .data          0x20000064        0x0 C:\elec291_new\arm-gnu-toolchain-12.2.rel1-mingw-w64-i686-arm-none-eabi\arm-gnu-toolchain-12.2.rel1-mingw-w64-i686-arm-none-eabi\lib\gcc\arm-none-eabi\12.2.1\thumb\v6-m\nofp\libc_nano.a(libc_a-memcpy-stub.o)
 .data          0x20000064        0x0 C:\elec291_new\arm-gnu-toolchain-12.2.rel1-mingw-w64-i686-arm-none-eabi\arm-gnu-toolchain-12.2.rel1-mingw-w64-i686-arm-none-eabi\lib\gcc\arm-none-eabi\12.2.1\thumb\v6-m\nofp\libc_nano.a(libc_a-freer.o)
 .data          0x20000064        0x0 C:\elec291_new\arm-gnu-toolchain-12.2.rel1-mingw-w64-i686-arm-none-eabi\arm-gnu-toolchain-12.2.rel1-mingw-w64-i686-arm-none-eabi\lib\gcc\arm-none-eabi\12.2.1\thumb\v6-m\nofp\libc_nano.a(libc_a-mallocr.o)
 .data          0x20000064        0x0 C:\elec291_new\arm-gnu-toolchain-12.2.rel1-mingw-w64-i686-arm-none-eabi\arm-gnu-toolchain-12.2.rel1-mingw-w64-i686-arm-none-eabi\lib\gcc\arm-none-eabi\12.2.1\thumb\v6-m\nofp\libc_nano.a(libc_a-mlock.o)
 .data          0x20000064        0x0 C:\elec291_new\arm-gnu-toolchain-12.2.rel1-mingw-w64-i686-arm-none-eabi\arm-gnu-toolchain-12.2.rel1-mingw-w64-i686-arm-none-eabi\lib\gcc\arm-none-eabi\12.2.1\thumb\v6-m\nofp\libc_nano.a(libc_a-reallocr.o)
 .data          0x20000064        0x0 C:\elec291_new\arm-gnu-toolchain-12.2.rel1-mingw-w64-i686-arm-none-eabi\arm-gnu-toolchain-12.2.rel1-mingw-w64-i686-arm-none-eabi\lib\gcc\arm-none-eabi\12.2.1\thumb\v6-m\nofp\libc_nano.a(libc_a-fflush.o)
 .data          0x20000064        0x0 C:\elec291_new\arm-gnu-toolchain-12.2.rel1-mingw-w64-i686-arm-none-eabi\arm-gnu-toolchain-12.2.rel1-mingw-w64-i686-arm-none-eabi\lib\gcc\arm-none-eabi\12.2.1\thumb\v6-m\nofp\libc_nano.a(libc_a-makebuf.o)
 .data          0x20000064        0x0 C:\elec291_new\arm-gnu-toolchain-12.2.rel1-mingw-w64-i686-arm-none-eabi\arm-gnu-toolchain-12.2.rel1-mingw-w64-i686-arm-none-eabi\lib\gcc\arm-none-eabi\12.2.1\thumb\v6-m\nofp\libc_nano.a(libc_a-fstatr.o)
 .data          0x20000064        0x0 C:\elec291_new\arm-gnu-toolchain-12.2.rel1-mingw-w64-i686-arm-none-eabi\arm-gnu-toolchain-12.2.rel1-mingw-w64-i686-arm-none-eabi\lib\gcc\arm-none-eabi\12.2.1\thumb\v6-m\nofp\libc_nano.a(libc_a-isattyr.o)
 .data          0x20000064        0x0 C:\elec291_new\arm-gnu-toolchain-12.2.rel1-mingw-w64-i686-arm-none-eabi\arm-gnu-toolchain-12.2.rel1-mingw-w64-i686-arm-none-eabi\lib\gcc\arm-none-eabi\12.2.1\thumb\v6-m\nofp\libc_nano.a(libc_a-sbrkr.o)
 .data          0x20000064        0x0 C:\elec291_new\arm-gnu-toolchain-12.2.rel1-mingw-w64-i686-arm-none-eabi\arm-gnu-toolchain-12.2.rel1-mingw-w64-i686-arm-none-eabi\lib\gcc\arm-none-eabi\12.2.1\thumb\v6-m\nofp\libc_nano.a(libc_a-msizer.o)
 .data          0x20000064        0x0 C:\elec291_new\arm-gnu-toolchain-12.2.rel1-mingw-w64-i686-arm-none-eabi\arm-gnu-toolchain-12.2.rel1-mingw-w64-i686-arm-none-eabi\lib\gcc\arm-none-eabi\12.2.1\thumb\v6-m\nofp\libgcc.a(_thumb1_case_shi.o)
 .data          0x20000064        0x0 C:\elec291_new\arm-gnu-toolchain-12.2.rel1-mingw-w64-i686-arm-none-eabi\arm-gnu-toolchain-12.2.rel1-mingw-w64-i686-arm-none-eabi\lib\gcc\arm-none-eabi\12.2.1\thumb\v6-m\nofp\libgcc.a(_udivsi3.o)
                0x20000064                . = ALIGN (0x4)
                0x20000064                _edata = .

.igot.plt       0x20000064        0x0 load address 0x080033d4
 .igot.plt      0x20000064        0x0 main.o

.bss            0x20000064      0x200 load address 0x080033d4
                0x20000064                _bss = .
 *(.bss*)
 .bss           0x20000064        0x4 main.o
                0x20000064                PWM_Counter
 .bss           0x20000068       0xa4 serial.o
                0x20000068                ComRXBuffer
                0x200000b4                ComTXBuffer
                0x20000100                ComOpen
                0x20000104                ComError
                0x20000108                ComBusy
 .bss           0x2000010c        0x0 startup.o
 .bss           0x2000010c        0x8 newlib_stubs.o
                0x2000010c                __env
 .bss           0x20000114        0x0 C:\elec291_new\arm-gnu-toolchain-12.2.rel1-mingw-w64-i686-arm-none-eabi\arm-gnu-toolchain-12.2.rel1-mingw-w64-i686-arm-none-eabi\lib\gcc\arm-none-eabi\12.2.1\thumb\v6-m\nofp\libnosys.a(errno.o)
 .bss.errno     0x20000114        0x4 C:\elec291_new\arm-gnu-toolchain-12.2.rel1-mingw-w64-i686-arm-none-eabi\arm-gnu-toolchain-12.2.rel1-mingw-w64-i686-arm-none-eabi\lib\gcc\arm-none-eabi\12.2.1\thumb\v6-m\nofp\libnosys.a(errno.o)
                0x20000114                errno
 .bss           0x20000118        0x0 C:\elec291_new\arm-gnu-toolchain-12.2.rel1-mingw-w64-i686-arm-none-eabi\arm-gnu-toolchain-12.2.rel1-mingw-w64-i686-arm-none-eabi\lib\gcc\arm-none-eabi\12.2.1\thumb\v6-m\nofp\libgcc.a(_divsi3.o)
 .bss           0x20000118        0x0 C:\elec291_new\arm-gnu-toolchain-12.2.rel1-mingw-w64-i686-arm-none-eabi\arm-gnu-toolchain-12.2.rel1-mingw-w64-i686-arm-none-eabi\lib\gcc\arm-none-eabi\12.2.1\thumb\v6-m\nofp\libgcc.a(_dvmd_tls.o)
 .bss           0x20000118        0x0 C:\elec291_new\arm-gnu-toolchain-12.2.rel1-mingw-w64-i686-arm-none-eabi\arm-gnu-toolchain-12.2.rel1-mingw-w64-i686-arm-none-eabi\lib\gcc\arm-none-eabi\12.2.1\thumb\v6-m\nofp\libc_nano.a(libc_a-printf.o)
 .bss           0x20000118        0x0 C:\elec291_new\arm-gnu-toolchain-12.2.rel1-mingw-w64-i686-arm-none-eabi\arm-gnu-toolchain-12.2.rel1-mingw-w64-i686-arm-none-eabi\lib\gcc\arm-none-eabi\12.2.1\thumb\v6-m\nofp\libc_nano.a(libc_a-impure.o)
 .bss           0x20000118        0x0 C:\elec291_new\arm-gnu-toolchain-12.2.rel1-mingw-w64-i686-arm-none-eabi\arm-gnu-toolchain-12.2.rel1-mingw-w64-i686-arm-none-eabi\lib\gcc\arm-none-eabi\12.2.1\thumb\v6-m\nofp\libc_nano.a(libc_a-nano-vfprintf.o)
 .bss           0x20000118        0x0 C:\elec291_new\arm-gnu-toolchain-12.2.rel1-mingw-w64-i686-arm-none-eabi\arm-gnu-toolchain-12.2.rel1-mingw-w64-i686-arm-none-eabi\lib\gcc\arm-none-eabi\12.2.1\thumb\v6-m\nofp\libc_nano.a(libc_a-nano-vfprintf_i.o)
 .bss           0x20000118        0x0 C:\elec291_new\arm-gnu-toolchain-12.2.rel1-mingw-w64-i686-arm-none-eabi\arm-gnu-toolchain-12.2.rel1-mingw-w64-i686-arm-none-eabi\lib\gcc\arm-none-eabi\12.2.1\thumb\v6-m\nofp\libc_nano.a(libc_a-findfp.o)
 .bss.__sf      0x20000118      0x138 C:\elec291_new\arm-gnu-toolchain-12.2.rel1-mingw-w64-i686-arm-none-eabi\arm-gnu-toolchain-12.2.rel1-mingw-w64-i686-arm-none-eabi\lib\gcc\arm-none-eabi\12.2.1\thumb\v6-m\nofp\libc_nano.a(libc_a-findfp.o)
                0x20000118                __sf
 .bss.__stdio_exit_handler
                0x20000250        0x4 C:\elec291_new\arm-gnu-toolchain-12.2.rel1-mingw-w64-i686-arm-none-eabi\arm-gnu-toolchain-12.2.rel1-mingw-w64-i686-arm-none-eabi\lib\gcc\arm-none-eabi\12.2.1\thumb\v6-m\nofp\libc_nano.a(libc_a-findfp.o)
                0x20000250                __stdio_exit_handler
 .bss           0x20000254        0x0 C:\elec291_new\arm-gnu-toolchain-12.2.rel1-mingw-w64-i686-arm-none-eabi\arm-gnu-toolchain-12.2.rel1-mingw-w64-i686-arm-none-eabi\lib\gcc\arm-none-eabi\12.2.1\thumb\v6-m\nofp\libc_nano.a(libc_a-fvwrite.o)
 .bss           0x20000254        0x0 C:\elec291_new\arm-gnu-toolchain-12.2.rel1-mingw-w64-i686-arm-none-eabi\arm-gnu-toolchain-12.2.rel1-mingw-w64-i686-arm-none-eabi\lib\gcc\arm-none-eabi\12.2.1\thumb\v6-m\nofp\libc_nano.a(libc_a-fwalk.o)
 .bss           0x20000254        0x0 C:\elec291_new\arm-gnu-toolchain-12.2.rel1-mingw-w64-i686-arm-none-eabi\arm-gnu-toolchain-12.2.rel1-mingw-w64-i686-arm-none-eabi\lib\gcc\arm-none-eabi\12.2.1\thumb\v6-m\nofp\libc_nano.a(libc_a-stdio.o)
 .bss           0x20000254        0x0 C:\elec291_new\arm-gnu-toolchain-12.2.rel1-mingw-w64-i686-arm-none-eabi\arm-gnu-toolchain-12.2.rel1-mingw-w64-i686-arm-none-eabi\lib\gcc\arm-none-eabi\12.2.1\thumb\v6-m\nofp\libc_nano.a(libc_a-wbuf.o)
 .bss           0x20000254        0x0 C:\elec291_new\arm-gnu-toolchain-12.2.rel1-mingw-w64-i686-arm-none-eabi\arm-gnu-toolchain-12.2.rel1-mingw-w64-i686-arm-none-eabi\lib\gcc\arm-none-eabi\12.2.1\thumb\v6-m\nofp\libc_nano.a(libc_a-wsetup.o)
 .bss           0x20000254        0x0 C:\elec291_new\arm-gnu-toolchain-12.2.rel1-mingw-w64-i686-arm-none-eabi\arm-gnu-toolchain-12.2.rel1-mingw-w64-i686-arm-none-eabi\lib\gcc\arm-none-eabi\12.2.1\thumb\v6-m\nofp\libc_nano.a(libc_a-memmove.o)
 .bss           0x20000254        0x0 C:\elec291_new\arm-gnu-toolchain-12.2.rel1-mingw-w64-i686-arm-none-eabi\arm-gnu-toolchain-12.2.rel1-mingw-w64-i686-arm-none-eabi\lib\gcc\arm-none-eabi\12.2.1\thumb\v6-m\nofp\libc_nano.a(libc_a-memset.o)
 .bss           0x20000254        0x0 C:\elec291_new\arm-gnu-toolchain-12.2.rel1-mingw-w64-i686-arm-none-eabi\arm-gnu-toolchain-12.2.rel1-mingw-w64-i686-arm-none-eabi\lib\gcc\arm-none-eabi\12.2.1\thumb\v6-m\nofp\libc_nano.a(libc_a-closer.o)
 .bss           0x20000254        0x0 C:\elec291_new\arm-gnu-toolchain-12.2.rel1-mingw-w64-i686-arm-none-eabi\arm-gnu-toolchain-12.2.rel1-mingw-w64-i686-arm-none-eabi\lib\gcc\arm-none-eabi\12.2.1\thumb\v6-m\nofp\libc_nano.a(libc_a-lseekr.o)
 .bss           0x20000254        0x0 C:\elec291_new\arm-gnu-toolchain-12.2.rel1-mingw-w64-i686-arm-none-eabi\arm-gnu-toolchain-12.2.rel1-mingw-w64-i686-arm-none-eabi\lib\gcc\arm-none-eabi\12.2.1\thumb\v6-m\nofp\libc_nano.a(libc_a-readr.o)
 .bss           0x20000254        0x0 C:\elec291_new\arm-gnu-toolchain-12.2.rel1-mingw-w64-i686-arm-none-eabi\arm-gnu-toolchain-12.2.rel1-mingw-w64-i686-arm-none-eabi\lib\gcc\arm-none-eabi\12.2.1\thumb\v6-m\nofp\libc_nano.a(libc_a-writer.o)
 .bss           0x20000254        0x0 C:\elec291_new\arm-gnu-toolchain-12.2.rel1-mingw-w64-i686-arm-none-eabi\arm-gnu-toolchain-12.2.rel1-mingw-w64-i686-arm-none-eabi\lib\gcc\arm-none-eabi\12.2.1\thumb\v6-m\nofp\libc_nano.a(libc_a-lock.o)
 .bss.__lock___arc4random_mutex
                0x20000254        0x1 C:\elec291_new\arm-gnu-toolchain-12.2.rel1-mingw-w64-i686-arm-none-eabi\arm-gnu-toolchain-12.2.rel1-mingw-w64-i686-arm-none-eabi\lib\gcc\arm-none-eabi\12.2.1\thumb\v6-m\nofp\libc_nano.a(libc_a-lock.o)
                0x20000254                __lock___arc4random_mutex
 .bss.__lock___dd_hash_mutex
                0x20000255        0x1 C:\elec291_new\arm-gnu-toolchain-12.2.rel1-mingw-w64-i686-arm-none-eabi\arm-gnu-toolchain-12.2.rel1-mingw-w64-i686-arm-none-eabi\lib\gcc\arm-none-eabi\12.2.1\thumb\v6-m\nofp\libc_nano.a(libc_a-lock.o)
                0x20000255                __lock___dd_hash_mutex
 .bss.__lock___tz_mutex
                0x20000256        0x1 C:\elec291_new\arm-gnu-toolchain-12.2.rel1-mingw-w64-i686-arm-none-eabi\arm-gnu-toolchain-12.2.rel1-mingw-w64-i686-arm-none-eabi\lib\gcc\arm-none-eabi\12.2.1\thumb\v6-m\nofp\libc_nano.a(libc_a-lock.o)
                0x20000256                __lock___tz_mutex
 .bss.__lock___env_recursive_mutex
                0x20000257        0x1 C:\elec291_new\arm-gnu-toolchain-12.2.rel1-mingw-w64-i686-arm-none-eabi\arm-gnu-toolchain-12.2.rel1-mingw-w64-i686-arm-none-eabi\lib\gcc\arm-none-eabi\12.2.1\thumb\v6-m\nofp\libc_nano.a(libc_a-lock.o)
                0x20000257                __lock___env_recursive_mutex
 .bss.__lock___malloc_recursive_mutex
                0x20000258        0x1 C:\elec291_new\arm-gnu-toolchain-12.2.rel1-mingw-w64-i686-arm-none-eabi\arm-gnu-toolchain-12.2.rel1-mingw-w64-i686-arm-none-eabi\lib\gcc\arm-none-eabi\12.2.1\thumb\v6-m\nofp\libc_nano.a(libc_a-lock.o)
                0x20000258                __lock___malloc_recursive_mutex
 .bss.__lock___at_quick_exit_mutex
                0x20000259        0x1 C:\elec291_new\arm-gnu-toolchain-12.2.rel1-mingw-w64-i686-arm-none-eabi\arm-gnu-toolchain-12.2.rel1-mingw-w64-i686-arm-none-eabi\lib\gcc\arm-none-eabi\12.2.1\thumb\v6-m\nofp\libc_nano.a(libc_a-lock.o)
                0x20000259                __lock___at_quick_exit_mutex
 .bss.__lock___atexit_recursive_mutex
                0x2000025a        0x1 C:\elec291_new\arm-gnu-toolchain-12.2.rel1-mingw-w64-i686-arm-none-eabi\arm-gnu-toolchain-12.2.rel1-mingw-w64-i686-arm-none-eabi\lib\gcc\arm-none-eabi\12.2.1\thumb\v6-m\nofp\libc_nano.a(libc_a-lock.o)
                0x2000025a                __lock___atexit_recursive_mutex
 .bss.__lock___sfp_recursive_mutex
                0x2000025b        0x1 C:\elec291_new\arm-gnu-toolchain-12.2.rel1-mingw-w64-i686-arm-none-eabi\arm-gnu-toolchain-12.2.rel1-mingw-w64-i686-arm-none-eabi\lib\gcc\arm-none-eabi\12.2.1\thumb\v6-m\nofp\libc_nano.a(libc_a-lock.o)
                0x2000025b                __lock___sfp_recursive_mutex
 .bss           0x2000025c        0x0 C:\elec291_new\arm-gnu-toolchain-12.2.rel1-mingw-w64-i686-arm-none-eabi\arm-gnu-toolchain-12.2.rel1-mingw-w64-i686-arm-none-eabi\lib\gcc\arm-none-eabi\12.2.1\thumb\v6-m\nofp\libc_nano.a(libc_a-memchr-stub.o)
 .bss           0x2000025c        0x0 C:\elec291_new\arm-gnu-toolchain-12.2.rel1-mingw-w64-i686-arm-none-eabi\arm-gnu-toolchain-12.2.rel1-mingw-w64-i686-arm-none-eabi\lib\gcc\arm-none-eabi\12.2.1\thumb\v6-m\nofp\libc_nano.a(libc_a-memcpy-stub.o)
 .bss           0x2000025c        0x0 C:\elec291_new\arm-gnu-toolchain-12.2.rel1-mingw-w64-i686-arm-none-eabi\arm-gnu-toolchain-12.2.rel1-mingw-w64-i686-arm-none-eabi\lib\gcc\arm-none-eabi\12.2.1\thumb\v6-m\nofp\libc_nano.a(libc_a-freer.o)
 .bss           0x2000025c        0x0 C:\elec291_new\arm-gnu-toolchain-12.2.rel1-mingw-w64-i686-arm-none-eabi\arm-gnu-toolchain-12.2.rel1-mingw-w64-i686-arm-none-eabi\lib\gcc\arm-none-eabi\12.2.1\thumb\v6-m\nofp\libc_nano.a(libc_a-mallocr.o)
 .bss.__malloc_sbrk_start
                0x2000025c        0x4 C:\elec291_new\arm-gnu-toolchain-12.2.rel1-mingw-w64-i686-arm-none-eabi\arm-gnu-toolchain-12.2.rel1-mingw-w64-i686-arm-none-eabi\lib\gcc\arm-none-eabi\12.2.1\thumb\v6-m\nofp\libc_nano.a(libc_a-mallocr.o)
                0x2000025c                __malloc_sbrk_start
 .bss.__malloc_free_list
                0x20000260        0x4 C:\elec291_new\arm-gnu-toolchain-12.2.rel1-mingw-w64-i686-arm-none-eabi\arm-gnu-toolchain-12.2.rel1-mingw-w64-i686-arm-none-eabi\lib\gcc\arm-none-eabi\12.2.1\thumb\v6-m\nofp\libc_nano.a(libc_a-mallocr.o)
                0x20000260                __malloc_free_list
 .bss           0x20000264        0x0 C:\elec291_new\arm-gnu-toolchain-12.2.rel1-mingw-w64-i686-arm-none-eabi\arm-gnu-toolchain-12.2.rel1-mingw-w64-i686-arm-none-eabi\lib\gcc\arm-none-eabi\12.2.1\thumb\v6-m\nofp\libc_nano.a(libc_a-mlock.o)
 .bss           0x20000264        0x0 C:\elec291_new\arm-gnu-toolchain-12.2.rel1-mingw-w64-i686-arm-none-eabi\arm-gnu-toolchain-12.2.rel1-mingw-w64-i686-arm-none-eabi\lib\gcc\arm-none-eabi\12.2.1\thumb\v6-m\nofp\libc_nano.a(libc_a-reallocr.o)
 .bss           0x20000264        0x0 C:\elec291_new\arm-gnu-toolchain-12.2.rel1-mingw-w64-i686-arm-none-eabi\arm-gnu-toolchain-12.2.rel1-mingw-w64-i686-arm-none-eabi\lib\gcc\arm-none-eabi\12.2.1\thumb\v6-m\nofp\libc_nano.a(libc_a-fflush.o)
 .bss           0x20000264        0x0 C:\elec291_new\arm-gnu-toolchain-12.2.rel1-mingw-w64-i686-arm-none-eabi\arm-gnu-toolchain-12.2.rel1-mingw-w64-i686-arm-none-eabi\lib\gcc\arm-none-eabi\12.2.1\thumb\v6-m\nofp\libc_nano.a(libc_a-makebuf.o)
 .bss           0x20000264        0x0 C:\elec291_new\arm-gnu-toolchain-12.2.rel1-mingw-w64-i686-arm-none-eabi\arm-gnu-toolchain-12.2.rel1-mingw-w64-i686-arm-none-eabi\lib\gcc\arm-none-eabi\12.2.1\thumb\v6-m\nofp\libc_nano.a(libc_a-fstatr.o)
 .bss           0x20000264        0x0 C:\elec291_new\arm-gnu-toolchain-12.2.rel1-mingw-w64-i686-arm-none-eabi\arm-gnu-toolchain-12.2.rel1-mingw-w64-i686-arm-none-eabi\lib\gcc\arm-none-eabi\12.2.1\thumb\v6-m\nofp\libc_nano.a(libc_a-isattyr.o)
 .bss           0x20000264        0x0 C:\elec291_new\arm-gnu-toolchain-12.2.rel1-mingw-w64-i686-arm-none-eabi\arm-gnu-toolchain-12.2.rel1-mingw-w64-i686-arm-none-eabi\lib\gcc\arm-none-eabi\12.2.1\thumb\v6-m\nofp\libc_nano.a(libc_a-sbrkr.o)
 .bss           0x20000264        0x0 C:\elec291_new\arm-gnu-toolchain-12.2.rel1-mingw-w64-i686-arm-none-eabi\arm-gnu-toolchain-12.2.rel1-mingw-w64-i686-arm-none-eabi\lib\gcc\arm-none-eabi\12.2.1\thumb\v6-m\nofp\libc_nano.a(libc_a-msizer.o)
 .bss           0x20000264        0x0 C:\elec291_new\arm-gnu-toolchain-12.2.rel1-mingw-w64-i686-arm-none-eabi\arm-gnu-toolchain-12.2.rel1-mingw-w64-i686-arm-none-eabi\lib\gcc\arm-none-eabi\12.2.1\thumb\v6-m\nofp\libgcc.a(_thumb1_case_shi.o)
 .bss           0x20000264        0x0 C:\elec291_new\arm-gnu-toolchain-12.2.rel1-mingw-w64-i686-arm-none-eabi\arm-gnu-toolchain-12.2.rel1-mingw-w64-i686-arm-none-eabi\lib\gcc\arm-none-eabi\12.2.1\thumb\v6-m\nofp\libgcc.a(_udivsi3.o)
 *(COMMON)
                0x20000264                . = ALIGN (0x4)
                0x20000264                _ebss = .
                [!provide]                PROVIDE (end = .)
                0x20000264                PROVIDE (_HeapStart = .)
                0x20002000                PROVIDE (_StackTop = (ORIGIN (ram) + LENGTH (ram)))
OUTPUT(main.elf elf32-littlearm)
LOAD linker stubs

.debug_info     0x00000000     0x1c19
 .debug_info    0x00000000      0x9e6 main.o
 .debug_info    0x000009e6      0x79e serial.o
 .debug_info    0x00001184      0x391 startup.o
 .debug_info    0x00001515      0x704 newlib_stubs.o

.debug_abbrev   0x00000000      0x82a
 .debug_abbrev  0x00000000      0x2ad main.o
 .debug_abbrev  0x000002ad      0x208 serial.o
 .debug_abbrev  0x000004b5      0x1c2 startup.o
 .debug_abbrev  0x00000677      0x1b3 newlib_stubs.o

.debug_aranges  0x00000000       0x88
 .debug_aranges
                0x00000000       0x20 main.o
 .debug_aranges
                0x00000020       0x20 serial.o
 .debug_aranges
                0x00000040       0x28 startup.o
 .debug_aranges
                0x00000068       0x20 newlib_stubs.o

.debug_line     0x00000000     0x15c7
 .debug_line    0x00000000      0x99c main.o
 .debug_line    0x0000099c      0x57e serial.o
 .debug_line    0x00000f1a      0x34d startup.o
 .debug_line    0x00001267      0x360 newlib_stubs.o

.debug_str      0x00000000      0x8f1
 .debug_str     0x00000000      0x4b5 main.o
                                0x503 (size before relaxing)
 .debug_str     0x000004b5      0x124 serial.o
                                0x3a6 (size before relaxing)
 .debug_str     0x000005d9       0xee startup.o
                                0x2e7 (size before relaxing)
 .debug_str     0x000006c7      0x22a newlib_stubs.o
                                0x3d8 (size before relaxing)

.comment        0x00000000       0x45
 .comment       0x00000000       0x45 main.o
                                 0x46 (size before relaxing)
 .comment       0x00000045       0x46 serial.o
 .comment       0x00000045       0x46 startup.o
 .comment       0x00000045       0x46 newlib_stubs.o

.ARM.attributes
                0x00000000       0x2c
 .ARM.attributes
                0x00000000       0x2c main.o
 .ARM.attributes
                0x0000002c       0x2c serial.o
 .ARM.attributes
                0x00000058       0x2c startup.o
 .ARM.attributes
                0x00000084       0x2c newlib_stubs.o
 .ARM.attributes
                0x000000b0       0x2c C:\elec291_new\arm-gnu-toolchain-12.2.rel1-mingw-w64-i686-arm-none-eabi\arm-gnu-toolchain-12.2.rel1-mingw-w64-i686-arm-none-eabi\lib\gcc\arm-none-eabi\12.2.1\thumb\v6-m\nofp\libnosys.a(errno.o)
 .ARM.attributes
                0x000000dc       0x1e C:\elec291_new\arm-gnu-toolchain-12.2.rel1-mingw-w64-i686-arm-none-eabi\arm-gnu-toolchain-12.2.rel1-mingw-w64-i686-arm-none-eabi\lib\gcc\arm-none-eabi\12.2.1\thumb\v6-m\nofp\libgcc.a(_divsi3.o)
 .ARM.attributes
                0x000000fa       0x1e C:\elec291_new\arm-gnu-toolchain-12.2.rel1-mingw-w64-i686-arm-none-eabi\arm-gnu-toolchain-12.2.rel1-mingw-w64-i686-arm-none-eabi\lib\gcc\arm-none-eabi\12.2.1\thumb\v6-m\nofp\libgcc.a(_dvmd_tls.o)
 .ARM.attributes
                0x00000118       0x2c C:\elec291_new\arm-gnu-toolchain-12.2.rel1-mingw-w64-i686-arm-none-eabi\arm-gnu-toolchain-12.2.rel1-mingw-w64-i686-arm-none-eabi\lib\gcc\arm-none-eabi\12.2.1\thumb\v6-m\nofp\libc_nano.a(libc_a-printf.o)
 .ARM.attributes
                0x00000144       0x2c C:\elec291_new\arm-gnu-toolchain-12.2.rel1-mingw-w64-i686-arm-none-eabi\arm-gnu-toolchain-12.2.rel1-mingw-w64-i686-arm-none-eabi\lib\gcc\arm-none-eabi\12.2.1\thumb\v6-m\nofp\libc_nano.a(libc_a-impure.o)
 .ARM.attributes
                0x00000170       0x2c C:\elec291_new\arm-gnu-toolchain-12.2.rel1-mingw-w64-i686-arm-none-eabi\arm-gnu-toolchain-12.2.rel1-mingw-w64-i686-arm-none-eabi\lib\gcc\arm-none-eabi\12.2.1\thumb\v6-m\nofp\libc_nano.a(libc_a-nano-vfprintf.o)
 .ARM.attributes
                0x0000019c       0x2c C:\elec291_new\arm-gnu-toolchain-12.2.rel1-mingw-w64-i686-arm-none-eabi\arm-gnu-toolchain-12.2.rel1-mingw-w64-i686-arm-none-eabi\lib\gcc\arm-none-eabi\12.2.1\thumb\v6-m\nofp\libc_nano.a(libc_a-nano-vfprintf_i.o)
 .ARM.attributes
                0x000001c8       0x2c C:\elec291_new\arm-gnu-toolchain-12.2.rel1-mingw-w64-i686-arm-none-eabi\arm-gnu-toolchain-12.2.rel1-mingw-w64-i686-arm-none-eabi\lib\gcc\arm-none-eabi\12.2.1\thumb\v6-m\nofp\libc_nano.a(libc_a-findfp.o)
 .ARM.attributes
                0x000001f4       0x2c C:\elec291_new\arm-gnu-toolchain-12.2.rel1-mingw-w64-i686-arm-none-eabi\arm-gnu-toolchain-12.2.rel1-mingw-w64-i686-arm-none-eabi\lib\gcc\arm-none-eabi\12.2.1\thumb\v6-m\nofp\libc_nano.a(libc_a-fvwrite.o)
 .ARM.attributes
                0x00000220       0x2c C:\elec291_new\arm-gnu-toolchain-12.2.rel1-mingw-w64-i686-arm-none-eabi\arm-gnu-toolchain-12.2.rel1-mingw-w64-i686-arm-none-eabi\lib\gcc\arm-none-eabi\12.2.1\thumb\v6-m\nofp\libc_nano.a(libc_a-fwalk.o)
 .ARM.attributes
                0x0000024c       0x2c C:\elec291_new\arm-gnu-toolchain-12.2.rel1-mingw-w64-i686-arm-none-eabi\arm-gnu-toolchain-12.2.rel1-mingw-w64-i686-arm-none-eabi\lib\gcc\arm-none-eabi\12.2.1\thumb\v6-m\nofp\libc_nano.a(libc_a-stdio.o)
 .ARM.attributes
                0x00000278       0x2c C:\elec291_new\arm-gnu-toolchain-12.2.rel1-mingw-w64-i686-arm-none-eabi\arm-gnu-toolchain-12.2.rel1-mingw-w64-i686-arm-none-eabi\lib\gcc\arm-none-eabi\12.2.1\thumb\v6-m\nofp\libc_nano.a(libc_a-wbuf.o)
 .ARM.attributes
                0x000002a4       0x2c C:\elec291_new\arm-gnu-toolchain-12.2.rel1-mingw-w64-i686-arm-none-eabi\arm-gnu-toolchain-12.2.rel1-mingw-w64-i686-arm-none-eabi\lib\gcc\arm-none-eabi\12.2.1\thumb\v6-m\nofp\libc_nano.a(libc_a-wsetup.o)
 .ARM.attributes
                0x000002d0       0x2c C:\elec291_new\arm-gnu-toolchain-12.2.rel1-mingw-w64-i686-arm-none-eabi\arm-gnu-toolchain-12.2.rel1-mingw-w64-i686-arm-none-eabi\lib\gcc\arm-none-eabi\12.2.1\thumb\v6-m\nofp\libc_nano.a(libc_a-memmove.o)
 .ARM.attributes
                0x000002fc       0x2c C:\elec291_new\arm-gnu-toolchain-12.2.rel1-mingw-w64-i686-arm-none-eabi\arm-gnu-toolchain-12.2.rel1-mingw-w64-i686-arm-none-eabi\lib\gcc\arm-none-eabi\12.2.1\thumb\v6-m\nofp\libc_nano.a(libc_a-memset.o)
 .ARM.attributes
                0x00000328       0x2c C:\elec291_new\arm-gnu-toolchain-12.2.rel1-mingw-w64-i686-arm-none-eabi\arm-gnu-toolchain-12.2.rel1-mingw-w64-i686-arm-none-eabi\lib\gcc\arm-none-eabi\12.2.1\thumb\v6-m\nofp\libc_nano.a(libc_a-closer.o)
 .ARM.attributes
                0x00000354       0x2c C:\elec291_new\arm-gnu-toolchain-12.2.rel1-mingw-w64-i686-arm-none-eabi\arm-gnu-toolchain-12.2.rel1-mingw-w64-i686-arm-none-eabi\lib\gcc\arm-none-eabi\12.2.1\thumb\v6-m\nofp\libc_nano.a(libc_a-lseekr.o)
 .ARM.attributes
                0x00000380       0x2c C:\elec291_new\arm-gnu-toolchain-12.2.rel1-mingw-w64-i686-arm-none-eabi\arm-gnu-toolchain-12.2.rel1-mingw-w64-i686-arm-none-eabi\lib\gcc\arm-none-eabi\12.2.1\thumb\v6-m\nofp\libc_nano.a(libc_a-readr.o)
 .ARM.attributes
                0x000003ac       0x2c C:\elec291_new\arm-gnu-toolchain-12.2.rel1-mingw-w64-i686-arm-none-eabi\arm-gnu-toolchain-12.2.rel1-mingw-w64-i686-arm-none-eabi\lib\gcc\arm-none-eabi\12.2.1\thumb\v6-m\nofp\libc_nano.a(libc_a-writer.o)
 .ARM.attributes
                0x000003d8       0x2c C:\elec291_new\arm-gnu-toolchain-12.2.rel1-mingw-w64-i686-arm-none-eabi\arm-gnu-toolchain-12.2.rel1-mingw-w64-i686-arm-none-eabi\lib\gcc\arm-none-eabi\12.2.1\thumb\v6-m\nofp\libc_nano.a(libc_a-lock.o)
 .ARM.attributes
                0x00000404       0x2c C:\elec291_new\arm-gnu-toolchain-12.2.rel1-mingw-w64-i686-arm-none-eabi\arm-gnu-toolchain-12.2.rel1-mingw-w64-i686-arm-none-eabi\lib\gcc\arm-none-eabi\12.2.1\thumb\v6-m\nofp\libc_nano.a(libc_a-memchr-stub.o)
 .ARM.attributes
                0x00000430       0x2c C:\elec291_new\arm-gnu-toolchain-12.2.rel1-mingw-w64-i686-arm-none-eabi\arm-gnu-toolchain-12.2.rel1-mingw-w64-i686-arm-none-eabi\lib\gcc\arm-none-eabi\12.2.1\thumb\v6-m\nofp\libc_nano.a(libc_a-memcpy-stub.o)
 .ARM.attributes
                0x0000045c       0x2c C:\elec291_new\arm-gnu-toolchain-12.2.rel1-mingw-w64-i686-arm-none-eabi\arm-gnu-toolchain-12.2.rel1-mingw-w64-i686-arm-none-eabi\lib\gcc\arm-none-eabi\12.2.1\thumb\v6-m\nofp\libc_nano.a(libc_a-freer.o)
 .ARM.attributes
                0x00000488       0x2c C:\elec291_new\arm-gnu-toolchain-12.2.rel1-mingw-w64-i686-arm-none-eabi\arm-gnu-toolchain-12.2.rel1-mingw-w64-i686-arm-none-eabi\lib\gcc\arm-none-eabi\12.2.1\thumb\v6-m\nofp\libc_nano.a(libc_a-mallocr.o)
 .ARM.attributes
                0x000004b4       0x2c C:\elec291_new\arm-gnu-toolchain-12.2.rel1-mingw-w64-i686-arm-none-eabi\arm-gnu-toolchain-12.2.rel1-mingw-w64-i686-arm-none-eabi\lib\gcc\arm-none-eabi\12.2.1\thumb\v6-m\nofp\libc_nano.a(libc_a-mlock.o)
 .ARM.attributes
                0x000004e0       0x2c C:\elec291_new\arm-gnu-toolchain-12.2.rel1-mingw-w64-i686-arm-none-eabi\arm-gnu-toolchain-12.2.rel1-mingw-w64-i686-arm-none-eabi\lib\gcc\arm-none-eabi\12.2.1\thumb\v6-m\nofp\libc_nano.a(libc_a-reallocr.o)
 .ARM.attributes
                0x0000050c       0x2c C:\elec291_new\arm-gnu-toolchain-12.2.rel1-mingw-w64-i686-arm-none-eabi\arm-gnu-toolchain-12.2.rel1-mingw-w64-i686-arm-none-eabi\lib\gcc\arm-none-eabi\12.2.1\thumb\v6-m\nofp\libc_nano.a(libc_a-fflush.o)
 .ARM.attributes
                0x00000538       0x2c C:\elec291_new\arm-gnu-toolchain-12.2.rel1-mingw-w64-i686-arm-none-eabi\arm-gnu-toolchain-12.2.rel1-mingw-w64-i686-arm-none-eabi\lib\gcc\arm-none-eabi\12.2.1\thumb\v6-m\nofp\libc_nano.a(libc_a-makebuf.o)
 .ARM.attributes
                0x00000564       0x2c C:\elec291_new\arm-gnu-toolchain-12.2.rel1-mingw-w64-i686-arm-none-eabi\arm-gnu-toolchain-12.2.rel1-mingw-w64-i686-arm-none-eabi\lib\gcc\arm-none-eabi\12.2.1\thumb\v6-m\nofp\libc_nano.a(libc_a-fstatr.o)
 .ARM.attributes
                0x00000590       0x2c C:\elec291_new\arm-gnu-toolchain-12.2.rel1-mingw-w64-i686-arm-none-eabi\arm-gnu-toolchain-12.2.rel1-mingw-w64-i686-arm-none-eabi\lib\gcc\arm-none-eabi\12.2.1\thumb\v6-m\nofp\libc_nano.a(libc_a-isattyr.o)
 .ARM.attributes
                0x000005bc       0x2c C:\elec291_new\arm-gnu-toolchain-12.2.rel1-mingw-w64-i686-arm-none-eabi\arm-gnu-toolchain-12.2.rel1-mingw-w64-i686-arm-none-eabi\lib\gcc\arm-none-eabi\12.2.1\thumb\v6-m\nofp\libc_nano.a(libc_a-sbrkr.o)
 .ARM.attributes
                0x000005e8       0x2c C:\elec291_new\arm-gnu-toolchain-12.2.rel1-mingw-w64-i686-arm-none-eabi\arm-gnu-toolchain-12.2.rel1-mingw-w64-i686-arm-none-eabi\lib\gcc\arm-none-eabi\12.2.1\thumb\v6-m\nofp\libc_nano.a(libc_a-msizer.o)
 .ARM.attributes
                0x00000614       0x1e C:\elec291_new\arm-gnu-toolchain-12.2.rel1-mingw-w64-i686-arm-none-eabi\arm-gnu-toolchain-12.2.rel1-mingw-w64-i686-arm-none-eabi\lib\gcc\arm-none-eabi\12.2.1\thumb\v6-m\nofp\libgcc.a(_thumb1_case_shi.o)
 .ARM.attributes
                0x00000632       0x1e C:\elec291_new\arm-gnu-toolchain-12.2.rel1-mingw-w64-i686-arm-none-eabi\arm-gnu-toolchain-12.2.rel1-mingw-w64-i686-arm-none-eabi\lib\gcc\arm-none-eabi\12.2.1\thumb\v6-m\nofp\libgcc.a(_udivsi3.o)

.debug_frame    0x00000000      0xf2c
 .debug_frame   0x00000000      0x230 main.o
 .debug_frame   0x00000230      0x1e8 serial.o
 .debug_frame   0x00000418       0x94 startup.o
 .debug_frame   0x000004ac      0x228 newlib_stubs.o
 .debug_frame   0x000006d4       0x20 C:\elec291_new\arm-gnu-toolchain-12.2.rel1-mingw-w64-i686-arm-none-eabi\arm-gnu-toolchain-12.2.rel1-mingw-w64-i686-arm-none-eabi\lib\gcc\arm-none-eabi\12.2.1\thumb\v6-m\nofp\libgcc.a(_divsi3.o)
 .debug_frame   0x000006f4       0x4c C:\elec291_new\arm-gnu-toolchain-12.2.rel1-mingw-w64-i686-arm-none-eabi\arm-gnu-toolchain-12.2.rel1-mingw-w64-i686-arm-none-eabi\lib\gcc\arm-none-eabi\12.2.1\thumb\v6-m\nofp\libc_nano.a(libc_a-printf.o)
 .debug_frame   0x00000740       0x9c C:\elec291_new\arm-gnu-toolchain-12.2.rel1-mingw-w64-i686-arm-none-eabi\arm-gnu-toolchain-12.2.rel1-mingw-w64-i686-arm-none-eabi\lib\gcc\arm-none-eabi\12.2.1\thumb\v6-m\nofp\libc_nano.a(libc_a-nano-vfprintf.o)
 .debug_frame   0x000007dc       0x54 C:\elec291_new\arm-gnu-toolchain-12.2.rel1-mingw-w64-i686-arm-none-eabi\arm-gnu-toolchain-12.2.rel1-mingw-w64-i686-arm-none-eabi\lib\gcc\arm-none-eabi\12.2.1\thumb\v6-m\nofp\libc_nano.a(libc_a-nano-vfprintf_i.o)
 .debug_frame   0x00000830      0x138 C:\elec291_new\arm-gnu-toolchain-12.2.rel1-mingw-w64-i686-arm-none-eabi\arm-gnu-toolchain-12.2.rel1-mingw-w64-i686-arm-none-eabi\lib\gcc\arm-none-eabi\12.2.1\thumb\v6-m\nofp\libc_nano.a(libc_a-findfp.o)
 .debug_frame   0x00000968       0x30 C:\elec291_new\arm-gnu-toolchain-12.2.rel1-mingw-w64-i686-arm-none-eabi\arm-gnu-toolchain-12.2.rel1-mingw-w64-i686-arm-none-eabi\lib\gcc\arm-none-eabi\12.2.1\thumb\v6-m\nofp\libc_nano.a(libc_a-fvwrite.o)
 .debug_frame   0x00000998       0x34 C:\elec291_new\arm-gnu-toolchain-12.2.rel1-mingw-w64-i686-arm-none-eabi\arm-gnu-toolchain-12.2.rel1-mingw-w64-i686-arm-none-eabi\lib\gcc\arm-none-eabi\12.2.1\thumb\v6-m\nofp\libc_nano.a(libc_a-fwalk.o)
 .debug_frame   0x000009cc       0x90 C:\elec291_new\arm-gnu-toolchain-12.2.rel1-mingw-w64-i686-arm-none-eabi\arm-gnu-toolchain-12.2.rel1-mingw-w64-i686-arm-none-eabi\lib\gcc\arm-none-eabi\12.2.1\thumb\v6-m\nofp\libc_nano.a(libc_a-stdio.o)
 .debug_frame   0x00000a5c       0x48 C:\elec291_new\arm-gnu-toolchain-12.2.rel1-mingw-w64-i686-arm-none-eabi\arm-gnu-toolchain-12.2.rel1-mingw-w64-i686-arm-none-eabi\lib\gcc\arm-none-eabi\12.2.1\thumb\v6-m\nofp\libc_nano.a(libc_a-wbuf.o)
 .debug_frame   0x00000aa4       0x2c C:\elec291_new\arm-gnu-toolchain-12.2.rel1-mingw-w64-i686-arm-none-eabi\arm-gnu-toolchain-12.2.rel1-mingw-w64-i686-arm-none-eabi\lib\gcc\arm-none-eabi\12.2.1\thumb\v6-m\nofp\libc_nano.a(libc_a-wsetup.o)
 .debug_frame   0x00000ad0       0x28 C:\elec291_new\arm-gnu-toolchain-12.2.rel1-mingw-w64-i686-arm-none-eabi\arm-gnu-toolchain-12.2.rel1-mingw-w64-i686-arm-none-eabi\lib\gcc\arm-none-eabi\12.2.1\thumb\v6-m\nofp\libc_nano.a(libc_a-memmove.o)
 .debug_frame   0x00000af8       0x20 C:\elec291_new\arm-gnu-toolchain-12.2.rel1-mingw-w64-i686-arm-none-eabi\arm-gnu-toolchain-12.2.rel1-mingw-w64-i686-arm-none-eabi\lib\gcc\arm-none-eabi\12.2.1\thumb\v6-m\nofp\libc_nano.a(libc_a-memset.o)
 .debug_frame   0x00000b18       0x2c C:\elec291_new\arm-gnu-toolchain-12.2.rel1-mingw-w64-i686-arm-none-eabi\arm-gnu-toolchain-12.2.rel1-mingw-w64-i686-arm-none-eabi\lib\gcc\arm-none-eabi\12.2.1\thumb\v6-m\nofp\libc_nano.a(libc_a-closer.o)
 .debug_frame   0x00000b44       0x2c C:\elec291_new\arm-gnu-toolchain-12.2.rel1-mingw-w64-i686-arm-none-eabi\arm-gnu-toolchain-12.2.rel1-mingw-w64-i686-arm-none-eabi\lib\gcc\arm-none-eabi\12.2.1\thumb\v6-m\nofp\libc_nano.a(libc_a-lseekr.o)
 .debug_frame   0x00000b70       0x2c C:\elec291_new\arm-gnu-toolchain-12.2.rel1-mingw-w64-i686-arm-none-eabi\arm-gnu-toolchain-12.2.rel1-mingw-w64-i686-arm-none-eabi\lib\gcc\arm-none-eabi\12.2.1\thumb\v6-m\nofp\libc_nano.a(libc_a-readr.o)
 .debug_frame   0x00000b9c       0x2c C:\elec291_new\arm-gnu-toolchain-12.2.rel1-mingw-w64-i686-arm-none-eabi\arm-gnu-toolchain-12.2.rel1-mingw-w64-i686-arm-none-eabi\lib\gcc\arm-none-eabi\12.2.1\thumb\v6-m\nofp\libc_nano.a(libc_a-writer.o)
 .debug_frame   0x00000bc8       0xb0 C:\elec291_new\arm-gnu-toolchain-12.2.rel1-mingw-w64-i686-arm-none-eabi\arm-gnu-toolchain-12.2.rel1-mingw-w64-i686-arm-none-eabi\lib\gcc\arm-none-eabi\12.2.1\thumb\v6-m\nofp\libc_nano.a(libc_a-lock.o)
 .debug_frame   0x00000c78       0x20 C:\elec291_new\arm-gnu-toolchain-12.2.rel1-mingw-w64-i686-arm-none-eabi\arm-gnu-toolchain-12.2.rel1-mingw-w64-i686-arm-none-eabi\lib\gcc\arm-none-eabi\12.2.1\thumb\v6-m\nofp\libc_nano.a(libc_a-memchr-stub.o)
 .debug_frame   0x00000c98       0x28 C:\elec291_new\arm-gnu-toolchain-12.2.rel1-mingw-w64-i686-arm-none-eabi\arm-gnu-toolchain-12.2.rel1-mingw-w64-i686-arm-none-eabi\lib\gcc\arm-none-eabi\12.2.1\thumb\v6-m\nofp\libc_nano.a(libc_a-memcpy-stub.o)
 .debug_frame   0x00000cc0       0x2c C:\elec291_new\arm-gnu-toolchain-12.2.rel1-mingw-w64-i686-arm-none-eabi\arm-gnu-toolchain-12.2.rel1-mingw-w64-i686-arm-none-eabi\lib\gcc\arm-none-eabi\12.2.1\thumb\v6-m\nofp\libc_nano.a(libc_a-freer.o)
 .debug_frame   0x00000cec       0x50 C:\elec291_new\arm-gnu-toolchain-12.2.rel1-mingw-w64-i686-arm-none-eabi\arm-gnu-toolchain-12.2.rel1-mingw-w64-i686-arm-none-eabi\lib\gcc\arm-none-eabi\12.2.1\thumb\v6-m\nofp\libc_nano.a(libc_a-mallocr.o)
 .debug_frame   0x00000d3c       0x40 C:\elec291_new\arm-gnu-toolchain-12.2.rel1-mingw-w64-i686-arm-none-eabi\arm-gnu-toolchain-12.2.rel1-mingw-w64-i686-arm-none-eabi\lib\gcc\arm-none-eabi\12.2.1\thumb\v6-m\nofp\libc_nano.a(libc_a-mlock.o)
 .debug_frame   0x00000d7c       0x34 C:\elec291_new\arm-gnu-toolchain-12.2.rel1-mingw-w64-i686-arm-none-eabi\arm-gnu-toolchain-12.2.rel1-mingw-w64-i686-arm-none-eabi\lib\gcc\arm-none-eabi\12.2.1\thumb\v6-m\nofp\libc_nano.a(libc_a-reallocr.o)
 .debug_frame   0x00000db0       0x68 C:\elec291_new\arm-gnu-toolchain-12.2.rel1-mingw-w64-i686-arm-none-eabi\arm-gnu-toolchain-12.2.rel1-mingw-w64-i686-arm-none-eabi\lib\gcc\arm-none-eabi\12.2.1\thumb\v6-m\nofp\libc_nano.a(libc_a-fflush.o)
 .debug_frame   0x00000e18       0x50 C:\elec291_new\arm-gnu-toolchain-12.2.rel1-mingw-w64-i686-arm-none-eabi\arm-gnu-toolchain-12.2.rel1-mingw-w64-i686-arm-none-eabi\lib\gcc\arm-none-eabi\12.2.1\thumb\v6-m\nofp\libc_nano.a(libc_a-makebuf.o)
 .debug_frame   0x00000e68       0x2c C:\elec291_new\arm-gnu-toolchain-12.2.rel1-mingw-w64-i686-arm-none-eabi\arm-gnu-toolchain-12.2.rel1-mingw-w64-i686-arm-none-eabi\lib\gcc\arm-none-eabi\12.2.1\thumb\v6-m\nofp\libc_nano.a(libc_a-fstatr.o)
 .debug_frame   0x00000e94       0x2c C:\elec291_new\arm-gnu-toolchain-12.2.rel1-mingw-w64-i686-arm-none-eabi\arm-gnu-toolchain-12.2.rel1-mingw-w64-i686-arm-none-eabi\lib\gcc\arm-none-eabi\12.2.1\thumb\v6-m\nofp\libc_nano.a(libc_a-isattyr.o)
 .debug_frame   0x00000ec0       0x2c C:\elec291_new\arm-gnu-toolchain-12.2.rel1-mingw-w64-i686-arm-none-eabi\arm-gnu-toolchain-12.2.rel1-mingw-w64-i686-arm-none-eabi\lib\gcc\arm-none-eabi\12.2.1\thumb\v6-m\nofp\libc_nano.a(libc_a-sbrkr.o)
 .debug_frame   0x00000eec       0x20 C:\elec291_new\arm-gnu-toolchain-12.2.rel1-mingw-w64-i686-arm-none-eabi\arm-gnu-toolchain-12.2.rel1-mingw-w64-i686-arm-none-eabi\lib\gcc\arm-none-eabi\12.2.1\thumb\v6-m\nofp\libc_nano.a(libc_a-msizer.o)
 .debug_frame   0x00000f0c       0x20 C:\elec291_new\arm-gnu-toolchain-12.2.rel1-mingw-w64-i686-arm-none-eabi\arm-gnu-toolchain-12.2.rel1-mingw-w64-i686-arm-none-eabi\lib\gcc\arm-none-eabi\12.2.1\thumb\v6-m\nofp\libgcc.a(_udivsi3.o)

.debug_rnglists
                0x00000000       0x1a
 .debug_rnglists
                0x00000000       0x1a startup.o

.debug_line_str
                0x00000000       0xc9
 .debug_line_str
                0x00000000       0xc9 C:\elec291_new\arm-gnu-toolchain-12.2.rel1-mingw-w64-i686-arm-none-eabi\arm-gnu-toolchain-12.2.rel1-mingw-w64-i686-arm-none-eabi\lib\gcc\arm-none-eabi\12.2.1\thumb\v6-m\nofp\libgcc.a(_divsi3.o)
 .debug_line_str
                0x000000c9       0xc9 C:\elec291_new\arm-gnu-toolchain-12.2.rel1-mingw-w64-i686-arm-none-eabi\arm-gnu-toolchain-12.2.rel1-mingw-w64-i686-arm-none-eabi\lib\gcc\arm-none-eabi\12.2.1\thumb\v6-m\nofp\libgcc.a(_dvmd_tls.o)
 .debug_line_str
                0x000000c9       0xc9 C:\elec291_new\arm-gnu-toolchain-12.2.rel1-mingw-w64-i686-arm-none-eabi\arm-gnu-toolchain-12.2.rel1-mingw-w64-i686-arm-none-eabi\lib\gcc\arm-none-eabi\12.2.1\thumb\v6-m\nofp\libgcc.a(_thumb1_case_shi.o)
 .debug_line_str
                0x000000c9       0xc9 C:\elec291_new\arm-gnu-toolchain-12.2.rel1-mingw-w64-i686-arm-none-eabi\arm-gnu-toolchain-12.2.rel1-mingw-w64-i686-arm-none-eabi\lib\gcc\arm-none-eabi\12.2.1\thumb\v6-m\nofp\libgcc.a(_udivsi3.o)

Cross Reference Table

Symbol                                            File
ADC_COMP_Handler                                  startup.o
ADC_Config                                        main.o
ComBusy                                           serial.o
ComError                                          serial.o
ComOpen                                           serial.o
ComRXBuffer                                       serial.o
ComTXBuffer                                       serial.o
Configure_Pins                                    main.o
DMA_CH1_Handler                                   startup.o
DMA_CH2_3_Handler                                 startup.o
DMA_CH4_5_6_7_Handler                             startup.o
Default_Handler                                   startup.o
Delay_us                                          main.o
EXTI0_1_Handler                                   startup.o
EXTI2_3_Handler                                   startup.o
EXTI4_15_Handler                                  startup.o
FLASH_Handler                                     startup.o
GetBuf                                            serial.o
GetBufCount                                       serial.o
Hard_Fault_Handler                                startup.o
Hardware_Init                                     main.o
I2C1_Handler                                      startup.o
I2C2_Handler                                      startup.o
LCD_4BIT                                          main.o
LCD_byte                                          main.o
LCD_pulse                                         main.o
LCDprint                                          main.o
LPTIM1_Handler                                    startup.o
LPUART1_Handler                                   startup.o
NMI_Handler                                       startup.o
PVD_Handler                                       startup.o
PWM_Counter                                       main.o
PendSV_Handler                                    startup.o
PutBuf                                            serial.o
RCC_Handler                                       startup.o
RTC_Handler                                       startup.o
ReadCom                                           serial.o
ResetInit                                         startup.o
SPI1_Handler                                      startup.o
SPI2_Handler                                      startup.o
SVC_Handler                                       startup.o
SysTick_Handler                                   startup.o
TIM21_Handler                                     startup.o
TIM22_Handler                                     startup.o
TIM2_Handler                                      main.o
TIM6_Handler                                      startup.o
USART1_Handler                                    serial.o
USART2_Handler                                    startup.o
Vectors                                           startup.o
WWDG_Handler                                      startup.o
WriteCom                                          serial.o
WriteCommand                                      main.o
WriteData                                         main.o
_HeapStart                                        newlib_stubs.o
_StackTop                                         newlib_stubs.o
                                                  startup.o
__aeabi_idiv                                      C:\elec291_new\arm-gnu-toolchain-12.2.rel1-mingw-w64-i686-arm-none-eabi\arm-gnu-toolchain-12.2.rel1-mingw-w64-i686-arm-none-eabi\lib\gcc\arm-none-eabi\12.2.1\thumb\v6-m\nofp\libgcc.a(_divsi3.o)
                                                  C:\elec291_new\arm-gnu-toolchain-12.2.rel1-mingw-w64-i686-arm-none-eabi\arm-gnu-toolchain-12.2.rel1-mingw-w64-i686-arm-none-eabi\lib\gcc\arm-none-eabi\12.2.1\thumb\v6-m\nofp\libc_nano.a(libc_a-fvwrite.o)
                                                  serial.o
                                                  main.o
__aeabi_idiv0                                     C:\elec291_new\arm-gnu-toolchain-12.2.rel1-mingw-w64-i686-arm-none-eabi\arm-gnu-toolchain-12.2.rel1-mingw-w64-i686-arm-none-eabi\lib\gcc\arm-none-eabi\12.2.1\thumb\v6-m\nofp\libgcc.a(_dvmd_tls.o)
                                                  C:\elec291_new\arm-gnu-toolchain-12.2.rel1-mingw-w64-i686-arm-none-eabi\arm-gnu-toolchain-12.2.rel1-mingw-w64-i686-arm-none-eabi\lib\gcc\arm-none-eabi\12.2.1\thumb\v6-m\nofp\libgcc.a(_udivsi3.o)
                                                  C:\elec291_new\arm-gnu-toolchain-12.2.rel1-mingw-w64-i686-arm-none-eabi\arm-gnu-toolchain-12.2.rel1-mingw-w64-i686-arm-none-eabi\lib\gcc\arm-none-eabi\12.2.1\thumb\v6-m\nofp\libgcc.a(_divsi3.o)
__aeabi_idivmod                                   C:\elec291_new\arm-gnu-toolchain-12.2.rel1-mingw-w64-i686-arm-none-eabi\arm-gnu-toolchain-12.2.rel1-mingw-w64-i686-arm-none-eabi\lib\gcc\arm-none-eabi\12.2.1\thumb\v6-m\nofp\libgcc.a(_divsi3.o)
                                                  C:\elec291_new\arm-gnu-toolchain-12.2.rel1-mingw-w64-i686-arm-none-eabi\arm-gnu-toolchain-12.2.rel1-mingw-w64-i686-arm-none-eabi\lib\gcc\arm-none-eabi\12.2.1\thumb\v6-m\nofp\libc_nano.a(libc_a-fvwrite.o)
__aeabi_ldiv0                                     C:\elec291_new\arm-gnu-toolchain-12.2.rel1-mingw-w64-i686-arm-none-eabi\arm-gnu-toolchain-12.2.rel1-mingw-w64-i686-arm-none-eabi\lib\gcc\arm-none-eabi\12.2.1\thumb\v6-m\nofp\libgcc.a(_dvmd_tls.o)
__aeabi_uidiv                                     C:\elec291_new\arm-gnu-toolchain-12.2.rel1-mingw-w64-i686-arm-none-eabi\arm-gnu-toolchain-12.2.rel1-mingw-w64-i686-arm-none-eabi\lib\gcc\arm-none-eabi\12.2.1\thumb\v6-m\nofp\libgcc.a(_udivsi3.o)
__aeabi_uidivmod                                  C:\elec291_new\arm-gnu-toolchain-12.2.rel1-mingw-w64-i686-arm-none-eabi\arm-gnu-toolchain-12.2.rel1-mingw-w64-i686-arm-none-eabi\lib\gcc\arm-none-eabi\12.2.1\thumb\v6-m\nofp\libgcc.a(_udivsi3.o)
                                                  C:\elec291_new\arm-gnu-toolchain-12.2.rel1-mingw-w64-i686-arm-none-eabi\arm-gnu-toolchain-12.2.rel1-mingw-w64-i686-arm-none-eabi\lib\gcc\arm-none-eabi\12.2.1\thumb\v6-m\nofp\libc_nano.a(libc_a-nano-vfprintf_i.o)
__divsi3                                          C:\elec291_new\arm-gnu-toolchain-12.2.rel1-mingw-w64-i686-arm-none-eabi\arm-gnu-toolchain-12.2.rel1-mingw-w64-i686-arm-none-eabi\lib\gcc\arm-none-eabi\12.2.1\thumb\v6-m\nofp\libgcc.a(_divsi3.o)
__env                                             newlib_stubs.o
__fp_lock_all                                     C:\elec291_new\arm-gnu-toolchain-12.2.rel1-mingw-w64-i686-arm-none-eabi\arm-gnu-toolchain-12.2.rel1-mingw-w64-i686-arm-none-eabi\lib\gcc\arm-none-eabi\12.2.1\thumb\v6-m\nofp\libc_nano.a(libc_a-findfp.o)
__fp_unlock_all                                   C:\elec291_new\arm-gnu-toolchain-12.2.rel1-mingw-w64-i686-arm-none-eabi\arm-gnu-toolchain-12.2.rel1-mingw-w64-i686-arm-none-eabi\lib\gcc\arm-none-eabi\12.2.1\thumb\v6-m\nofp\libc_nano.a(libc_a-findfp.o)
__gnu_thumb1_case_shi                             C:\elec291_new\arm-gnu-toolchain-12.2.rel1-mingw-w64-i686-arm-none-eabi\arm-gnu-toolchain-12.2.rel1-mingw-w64-i686-arm-none-eabi\lib\gcc\arm-none-eabi\12.2.1\thumb\v6-m\nofp\libgcc.a(_thumb1_case_shi.o)
                                                  C:\elec291_new\arm-gnu-toolchain-12.2.rel1-mingw-w64-i686-arm-none-eabi\arm-gnu-toolchain-12.2.rel1-mingw-w64-i686-arm-none-eabi\lib\gcc\arm-none-eabi\12.2.1\thumb\v6-m\nofp\libc_nano.a(libc_a-nano-vfprintf_i.o)
__init_array_end                                  startup.o
__init_array_start                                startup.o
__lock___arc4random_mutex                         C:\elec291_new\arm-gnu-toolchain-12.2.rel1-mingw-w64-i686-arm-none-eabi\arm-gnu-toolchain-12.2.rel1-mingw-w64-i686-arm-none-eabi\lib\gcc\arm-none-eabi\12.2.1\thumb\v6-m\nofp\libc_nano.a(libc_a-lock.o)
__lock___at_quick_exit_mutex                      C:\elec291_new\arm-gnu-toolchain-12.2.rel1-mingw-w64-i686-arm-none-eabi\arm-gnu-toolchain-12.2.rel1-mingw-w64-i686-arm-none-eabi\lib\gcc\arm-none-eabi\12.2.1\thumb\v6-m\nofp\libc_nano.a(libc_a-lock.o)
__lock___atexit_recursive_mutex                   C:\elec291_new\arm-gnu-toolchain-12.2.rel1-mingw-w64-i686-arm-none-eabi\arm-gnu-toolchain-12.2.rel1-mingw-w64-i686-arm-none-eabi\lib\gcc\arm-none-eabi\12.2.1\thumb\v6-m\nofp\libc_nano.a(libc_a-lock.o)
__lock___dd_hash_mutex                            C:\elec291_new\arm-gnu-toolchain-12.2.rel1-mingw-w64-i686-arm-none-eabi\arm-gnu-toolchain-12.2.rel1-mingw-w64-i686-arm-none-eabi\lib\gcc\arm-none-eabi\12.2.1\thumb\v6-m\nofp\libc_nano.a(libc_a-lock.o)
__lock___env_recursive_mutex                      C:\elec291_new\arm-gnu-toolchain-12.2.rel1-mingw-w64-i686-arm-none-eabi\arm-gnu-toolchain-12.2.rel1-mingw-w64-i686-arm-none-eabi\lib\gcc\arm-none-eabi\12.2.1\thumb\v6-m\nofp\libc_nano.a(libc_a-lock.o)
__lock___malloc_recursive_mutex                   C:\elec291_new\arm-gnu-toolchain-12.2.rel1-mingw-w64-i686-arm-none-eabi\arm-gnu-toolchain-12.2.rel1-mingw-w64-i686-arm-none-eabi\lib\gcc\arm-none-eabi\12.2.1\thumb\v6-m\nofp\libc_nano.a(libc_a-lock.o)
                                                  C:\elec291_new\arm-gnu-toolchain-12.2.rel1-mingw-w64-i686-arm-none-eabi\arm-gnu-toolchain-12.2.rel1-mingw-w64-i686-arm-none-eabi\lib\gcc\arm-none-eabi\12.2.1\thumb\v6-m\nofp\libc_nano.a(libc_a-mlock.o)
__lock___sfp_recursive_mutex                      C:\elec291_new\arm-gnu-toolchain-12.2.rel1-mingw-w64-i686-arm-none-eabi\arm-gnu-toolchain-12.2.rel1-mingw-w64-i686-arm-none-eabi\lib\gcc\arm-none-eabi\12.2.1\thumb\v6-m\nofp\libc_nano.a(libc_a-lock.o)
                                                  C:\elec291_new\arm-gnu-toolchain-12.2.rel1-mingw-w64-i686-arm-none-eabi\arm-gnu-toolchain-12.2.rel1-mingw-w64-i686-arm-none-eabi\lib\gcc\arm-none-eabi\12.2.1\thumb\v6-m\nofp\libc_nano.a(libc_a-findfp.o)
__lock___tz_mutex                                 C:\elec291_new\arm-gnu-toolchain-12.2.rel1-mingw-w64-i686-arm-none-eabi\arm-gnu-toolchain-12.2.rel1-mingw-w64-i686-arm-none-eabi\lib\gcc\arm-none-eabi\12.2.1\thumb\v6-m\nofp\libc_nano.a(libc_a-lock.o)
__malloc_free_list                                C:\elec291_new\arm-gnu-toolchain-12.2.rel1-mingw-w64-i686-arm-none-eabi\arm-gnu-toolchain-12.2.rel1-mingw-w64-i686-arm-none-eabi\lib\gcc\arm-none-eabi\12.2.1\thumb\v6-m\nofp\libc_nano.a(libc_a-mallocr.o)
                                                  C:\elec291_new\arm-gnu-toolchain-12.2.rel1-mingw-w64-i686-arm-none-eabi\arm-gnu-toolchain-12.2.rel1-mingw-w64-i686-arm-none-eabi\lib\gcc\arm-none-eabi\12.2.1\thumb\v6-m\nofp\libc_nano.a(libc_a-freer.o)
__malloc_lock                                     C:\elec291_new\arm-gnu-toolchain-12.2.rel1-mingw-w64-i686-arm-none-eabi\arm-gnu-toolchain-12.2.rel1-mingw-w64-i686-arm-none-eabi\lib\gcc\arm-none-eabi\12.2.1\thumb\v6-m\nofp\libc_nano.a(libc_a-mlock.o)
                                                  C:\elec291_new\arm-gnu-toolchain-12.2.rel1-mingw-w64-i686-arm-none-eabi\arm-gnu-toolchain-12.2.rel1-mingw-w64-i686-arm-none-eabi\lib\gcc\arm-none-eabi\12.2.1\thumb\v6-m\nofp\libc_nano.a(libc_a-mallocr.o)
                                                  C:\elec291_new\arm-gnu-toolchain-12.2.rel1-mingw-w64-i686-arm-none-eabi\arm-gnu-toolchain-12.2.rel1-mingw-w64-i686-arm-none-eabi\lib\gcc\arm-none-eabi\12.2.1\thumb\v6-m\nofp\libc_nano.a(libc_a-freer.o)
__malloc_sbrk_start                               C:\elec291_new\arm-gnu-toolchain-12.2.rel1-mingw-w64-i686-arm-none-eabi\arm-gnu-toolchain-12.2.rel1-mingw-w64-i686-arm-none-eabi\lib\gcc\arm-none-eabi\12.2.1\thumb\v6-m\nofp\libc_nano.a(libc_a-mallocr.o)
__malloc_unlock                                   C:\elec291_new\arm-gnu-toolchain-12.2.rel1-mingw-w64-i686-arm-none-eabi\arm-gnu-toolchain-12.2.rel1-mingw-w64-i686-arm-none-eabi\lib\gcc\arm-none-eabi\12.2.1\thumb\v6-m\nofp\libc_nano.a(libc_a-mlock.o)
                                                  C:\elec291_new\arm-gnu-toolchain-12.2.rel1-mingw-w64-i686-arm-none-eabi\arm-gnu-toolchain-12.2.rel1-mingw-w64-i686-arm-none-eabi\lib\gcc\arm-none-eabi\12.2.1\thumb\v6-m\nofp\libc_nano.a(libc_a-mallocr.o)
                                                  C:\elec291_new\arm-gnu-toolchain-12.2.rel1-mingw-w64-i686-arm-none-eabi\arm-gnu-toolchain-12.2.rel1-mingw-w64-i686-arm-none-eabi\lib\gcc\arm-none-eabi\12.2.1\thumb\v6-m\nofp\libc_nano.a(libc_a-freer.o)
__retarget_lock_acquire                           C:\elec291_new\arm-gnu-toolchain-12.2.rel1-mingw-w64-i686-arm-none-eabi\arm-gnu-toolchain-12.2.rel1-mingw-w64-i686-arm-none-eabi\lib\gcc\arm-none-eabi\12.2.1\thumb\v6-m\nofp\libc_nano.a(libc_a-lock.o)
__retarget_lock_acquire_recursive                 C:\elec291_new\arm-gnu-toolchain-12.2.rel1-mingw-w64-i686-arm-none-eabi\arm-gnu-toolchain-12.2.rel1-mingw-w64-i686-arm-none-eabi\lib\gcc\arm-none-eabi\12.2.1\thumb\v6-m\nofp\libc_nano.a(libc_a-lock.o)
                                                  C:\elec291_new\arm-gnu-toolchain-12.2.rel1-mingw-w64-i686-arm-none-eabi\arm-gnu-toolchain-12.2.rel1-mingw-w64-i686-arm-none-eabi\lib\gcc\arm-none-eabi\12.2.1\thumb\v6-m\nofp\libc_nano.a(libc_a-fflush.o)
                                                  C:\elec291_new\arm-gnu-toolchain-12.2.rel1-mingw-w64-i686-arm-none-eabi\arm-gnu-toolchain-12.2.rel1-mingw-w64-i686-arm-none-eabi\lib\gcc\arm-none-eabi\12.2.1\thumb\v6-m\nofp\libc_nano.a(libc_a-mlock.o)
                                                  C:\elec291_new\arm-gnu-toolchain-12.2.rel1-mingw-w64-i686-arm-none-eabi\arm-gnu-toolchain-12.2.rel1-mingw-w64-i686-arm-none-eabi\lib\gcc\arm-none-eabi\12.2.1\thumb\v6-m\nofp\libc_nano.a(libc_a-findfp.o)
                                                  C:\elec291_new\arm-gnu-toolchain-12.2.rel1-mingw-w64-i686-arm-none-eabi\arm-gnu-toolchain-12.2.rel1-mingw-w64-i686-arm-none-eabi\lib\gcc\arm-none-eabi\12.2.1\thumb\v6-m\nofp\libc_nano.a(libc_a-nano-vfprintf.o)
__retarget_lock_close                             C:\elec291_new\arm-gnu-toolchain-12.2.rel1-mingw-w64-i686-arm-none-eabi\arm-gnu-toolchain-12.2.rel1-mingw-w64-i686-arm-none-eabi\lib\gcc\arm-none-eabi\12.2.1\thumb\v6-m\nofp\libc_nano.a(libc_a-lock.o)
__retarget_lock_close_recursive                   C:\elec291_new\arm-gnu-toolchain-12.2.rel1-mingw-w64-i686-arm-none-eabi\arm-gnu-toolchain-12.2.rel1-mingw-w64-i686-arm-none-eabi\lib\gcc\arm-none-eabi\12.2.1\thumb\v6-m\nofp\libc_nano.a(libc_a-lock.o)
__retarget_lock_init                              C:\elec291_new\arm-gnu-toolchain-12.2.rel1-mingw-w64-i686-arm-none-eabi\arm-gnu-toolchain-12.2.rel1-mingw-w64-i686-arm-none-eabi\lib\gcc\arm-none-eabi\12.2.1\thumb\v6-m\nofp\libc_nano.a(libc_a-lock.o)
__retarget_lock_init_recursive                    C:\elec291_new\arm-gnu-toolchain-12.2.rel1-mingw-w64-i686-arm-none-eabi\arm-gnu-toolchain-12.2.rel1-mingw-w64-i686-arm-none-eabi\lib\gcc\arm-none-eabi\12.2.1\thumb\v6-m\nofp\libc_nano.a(libc_a-lock.o)
                                                  C:\elec291_new\arm-gnu-toolchain-12.2.rel1-mingw-w64-i686-arm-none-eabi\arm-gnu-toolchain-12.2.rel1-mingw-w64-i686-arm-none-eabi\lib\gcc\arm-none-eabi\12.2.1\thumb\v6-m\nofp\libc_nano.a(libc_a-findfp.o)
__retarget_lock_release                           C:\elec291_new\arm-gnu-toolchain-12.2.rel1-mingw-w64-i686-arm-none-eabi\arm-gnu-toolchain-12.2.rel1-mingw-w64-i686-arm-none-eabi\lib\gcc\arm-none-eabi\12.2.1\thumb\v6-m\nofp\libc_nano.a(libc_a-lock.o)